../Core/Src/Lcd/lcd_io_spi.c:476:13:LcdWrite8	16	static
../Core/Src/Lcd/lcd_io_spi.c:485:16:LcdRead8	16	static
../Core/Src/Lcd/lcd_io_spi.c:495:13:LcdCmdWrite8	16	static
../Core/Src/Lcd/lcd_io_spi.c:506:13:LcdWrite16	16	static
../Core/Src/Lcd/lcd_io_spi.c:515:17:LcdRead16	16	static
../Core/Src/Lcd/lcd_io_spi.c:525:13:LcdCmdWrite16	16	static
../Core/Src/Lcd/lcd_io_spi.c:587:6:LCD_IO_WriteMultiData8	24	static
../Core/Src/Lcd/lcd_io_spi.c:599:6:LCD_IO_WriteMultiData16	24	static
../Core/Src/Lcd/lcd_io_spi.c:991:6:LCD_IO_Delay	16	static
../Core/Src/Lcd/lcd_io_spi.c:1004:6:LCD_Delay	16	static
../Core/Src/Lcd/lcd_io_spi.c:1010:6:LCD_IO_Bl_OnOff	16	static
../Core/Src/Lcd/lcd_io_spi.c:1021:6:LCD_IO_Init	8	static
../Core/Src/Lcd/lcd_io_spi.c:1160:6:LCD_IO_WriteCmd8	16	static
../Core/Src/Lcd/lcd_io_spi.c:1170:6:LCD_IO_WriteCmd16	16	static
../Core/Src/Lcd/lcd_io_spi.c:1180:6:LCD_IO_WriteData8	16	static
../Core/Src/Lcd/lcd_io_spi.c:1190:6:LCD_IO_WriteData16	16	static
../Core/Src/Lcd/lcd_io_spi.c:1200:6:LCD_IO_WriteCmd8DataFill16	16	static
../Core/Src/Lcd/lcd_io_spi.c:1211:6:LCD_IO_WriteCmd8MultipleData8	24	static
../Core/Src/Lcd/lcd_io_spi.c:1221:6:LCD_IO_WriteCmd8MultipleData16	24	static
../Core/Src/Lcd/lcd_io_spi.c:1232:6:LCD_IO_WriteCmd16DataFill16	16	static
../Core/Src/Lcd/lcd_io_spi.c:1242:6:LCD_IO_WriteCmd16MultipleData8	24	static
../Core/Src/Lcd/lcd_io_spi.c:1253:6:LCD_IO_WriteCmd16MultipleData16	24	static
../Core/Src/Lcd/lcd_io_spi.c:1263:13:LCD_IO_ReadCmd8MultipleData8	24	static
../Core/Src/Lcd/lcd_io_spi.c:1264:13:LCD_IO_ReadCmd8MultipleData16	24	static
../Core/Src/Lcd/lcd_io_spi.c:1265:13:LCD_IO_ReadCmd8MultipleData24to16	24	static
../Core/Src/Lcd/lcd_io_spi.c:1266:13:LCD_IO_ReadCmd16MultipleData8	24	static
../Core/Src/Lcd/lcd_io_spi.c:1267:13:LCD_IO_ReadCmd16MultipleData16	24	static
../Core/Src/Lcd/lcd_io_spi.c:1268:13:LCD_IO_ReadCmd16MultipleData24to16	24	static
