../Core/Src/Lcd/stm32_adafruit_lcd.c:128:9:BSP_LCD_Init	16	static
../Core/Src/Lcd/stm32_adafruit_lcd.c:155:10:BSP_LCD_GetXSize	8	static
../Core/Src/Lcd/stm32_adafruit_lcd.c:165:10:BSP_LCD_GetYSize	8	static
../Core/Src/Lcd/stm32_adafruit_lcd.c:175:10:BSP_LCD_GetTextColor	4	static
../Core/Src/Lcd/stm32_adafruit_lcd.c:185:10:BSP_LCD_GetBackColor	4	static
../Core/Src/Lcd/stm32_adafruit_lcd.c:195:6:BSP_LCD_SetTextColor	16	static
../Core/Src/Lcd/stm32_adafruit_lcd.c:205:6:BSP_LCD_SetBackColor	16	static
../Core/Src/Lcd/stm32_adafruit_lcd.c:217:6:BSP_LCD_SetFont	16	static
../Core/Src/Lcd/stm32_adafruit_lcd.c:227:8:BSP_LCD_GetFont	4	static
../Core/Src/Lcd/stm32_adafruit_lcd.c:237:6:BSP_LCD_Clear	32	static
../Core/Src/Lcd/stm32_adafruit_lcd.c:251:6:BSP_LCD_ClearStringLine	32	static
../Core/Src/Lcd/stm32_adafruit_lcd.c:297:6:BSP_LCD_DisplayChar	16	static
../Core/Src/Lcd/stm32_adafruit_lcd.c:315:6:BSP_LCD_DisplayStringAt	48	static
../Core/Src/Lcd/stm32_adafruit_lcd.c:385:6:BSP_LCD_DisplayStringAtLine	16	static
../Core/Src/Lcd/stm32_adafruit_lcd.c:397:6:BSP_LCD_DrawPixel	16	static
../Core/Src/Lcd/stm32_adafruit_lcd.c:412:6:BSP_LCD_DrawHLine	32	static
../Core/Src/Lcd/stm32_adafruit_lcd.c:436:6:BSP_LCD_DrawVLine	32	static
../Core/Src/Lcd/stm32_adafruit_lcd.c:461:6:BSP_LCD_DrawLine	56	static
../Core/Src/Lcd/stm32_adafruit_lcd.c:536:6:BSP_LCD_DrawRect	24	static
../Core/Src/Lcd/stm32_adafruit_lcd.c:554:6:BSP_LCD_DrawCircle	32	static
../Core/Src/Lcd/stm32_adafruit_lcd.c:594:6:BSP_LCD_DrawPolygon	32	static
../Core/Src/Lcd/stm32_adafruit_lcd.c:622:6:BSP_LCD_DrawEllipse	56	static
../Core/Src/Lcd/stm32_adafruit_lcd.c:655:6:BSP_LCD_DrawBitmap	32	static
../Core/Src/Lcd/stm32_adafruit_lcd.c:683:6:BSP_LCD_FillRect	32	static
../Core/Src/Lcd/stm32_adafruit_lcd.c:695:6:BSP_LCD_FillCircle	32	static
../Core/Src/Lcd/stm32_adafruit_lcd.c:742:6:BSP_LCD_FillPolygon	64	static
../Core/Src/Lcd/stm32_adafruit_lcd.c:810:6:BSP_LCD_FillEllipse	56	static
../Core/Src/Lcd/stm32_adafruit_lcd.c:841:6:BSP_LCD_DisplayOn	8	static
../Core/Src/Lcd/stm32_adafruit_lcd.c:851:6:BSP_LCD_DisplayOff	8	static
../Core/Src/Lcd/stm32_adafruit_lcd.c:868:7:DrawChar	248	static
../Core/Src/Lcd/stm32_adafruit_lcd.c:962:6:BSP_LCD_FillTriangle	72	static
../Core/Src/Lcd/stm32_adafruit_lcd.c:1051:13:SetDisplayWindow	24	static
../Core/Src/Lcd/stm32_adafruit_lcd.c:1064:10:BSP_LCD_ReadID	8	static
../Core/Src/Lcd/stm32_adafruit_lcd.c:1078:10:BSP_LCD_ReadPixel	16	static
../Core/Src/Lcd/stm32_adafruit_lcd.c:1095:6:BSP_LCD_DrawRGB16Image	32	static
../Core/Src/Lcd/stm32_adafruit_lcd.c:1109:6:BSP_LCD_ReadRGB16Image	32	static
../Core/Src/Lcd/stm32_adafruit_lcd.c:1121:6:BSP_LCD_Scroll	16	static
