Archive member included to satisfy reference by file (symbol)

D:/ALX/PROGRAMMS Cube IDE/STM32CubeIDE_1.19.0/STM32CubeIDE/plugins/com.st.stm32cube.ide.mcu.externaltools.gnu-tools-for-stm32.13.3.rel1.win32_1.0.0.202411081344/tools/bin/../lib/gcc/arm-none-eabi/13.3.1/../../../../arm-none-eabi/lib/thumb/v7-m/nofp\libc_nano.a(libc_a-exit.o)
                              D:/ALX/PROGRAMMS Cube IDE/STM32CubeIDE_1.19.0/STM32CubeIDE/plugins/com.st.stm32cube.ide.mcu.externaltools.gnu-tools-for-stm32.13.3.rel1.win32_1.0.0.202411081344/tools/bin/../lib/gcc/arm-none-eabi/13.3.1/../../../../arm-none-eabi/lib/thumb/v7-m/nofp/crt0.o (exit)
D:/ALX/PROGRAMMS Cube IDE/STM32CubeIDE_1.19.0/STM32CubeIDE/plugins/com.st.stm32cube.ide.mcu.externaltools.gnu-tools-for-stm32.13.3.rel1.win32_1.0.0.202411081344/tools/bin/../lib/gcc/arm-none-eabi/13.3.1/../../../../arm-none-eabi/lib/thumb/v7-m/nofp\libc_nano.a(libc_a-random.o)
                              ./Core/Src/App/LcdSpeedTest/appLcdSpeedTest.o (random)
D:/ALX/PROGRAMMS Cube IDE/STM32CubeIDE_1.19.0/STM32CubeIDE/plugins/com.st.stm32cube.ide.mcu.externaltools.gnu-tools-for-stm32.13.3.rel1.win32_1.0.0.202411081344/tools/bin/../lib/gcc/arm-none-eabi/13.3.1/../../../../arm-none-eabi/lib/thumb/v7-m/nofp\libc_nano.a(libc_a-findfp.o)
                              D:/ALX/PROGRAMMS Cube IDE/STM32CubeIDE_1.19.0/STM32CubeIDE/plugins/com.st.stm32cube.ide.mcu.externaltools.gnu-tools-for-stm32.13.3.rel1.win32_1.0.0.202411081344/tools/bin/../lib/gcc/arm-none-eabi/13.3.1/../../../../arm-none-eabi/lib/thumb/v7-m/nofp\libc_nano.a(libc_a-exit.o) (__stdio_exit_handler)
D:/ALX/PROGRAMMS Cube IDE/STM32CubeIDE_1.19.0/STM32CubeIDE/plugins/com.st.stm32cube.ide.mcu.externaltools.gnu-tools-for-stm32.13.3.rel1.win32_1.0.0.202411081344/tools/bin/../lib/gcc/arm-none-eabi/13.3.1/../../../../arm-none-eabi/lib/thumb/v7-m/nofp\libc_nano.a(libc_a-fwalk.o)
                              D:/ALX/PROGRAMMS Cube IDE/STM32CubeIDE_1.19.0/STM32CubeIDE/plugins/com.st.stm32cube.ide.mcu.externaltools.gnu-tools-for-stm32.13.3.rel1.win32_1.0.0.202411081344/tools/bin/../lib/gcc/arm-none-eabi/13.3.1/../../../../arm-none-eabi/lib/thumb/v7-m/nofp\libc_nano.a(libc_a-findfp.o) (_fwalk_sglue)
D:/ALX/PROGRAMMS Cube IDE/STM32CubeIDE_1.19.0/STM32CubeIDE/plugins/com.st.stm32cube.ide.mcu.externaltools.gnu-tools-for-stm32.13.3.rel1.win32_1.0.0.202411081344/tools/bin/../lib/gcc/arm-none-eabi/13.3.1/../../../../arm-none-eabi/lib/thumb/v7-m/nofp\libc_nano.a(libc_a-printf.o)
                              ./Core/Src/App/LcdSpeedTest/appLcdSpeedTest.o (printf)
D:/ALX/PROGRAMMS Cube IDE/STM32CubeIDE_1.19.0/STM32CubeIDE/plugins/com.st.stm32cube.ide.mcu.externaltools.gnu-tools-for-stm32.13.3.rel1.win32_1.0.0.202411081344/tools/bin/../lib/gcc/arm-none-eabi/13.3.1/../../../../arm-none-eabi/lib/thumb/v7-m/nofp\libc_nano.a(libc_a-puts.o)
                              ./Core/Src/App/LcdSpeedTest/appLcdSpeedTest.o (puts)
D:/ALX/PROGRAMMS Cube IDE/STM32CubeIDE_1.19.0/STM32CubeIDE/plugins/com.st.stm32cube.ide.mcu.externaltools.gnu-tools-for-stm32.13.3.rel1.win32_1.0.0.202411081344/tools/bin/../lib/gcc/arm-none-eabi/13.3.1/../../../../arm-none-eabi/lib/thumb/v7-m/nofp\libc_nano.a(libc_a-stdio.o)
                              D:/ALX/PROGRAMMS Cube IDE/STM32CubeIDE_1.19.0/STM32CubeIDE/plugins/com.st.stm32cube.ide.mcu.externaltools.gnu-tools-for-stm32.13.3.rel1.win32_1.0.0.202411081344/tools/bin/../lib/gcc/arm-none-eabi/13.3.1/../../../../arm-none-eabi/lib/thumb/v7-m/nofp\libc_nano.a(libc_a-findfp.o) (__sread)
D:/ALX/PROGRAMMS Cube IDE/STM32CubeIDE_1.19.0/STM32CubeIDE/plugins/com.st.stm32cube.ide.mcu.externaltools.gnu-tools-for-stm32.13.3.rel1.win32_1.0.0.202411081344/tools/bin/../lib/gcc/arm-none-eabi/13.3.1/../../../../arm-none-eabi/lib/thumb/v7-m/nofp\libc_nano.a(libc_a-wbuf.o)
                              D:/ALX/PROGRAMMS Cube IDE/STM32CubeIDE_1.19.0/STM32CubeIDE/plugins/com.st.stm32cube.ide.mcu.externaltools.gnu-tools-for-stm32.13.3.rel1.win32_1.0.0.202411081344/tools/bin/../lib/gcc/arm-none-eabi/13.3.1/../../../../arm-none-eabi/lib/thumb/v7-m/nofp\libc_nano.a(libc_a-puts.o) (__swbuf_r)
D:/ALX/PROGRAMMS Cube IDE/STM32CubeIDE_1.19.0/STM32CubeIDE/plugins/com.st.stm32cube.ide.mcu.externaltools.gnu-tools-for-stm32.13.3.rel1.win32_1.0.0.202411081344/tools/bin/../lib/gcc/arm-none-eabi/13.3.1/../../../../arm-none-eabi/lib/thumb/v7-m/nofp\libc_nano.a(libc_a-wsetup.o)
                              D:/ALX/PROGRAMMS Cube IDE/STM32CubeIDE_1.19.0/STM32CubeIDE/plugins/com.st.stm32cube.ide.mcu.externaltools.gnu-tools-for-stm32.13.3.rel1.win32_1.0.0.202411081344/tools/bin/../lib/gcc/arm-none-eabi/13.3.1/../../../../arm-none-eabi/lib/thumb/v7-m/nofp\libc_nano.a(libc_a-puts.o) (__swsetup_r)
D:/ALX/PROGRAMMS Cube IDE/STM32CubeIDE_1.19.0/STM32CubeIDE/plugins/com.st.stm32cube.ide.mcu.externaltools.gnu-tools-for-stm32.13.3.rel1.win32_1.0.0.202411081344/tools/bin/../lib/gcc/arm-none-eabi/13.3.1/../../../../arm-none-eabi/lib/thumb/v7-m/nofp\libc_nano.a(libc_a-memset.o)
[...]
Memory Configuration

Name             Origin             Length             Attributes
RAM              0x20000000         0x00005000         xrw
FLASH            0x08000000         0x00010000         xr
*default*        0x00000000         0xffffffff

Linker script and memory map

LOAD D:/ALX/PROGRAMMS Cube IDE/STM32CubeIDE_1.19.0/STM32CubeIDE/plugins/com.st.stm32cube.ide.mcu.externaltools.gnu-tools-for-stm32.13.3.rel1.win32_1.0.0.202411081344/tools/bin/../lib/gcc/arm-none-eabi/13.3.1/thumb/v7-m/nofp/crti.o
LOAD D:/ALX/PROGRAMMS Cube IDE/STM32CubeIDE_1.19.0/STM32CubeIDE/plugins/com.st.stm32cube.ide.mcu.externaltools.gnu-tools-for-stm32.13.3.rel1.win32_1.0.0.202411081344/tools/bin/../lib/gcc/arm-none-eabi/13.3.1/thumb/v7-m/nofp/crtbegin.o
LOAD D:/ALX/PROGRAMMS Cube IDE/STM32CubeIDE_1.19.0/STM32CubeIDE/plugins/com.st.stm32cube.ide.mcu.externaltools.gnu-tools-for-stm32.13.3.rel1.win32_1.0.0.202411081344/tools/bin/../lib/gcc/arm-none-eabi/13.3.1/../../../../arm-none-eabi/lib/thumb/v7-m/nofp/crt0.o
LOAD ./Core/Src/App/LcdSpeedTest/appLcdSpeedTest.o
LOAD ./Core/Src/App/LcdSpeedTest/beer_60x100_16.o
LOAD ./Core/Src/Lcd/Fonts/Font+BIG.o
LOAD ./Core/Src/Lcd/Fonts/Font_FUll.o
LOAD ./Core/Src/Lcd/Fonts/Font_PROB.o
LOAD ./Core/Src/Lcd/Fonts/MY_FONT.o
LOAD ./Core/Src/Lcd/Fonts/font12.o
LOAD ./Core/Src/Lcd/Fonts/font12_MY.o
LOAD ./Core/Src/Lcd/Fonts/font16.o
LOAD ./Core/Src/Lcd/Fonts/font20.o
LOAD ./Core/Src/Lcd/Fonts/font24.o
LOAD ./Core/Src/Lcd/Fonts/font8.o
LOAD ./Core/Src/Lcd/Fonts/font_MY.o
LOAD ./Core/Src/Lcd/Fonts/font_MY_BIG.o
LOAD ./Core/Src/Lcd/ili9488.o
LOAD ./Core/Src/Lcd/lcd_io_spi.o
LOAD ./Core/Src/Lcd/stm32_adafruit_lcd.o
LOAD ./Core/Src/gpio.o
LOAD ./Core/Src/main.o
LOAD ./Core/Src/stm32f1xx_hal_msp.o
LOAD ./Core/Src/stm32f1xx_it.o
LOAD ./Core/Src/syscalls.o
LOAD ./Core/Src/sysmem.o
LOAD ./Core/Src/system_stm32f1xx.o
LOAD ./Core/Src/tim.o
LOAD ./Core/Startup/startup_stm32f103c8tx.o
LOAD ./Drivers/STM32F1xx_HAL_Driver/Src/stm32f1xx_hal.o
LOAD ./Drivers/STM32F1xx_HAL_Driver/Src/stm32f1xx_hal_cortex.o
LOAD ./Drivers/STM32F1xx_HAL_Driver/Src/stm32f1xx_hal_dma.o
LOAD ./Drivers/STM32F1xx_HAL_Driver/Src/stm32f1xx_hal_exti.o
LOAD ./Drivers/STM32F1xx_HAL_Driver/Src/stm32f1xx_hal_flash.o
LOAD ./Drivers/STM32F1xx_HAL_Driver/Src/stm32f1xx_hal_flash_ex.o
LOAD ./Drivers/STM32F1xx_HAL_Driver/Src/stm32f1xx_hal_gpio.o
LOAD ./Drivers/STM32F1xx_HAL_Driver/Src/stm32f1xx_hal_gpio_ex.o
LOAD ./Drivers/STM32F1xx_HAL_Driver/Src/stm32f1xx_hal_pwr.o
LOAD ./Drivers/STM32F1xx_HAL_Driver/Src/stm32f1xx_hal_rcc.o
LOAD ./Drivers/STM32F1xx_HAL_Driver/Src/stm32f1xx_hal_rcc_ex.o
LOAD ./Drivers/STM32F1xx_HAL_Driver/Src/stm32f1xx_hal_tim.o
LOAD ./Drivers/STM32F1xx_HAL_Driver/Src/stm32f1xx_hal_tim_ex.o
START GROUP
LOAD D:/ALX/PROGRAMMS Cube IDE/STM32CubeIDE_1.19.0/STM32CubeIDE/plugins/com.st.stm32cube.ide.mcu.externaltools.gnu-tools-for-stm32.13.3.rel1.win32_1.0.0.202411081344/tools/bin/../lib/gcc/arm-none-eabi/13.3.1/../../../../arm-none-eabi/lib/thumb/v7-m/nofp\libc_nano.a
LOAD D:/ALX/PROGRAMMS Cube IDE/STM32CubeIDE_1.19.0/STM32CubeIDE/plugins/com.st.stm32cube.ide.mcu.externaltools.gnu-tools-for-stm32.13.3.rel1.win32_1.0.0.202411081344/tools/bin/../lib/gcc/arm-none-eabi/13.3.1/../../../../arm-none-eabi/lib/thumb/v7-m/nofp\libm.a
END GROUP
START GROUP
LOAD D:/ALX/PROGRAMMS Cube IDE/STM32CubeIDE_1.19.0/STM32CubeIDE/plugins/com.st.stm32cube.ide.mcu.externaltools.gnu-tools-for-stm32.13.3.rel1.win32_1.0.0.202411081344/tools/bin/../lib/gcc/arm-none-eabi/13.3.1/thumb/v7-m/nofp\libgcc.a
LOAD D:/ALX/PROGRAMMS Cube IDE/STM32CubeIDE_1.19.0/STM32CubeIDE/plugins/com.st.stm32cube.ide.mcu.externaltools.gnu-tools-for-stm32.13.3.rel1.win32_1.0.0.202411081344/tools/bin/../lib/gcc/arm-none-eabi/13.3.1/../../../../arm-none-eabi/lib/thumb/v7-m/nofp\libc_nano.a
END GROUP
START GROUP
LOAD D:/ALX/PROGRAMMS Cube IDE/STM32CubeIDE_1.19.0/STM32CubeIDE/plugins/com.st.stm32cube.ide.mcu.externaltools.gnu-tools-for-stm32.13.3.rel1.win32_1.0.0.202411081344/tools/bin/../lib/gcc/arm-none-eabi/13.3.1/thumb/v7-m/nofp\libgcc.a
LOAD D:/ALX/PROGRAMMS Cube IDE/STM32CubeIDE_1.19.0/STM32CubeIDE/plugins/com.st.stm32cube.ide.mcu.externaltools.gnu-tools-for-stm32.13.3.rel1.win32_1.0.0.202411081344/tools/bin/../lib/gcc/arm-none-eabi/13.3.1/../../../../arm-none-eabi/lib/thumb/v7-m/nofp\libc_nano.a
LOAD D:/ALX/PROGRAMMS Cube IDE/STM32CubeIDE_1.19.0/STM32CubeIDE/plugins/com.st.stm32cube.ide.mcu.externaltools.gnu-tools-for-stm32.13.3.rel1.win32_1.0.0.202411081344/tools/bin/../lib/gcc/arm-none-eabi/13.3.1/../../../../arm-none-eabi/lib/thumb/v7-m/nofp\libnosys.a
END GROUP
START GROUP
LOAD D:/ALX/PROGRAMMS Cube IDE/STM32CubeIDE_1.19.0/STM32CubeIDE/plugins/com.st.stm32cube.ide.mcu.externaltools.gnu-tools-for-stm32.13.3.rel1.win32_1.0.0.202411081344/tools/bin/../lib/gcc/arm-none-eabi/13.3.1/thumb/v7-m/nofp\libgcc.a
LOAD D:/ALX/PROGRAMMS Cube IDE/STM32CubeIDE_1.19.0/STM32CubeIDE/plugins/com.st.stm32cube.ide.mcu.externaltools.gnu-tools-for-stm32.13.3.rel1.win32_1.0.0.202411081344/tools/bin/../lib/gcc/arm-none-eabi/13.3.1/../../../../arm-none-eabi/lib/thumb/v7-m/nofp\libc_nano.a
LOAD D:/ALX/PROGRAMMS Cube IDE/STM32CubeIDE_1.19.0/STM32CubeIDE/plugins/com.st.stm32cube.ide.mcu.externaltools.gnu-tools-for-stm32.13.3.rel1.win32_1.0.0.202411081344/tools/bin/../lib/gcc/arm-none-eabi/13.3.1/../../../../arm-none-eabi/lib/thumb/v7-m/nofp\libnosys.a
END GROUP
LOAD D:/ALX/PROGRAMMS Cube IDE/STM32CubeIDE_1.19.0/STM32CubeIDE/plugins/com.st.stm32cube.ide.mcu.externaltools.gnu-tools-for-stm32.13.3.rel1.win32_1.0.0.202411081344/tools/bin/../lib/gcc/arm-none-eabi/13.3.1/thumb/v7-m/nofp/crtend.o
LOAD D:/ALX/PROGRAMMS Cube IDE/STM32CubeIDE_1.19.0/STM32CubeIDE/plugins/com.st.stm32cube.ide.mcu.externaltools.gnu-tools-for-stm32.13.3.rel1.win32_1.0.0.202411081344/tools/bin/../lib/gcc/arm-none-eabi/13.3.1/thumb/v7-m/nofp/crtn.o
                0x20005000                        _estack = (ORIGIN (RAM) + LENGTH (RAM))
                0x00000200                        _Min_Heap_Size = 0x200
                0x00000800                        _Min_Stack_Size = 0x800

.isr_vector     0x08000000      0x10c
                0x08000000                        . = ALIGN (0x4)
 *(.isr_vector)
 .isr_vector    0x08000000      0x10c ./Core/Startup/startup_stm32f103c8tx.o
                0x08000000                g_pfnVectors
                0x0800010c                        . = ALIGN (0x4)

.text           0x0800010c     0x33dc
                0x0800010c                        . = ALIGN (0x4)
 *(.text)
 .text          0x0800010c       0x40 D:/ALX/PROGRAMMS Cube IDE/STM32CubeIDE_1.19.0/STM32CubeIDE/plugins/com.st.stm32cube.ide.mcu.externaltools.gnu-tools-for-stm32.13.3.rel1.win32_1.0.0.202411081344/tools/bin/../lib/gcc/arm-none-eabi/13.3.1/thumb/v7-m/nofp/crtbegin.o
 *(.text*)
 .text.ili9488_Init
                0x0800014c      0x134 ./Core/Src/Lcd/ili9488.o
                0x0800014c                ili9488_Init
 .text.ili9488_DisplayOn
                0x08000280       0x14 ./Core/Src/Lcd/ili9488.o
                0x08000280                ili9488_DisplayOn
 .text.ili9488_DisplayOff
                0x08000294       0x14 ./Core/Src/Lcd/ili9488.o
                0x08000294                ili9488_DisplayOff
 .text.ili9488_GetLcdPixelWidth
                0x080002a8       0x10 ./Core/Src/Lcd/ili9488.o
                0x080002a8                ili9488_GetLcdPixelWidth
 .text.ili9488_GetLcdPixelHeight
                0x080002b8       0x10 ./Core/Src/Lcd/ili9488.o
                0x080002b8                ili9488_GetLcdPixelHeight
 .text.ili9488_ReadID
                0x080002c8       0x48 ./Core/Src/Lcd/ili9488.o
                0x080002c8                ili9488_ReadID
 .text.ili9488_SetCursor
                0x08000310       0x84 ./Core/Src/Lcd/ili9488.o
                0x08000310                ili9488_SetCursor
 .text.ili9488_write16to24
                0x08000394       0x44 ./Core/Src/Lcd/ili9488.o
                0x08000394                ili9488_write16to24
 .text.ili9488_WritePixel
                0x080003d8       0x94 ./Core/Src/Lcd/ili9488.o
                0x080003d8                ili9488_WritePixel
 .text.ili9488_ReadPixel
                0x0800046c       0x94 ./Core/Src/Lcd/ili9488.o
                0x0800046c                ili9488_ReadPixel
 .text.ili9488_SetDisplayWindow
                0x08000500       0xd0 ./Core/Src/Lcd/ili9488.o
                0x08000500                ili9488_SetDisplayWindow
 .text.ili9488_DrawHLine
                0x080005d0       0x36 ./Core/Src/Lcd/ili9488.o
                0x080005d0                ili9488_DrawHLine
 .text.ili9488_DrawVLine
                0x08000606       0x38 ./Core/Src/Lcd/ili9488.o
                0x08000606                ili9488_DrawVLine
 .text.ili9488_FillRect
                0x0800063e       0x58 ./Core/Src/Lcd/ili9488.o
                0x0800063e                ili9488_FillRect
 *fill*         0x08000696        0x2 
 .text.ili9488_DrawBitmap
                0x08000698      0x120 ./Core/Src/Lcd/ili9488.o
                0x08000698                ili9488_DrawBitmap
 .text.ili9488_DrawRGBImage
                0x080007b8       0x60 ./Core/Src/Lcd/ili9488.o
                0x080007b8                ili9488_DrawRGBImage
 .text.ili9488_ReadRGBImage
                0x08000818       0x4c ./Core/Src/Lcd/ili9488.o
                0x08000818                ili9488_ReadRGBImage
 .text.ili9488_Scroll
                0x08000864       0xc0 ./Core/Src/Lcd/ili9488.o
                0x08000864                ili9488_Scroll
 .text.LcdWrite8
                0x08000924       0x34 ./Core/Src/Lcd/lcd_io_spi.o
                0x08000924                LcdWrite8
 .text.LcdCmdWrite8
                0x08000958       0x40 ./Core/Src/Lcd/lcd_io_spi.o
                0x08000958                LcdCmdWrite8
 .text.LcdWrite16
                0x08000998       0x34 ./Core/Src/Lcd/lcd_io_spi.o
                0x08000998                LcdWrite16
 .text.LCD_IO_WriteMultiData8
                0x080009cc       0x40 ./Core/Src/Lcd/lcd_io_spi.o
                0x080009cc                LCD_IO_WriteMultiData8
 .text.LCD_IO_WriteMultiData16
                0x08000a0c       0x40 ./Core/Src/Lcd/lcd_io_spi.o
                0x08000a0c                LCD_IO_WriteMultiData16
 .text.LCD_IO_Delay
                0x08000a4c       0x20 ./Core/Src/Lcd/lcd_io_spi.o
                0x08000a4c                LCD_IO_Delay
 .text.LCD_Delay
                0x08000a6c       0x16 ./Core/Src/Lcd/lcd_io_spi.o
                0x08000a6c                LCD_Delay
 *fill*         0x08000a82        0x2 
 .text.LCD_IO_Bl_OnOff
                0x08000a84       0x2c ./Core/Src/Lcd/lcd_io_spi.o
                0x08000a84                LCD_IO_Bl_OnOff
 .text.LCD_IO_Init
                0x08000ab0       0xf0 ./Core/Src/Lcd/lcd_io_spi.o
                0x08000ab0                LCD_IO_Init
 .text.LCD_IO_WriteCmd8
                0x08000ba0       0x34 ./Core/Src/Lcd/lcd_io_spi.o
                0x08000ba0                LCD_IO_WriteCmd8
 .text.LCD_IO_WriteData8
                0x08000bd4       0x34 ./Core/Src/Lcd/lcd_io_spi.o
                0x08000bd4                LCD_IO_WriteData8
 .text.LCD_IO_WriteCmd8DataFill16
                0x08000c08       0x48 ./Core/Src/Lcd/lcd_io_spi.o
                0x08000c08                LCD_IO_WriteCmd8DataFill16
 .text.LCD_IO_WriteCmd8MultipleData8
                0x08000c50       0x3c ./Core/Src/Lcd/lcd_io_spi.o
                0x08000c50                LCD_IO_WriteCmd8MultipleData8
 .text.LCD_IO_WriteCmd8MultipleData16
                0x08000c8c       0x44 ./Core/Src/Lcd/lcd_io_spi.o
                0x08000c8c                LCD_IO_WriteCmd8MultipleData16
 .text.LCD_IO_ReadCmd8MultipleData8
                0x08000cd0       0x1a ./Core/Src/Lcd/lcd_io_spi.o
                0x08000cd0                LCD_IO_ReadCmd8MultipleData8
 .text.LCD_IO_ReadCmd8MultipleData24to16
                0x08000cea       0x1a ./Core/Src/Lcd/lcd_io_spi.o
                0x08000cea                LCD_IO_ReadCmd8MultipleData24to16
 .text.BSP_LCD_GetXSize
                0x08000d04       0x18 ./Core/Src/Lcd/stm32_adafruit_lcd.o
                0x08000d04                BSP_LCD_GetXSize
 .text.BSP_LCD_GetYSize
                0x08000d1c       0x18 ./Core/Src/Lcd/stm32_adafruit_lcd.o
                0x08000d1c                BSP_LCD_GetYSize
 .text.BSP_LCD_SetTextColor
                0x08000d34       0x20 ./Core/Src/Lcd/stm32_adafruit_lcd.o
                0x08000d34                BSP_LCD_SetTextColor
 .text.BSP_LCD_SetBackColor
                0x08000d54       0x20 ./Core/Src/Lcd/stm32_adafruit_lcd.o
                0x08000d54                BSP_LCD_SetBackColor
 .text.BSP_LCD_DisplayChar
                0x08000d74       0x5c ./Core/Src/Lcd/stm32_adafruit_lcd.o
                0x08000d74                BSP_LCD_DisplayChar
 .text.BSP_LCD_DisplayStringAt
                0x08000dd0      0x12c ./Core/Src/Lcd/stm32_adafruit_lcd.o
                0x08000dd0                BSP_LCD_DisplayStringAt
 .text.BSP_LCD_DrawBitmap
                0x08000efc       0xb4 ./Core/Src/Lcd/stm32_adafruit_lcd.o
                0x08000efc                BSP_LCD_DrawBitmap
 .text.DrawChar
                0x08000fb0      0x464 ./Core/Src/Lcd/stm32_adafruit_lcd.o
 .text.SetDisplayWindow
                0x08001414       0x44 ./Core/Src/Lcd/stm32_adafruit_lcd.o
 .text.MX_GPIO_Init
                0x08001458      0x118 ./Core/Src/gpio.o
                0x08001458                MX_GPIO_Init
 .text.main     0x08001570       0x7c ./Core/Src/main.o
                0x08001570                main
 .text.SystemClock_Config
                0x080015ec       0x8a ./Core/Src/main.o
                0x080015ec                SystemClock_Config
 .text.button_debounced
                0x08001676       0x24 ./Core/Src/main.o
                0x08001676                button_debounced
 *fill*         0x0800169a        0x2 
 .text.BSP_LCD_SetFont_MY
                0x0800169c       0x1c ./Core/Src/main.o
                0x0800169c                BSP_LCD_SetFont_MY
 .text.Error_Handler
                0x080016b8        0xc ./Core/Src/main.o
                0x080016b8                Error_Handler
 .text.HAL_MspInit
                0x080016c4       0x64 ./Core/Src/stm32f1xx_hal_msp.o
                0x080016c4                HAL_MspInit
 .text.NMI_Handler
                0x08001728        0x8 ./Core/Src/stm32f1xx_it.o
                0x08001728                NMI_Handler
 .text.HardFault_Handler
                0x08001730        0x8 ./Core/Src/stm32f1xx_it.o
                0x08001730                HardFault_Handler
 .text.MemManage_Handler
                0x08001738        0x8 ./Core/Src/stm32f1xx_it.o
                0x08001738                MemManage_Handler
 .text.BusFault_Handler
                0x08001740        0x8 ./Core/Src/stm32f1xx_it.o
                0x08001740                BusFault_Handler
 .text.UsageFault_Handler
                0x08001748        0x8 ./Core/Src/stm32f1xx_it.o
                0x08001748                UsageFault_Handler
 .text.SVC_Handler
                0x08001750        0xc ./Core/Src/stm32f1xx_it.o
                0x08001750                SVC_Handler
 .text.DebugMon_Handler
                0x0800175c        0xc ./Core/Src/stm32f1xx_it.o
                0x0800175c                DebugMon_Handler
 .text.PendSV_Handler
                0x08001768        0xc ./Core/Src/stm32f1xx_it.o
                0x08001768                PendSV_Handler
 .text.SysTick_Handler
                0x08001774        0xc ./Core/Src/stm32f1xx_it.o
                0x08001774                SysTick_Handler
 .text.EXTI0_IRQHandler
                0x08001780       0x50 ./Core/Src/stm32f1xx_it.o
                0x08001780                EXTI0_IRQHandler
 .text.EXTI1_IRQHandler
                0x080017d0       0x48 ./Core/Src/stm32f1xx_it.o
                0x080017d0                EXTI1_IRQHandler
 .text.EXTI2_IRQHandler
                0x08001818       0x44 ./Core/Src/stm32f1xx_it.o
                0x08001818                EXTI2_IRQHandler
 .text.EXTI3_IRQHandler
                0x0800185c       0x48 ./Core/Src/stm32f1xx_it.o
                0x0800185c                EXTI3_IRQHandler
 .text.EXTI4_IRQHandler
                0x080018a4       0x48 ./Core/Src/stm32f1xx_it.o
                0x080018a4                EXTI4_IRQHandler
 .text.EXTI9_5_IRQHandler
                0x080018ec      0x1d0 ./Core/Src/stm32f1xx_it.o
                0x080018ec                EXTI9_5_IRQHandler
 .text.EXTI15_10_IRQHandler
                0x08001abc      0x184 ./Core/Src/stm32f1xx_it.o
                0x08001abc                EXTI15_10_IRQHandler
 .text.SystemInit
                0x08001c40        0xc ./Core/Src/system_stm32f1xx.o
                0x08001c40                SystemInit
 .text.MX_TIM4_Init
                0x08001c4c       0xb4 ./Core/Src/tim.o
                0x08001c4c                MX_TIM4_Init
 .text.HAL_TIM_PWM_MspInit
                0x08001d00       0x3c ./Core/Src/tim.o
                0x08001d00                HAL_TIM_PWM_MspInit
 .text.HAL_TIM_MspPostInit
                0x08001d3c       0x68 ./Core/Src/tim.o
                0x08001d3c                HAL_TIM_MspPostInit
 .text.Reset_Handler
                0x08001da4       0x48 ./Core/Startup/startup_stm32f103c8tx.o
                0x08001da4                Reset_Handler
 .text.Default_Handler
                0x08001dec        0x2 ./Core/Startup/startup_stm32f103c8tx.o
                0x08001dec                RTC_Alarm_IRQHandler
                0x08001dec                TIM1_CC_IRQHandler
                0x08001dec                PVD_IRQHandler
                0x08001dec                I2C2_EV_IRQHandler
                0x08001dec                ADC1_2_IRQHandler
                0x08001dec                SPI1_IRQHandler
                0x08001dec                TAMPER_IRQHandler
                0x08001dec                DMA1_Channel4_IRQHandler
                0x08001dec                USART3_IRQHandler
                0x08001dec                RTC_IRQHandler
                0x08001dec                DMA1_Channel7_IRQHandler
                0x08001dec                CAN1_RX1_IRQHandler
                0x08001dec                TIM4_IRQHandler
                0x08001dec                I2C1_EV_IRQHandler
                0x08001dec                DMA1_Channel6_IRQHandler
                0x08001dec                TIM3_IRQHandler
                0x08001dec                RCC_IRQHandler
                0x08001dec                TIM1_TRG_COM_IRQHandler
                0x08001dec                DMA1_Channel1_IRQHandler
                0x08001dec                Default_Handler
                0x08001dec                SPI2_IRQHandler
                0x08001dec                DMA1_Channel5_IRQHandler
                0x08001dec                USB_LP_CAN1_RX0_IRQHandler
                0x08001dec                USB_HP_CAN1_TX_IRQHandler
                0x08001dec                DMA1_Channel3_IRQHandler
                0x08001dec                TIM1_UP_IRQHandler
                0x08001dec                WWDG_IRQHandler
                0x08001dec                TIM2_IRQHandler
                0x08001dec                TIM1_BRK_IRQHandler
                0x08001dec                USART2_IRQHandler
                0x08001dec                I2C2_ER_IRQHandler
                0x08001dec                DMA1_Channel2_IRQHandler
                0x08001dec                CAN1_SCE_IRQHandler
                0x08001dec                FLASH_IRQHandler
                0x08001dec                USART1_IRQHandler
                0x08001dec                I2C1_ER_IRQHandler
                0x08001dec                USBWakeUp_IRQHandler
 *fill*         0x08001dee        0x2 
 .text.HAL_Init
                0x08001df0       0x2c ./Drivers/STM32F1xx_HAL_Driver/Src/stm32f1xx_hal.o
                0x08001df0                HAL_Init
 .text.HAL_InitTick
                0x08001e1c       0x60 ./Drivers/STM32F1xx_HAL_Driver/Src/stm32f1xx_hal.o
                0x08001e1c                HAL_InitTick
 .text.HAL_IncTick
                0x08001e7c       0x24 ./Drivers/STM32F1xx_HAL_Driver/Src/stm32f1xx_hal.o
                0x08001e7c                HAL_IncTick
 .text.HAL_GetTick
                0x08001ea0       0x14 ./Drivers/STM32F1xx_HAL_Driver/Src/stm32f1xx_hal.o
                0x08001ea0                HAL_GetTick
 .text.HAL_Delay
                0x08001eb4       0x48 ./Drivers/STM32F1xx_HAL_Driver/Src/stm32f1xx_hal.o
                0x08001eb4                HAL_Delay
 .text.__NVIC_SetPriorityGrouping
                0x08001efc       0x48 ./Drivers/STM32F1xx_HAL_Driver/Src/stm32f1xx_hal_cortex.o
 .text.__NVIC_GetPriorityGrouping
                0x08001f44       0x1c ./Drivers/STM32F1xx_HAL_Driver/Src/stm32f1xx_hal_cortex.o
 .text.__NVIC_EnableIRQ
                0x08001f60       0x38 ./Drivers/STM32F1xx_HAL_Driver/Src/stm32f1xx_hal_cortex.o
 .text.__NVIC_SetPriority
                0x08001f98       0x54 ./Drivers/STM32F1xx_HAL_Driver/Src/stm32f1xx_hal_cortex.o
 .text.NVIC_EncodePriority
                0x08001fec       0x64 ./Drivers/STM32F1xx_HAL_Driver/Src/stm32f1xx_hal_cortex.o
 .text.SysTick_Config
                0x08002050       0x44 ./Drivers/STM32F1xx_HAL_Driver/Src/stm32f1xx_hal_cortex.o
 .text.HAL_NVIC_SetPriorityGrouping
                0x08002094       0x16 ./Drivers/STM32F1xx_HAL_Driver/Src/stm32f1xx_hal_cortex.o
                0x08002094                HAL_NVIC_SetPriorityGrouping
 .text.HAL_NVIC_SetPriority
                0x080020aa       0x38 ./Drivers/STM32F1xx_HAL_Driver/Src/stm32f1xx_hal_cortex.o
                0x080020aa                HAL_NVIC_SetPriority
 .text.HAL_NVIC_EnableIRQ
                0x080020e2       0x1c ./Drivers/STM32F1xx_HAL_Driver/Src/stm32f1xx_hal_cortex.o
                0x080020e2                HAL_NVIC_EnableIRQ
 .text.HAL_SYSTICK_Config
                0x080020fe       0x18 ./Drivers/STM32F1xx_HAL_Driver/Src/stm32f1xx_hal_cortex.o
                0x080020fe                HAL_SYSTICK_Config
 *fill*         0x08002116        0x2 
 .text.HAL_GPIO_Init
                0x08002118      0x308 ./Drivers/STM32F1xx_HAL_Driver/Src/stm32f1xx_hal_gpio.o
                0x08002118                HAL_GPIO_Init
 .text.HAL_GPIO_EXTI_IRQHandler
                0x08002420       0x30 ./Drivers/STM32F1xx_HAL_Driver/Src/stm32f1xx_hal_gpio.o
                0x08002420                HAL_GPIO_EXTI_IRQHandler
 .text.HAL_GPIO_EXTI_Callback
                0x08002450       0x14 ./Drivers/STM32F1xx_HAL_Driver/Src/stm32f1xx_hal_gpio.o
                0x08002450                HAL_GPIO_EXTI_Callback
 .text.HAL_RCC_OscConfig
                0x08002464      0x504 ./Drivers/STM32F1xx_HAL_Driver/Src/stm32f1xx_hal_rcc.o
                0x08002464                HAL_RCC_OscConfig
 .text.HAL_RCC_ClockConfig
                0x08002968      0x1d4 ./Drivers/STM32F1xx_HAL_Driver/Src/stm32f1xx_hal_rcc.o
                0x08002968                HAL_RCC_ClockConfig
 .text.HAL_RCC_GetSysClockFreq
                0x08002b3c       0xa8 ./Drivers/STM32F1xx_HAL_Driver/Src/stm32f1xx_hal_rcc.o
                0x08002b3c                HAL_RCC_GetSysClockFreq
 .text.RCC_Delay
                0x08002be4       0x3c ./Drivers/STM32F1xx_HAL_Driver/Src/stm32f1xx_hal_rcc.o
 .text.HAL_TIM_PWM_Init
                0x08002c20       0x9e ./Drivers/STM32F1xx_HAL_Driver/Src/stm32f1xx_hal_tim.o
                0x08002c20                HAL_TIM_PWM_Init
 *fill*         0x08002cbe        0x2 
 .text.HAL_TIM_PWM_Start
                0x08002cc0      0x144 ./Drivers/STM32F1xx_HAL_Driver/Src/stm32f1xx_hal_tim.o
                0x08002cc0                HAL_TIM_PWM_Start
 .text.HAL_TIM_PWM_ConfigChannel
                0x08002e04      0x184 ./Drivers/STM32F1xx_HAL_Driver/Src/stm32f1xx_hal_tim.o
                0x08002e04                HAL_TIM_PWM_ConfigChannel
 .text.TIM_Base_SetConfig
                0x08002f88       0xdc ./Drivers/STM32F1xx_HAL_Driver/Src/stm32f1xx_hal_tim.o
                0x08002f88                TIM_Base_SetConfig
 .text.TIM_OC1_SetConfig
                0x08003064       0xcc ./Drivers/STM32F1xx_HAL_Driver/Src/stm32f1xx_hal_tim.o
 .text.TIM_OC2_SetConfig
                0x08003130       0xd4 ./Drivers/STM32F1xx_HAL_Driver/Src/stm32f1xx_hal_tim.o
                0x08003130                TIM_OC2_SetConfig
 .text.TIM_OC3_SetConfig
                0x08003204       0xd4 ./Drivers/STM32F1xx_HAL_Driver/Src/stm32f1xx_hal_tim.o
 .text.TIM_OC4_SetConfig
                0x080032d8       0x9c ./Drivers/STM32F1xx_HAL_Driver/Src/stm32f1xx_hal_tim.o
 .text.TIM_CCxChannelCmd
                0x08003374       0x48 ./Drivers/STM32F1xx_HAL_Driver/Src/stm32f1xx_hal_tim.o
                0x08003374                TIM_CCxChannelCmd
 .text.HAL_TIMEx_MasterConfigSynchronization
                0x080033bc       0xbc ./Drivers/STM32F1xx_HAL_Driver/Src/stm32f1xx_hal_tim_ex.o
                0x080033bc                HAL_TIMEx_MasterConfigSynchronization
 .text.memset   0x08003478       0x10 D:/ALX/PROGRAMMS Cube IDE/STM32CubeIDE_1.19.0/STM32CubeIDE/plugins/com.st.stm32cube.ide.mcu.externaltools.gnu-tools-for-stm32.13.3.rel1.win32_1.0.0.202411081344/tools/bin/../lib/gcc/arm-none-eabi/13.3.1/../../../../arm-none-eabi/lib/thumb/v7-m/nofp\libc_nano.a(libc_a-memset.o)
                0x08003478                memset
 .text.__libc_init_array
                0x08003488       0x48 D:/ALX/PROGRAMMS Cube IDE/STM32CubeIDE_1.19.0/STM32CubeIDE/plugins/com.st.stm32cube.ide.mcu.externaltools.gnu-tools-for-stm32.13.3.rel1.win32_1.0.0.202411081344/tools/bin/../lib/gcc/arm-none-eabi/13.3.1/../../../../arm-none-eabi/lib/thumb/v7-m/nofp\libc_nano.a(libc_a-init.o)
                0x08003488                __libc_init_array
 *(.glue_7)
 .glue_7        0x080034d0        0x0 linker stubs
 *(.glue_7t)
 .glue_7t       0x080034d0        0x0 linker stubs
 *(.eh_frame)
 .eh_frame      0x080034d0        0x0 D:/ALX/PROGRAMMS Cube IDE/STM32CubeIDE_1.19.0/STM32CubeIDE/plugins/com.st.stm32cube.ide.mcu.externaltools.gnu-tools-for-stm32.13.3.rel1.win32_1.0.0.202411081344/tools/bin/../lib/gcc/arm-none-eabi/13.3.1/thumb/v7-m/nofp/crtbegin.o
 *(.init)
 .init          0x080034d0        0x4 D:/ALX/PROGRAMMS Cube IDE/STM32CubeIDE_1.19.0/STM32CubeIDE/plugins/com.st.stm32cube.ide.mcu.externaltools.gnu-tools-for-stm32.13.3.rel1.win32_1.0.0.202411081344/tools/bin/../lib/gcc/arm-none-eabi/13.3.1/thumb/v7-m/nofp/crti.o
                0x080034d0                _init
 .init          0x080034d4        0x8 D:/ALX/PROGRAMMS Cube IDE/STM32CubeIDE_1.19.0/STM32CubeIDE/plugins/com.st.stm32cube.ide.mcu.externaltools.gnu-tools-for-stm32.13.3.rel1.win32_1.0.0.202411081344/tools/bin/../lib/gcc/arm-none-eabi/13.3.1/thumb/v7-m/nofp/crtn.o
 *(.fini)
 .fini          0x080034dc        0x4 D:/ALX/PROGRAMMS Cube IDE/STM32CubeIDE_1.19.0/STM32CubeIDE/plugins/com.st.stm32cube.ide.mcu.externaltools.gnu-tools-for-stm32.13.3.rel1.win32_1.0.0.202411081344/tools/bin/../lib/gcc/arm-none-eabi/13.3.1/thumb/v7-m/nofp/crti.o
                0x080034dc                _fini
 .fini          0x080034e0        0x8 D:/ALX/PROGRAMMS Cube IDE/STM32CubeIDE_1.19.0/STM32CubeIDE/plugins/com.st.stm32cube.ide.mcu.externaltools.gnu-tools-for-stm32.13.3.rel1.win32_1.0.0.202411081344/tools/bin/../lib/gcc/arm-none-eabi/13.3.1/thumb/v7-m/nofp/crtn.o
                0x080034e8                        . = ALIGN (0x4)
                0x080034e8                        _etext = .

.vfp11_veneer   0x080034e8        0x0
 .vfp11_veneer  0x080034e8        0x0 linker stubs

.v4_bx          0x080034e8        0x0
 .v4_bx         0x080034e8        0x0 linker stubs

.iplt           0x080034e8        0x0
 .iplt          0x080034e8        0x0 D:/ALX/PROGRAMMS Cube IDE/STM32CubeIDE_1.19.0/STM32CubeIDE/plugins/com.st.stm32cube.ide.mcu.externaltools.gnu-tools-for-stm32.13.3.rel1.win32_1.0.0.202411081344/tools/bin/../lib/gcc/arm-none-eabi/13.3.1/thumb/v7-m/nofp/crtbegin.o

.rodata         0x080034e8     0x3638
                0x080034e8                        . = ALIGN (0x4)
 *(.rodata)
 .rodata        0x080034e8       0x31 ./Core/Src/Lcd/ili9488.o
 *fill*         0x08003519        0x3 
 .rodata        0x0800351c        0x7 ./Core/Src/main.o
 *(.rodata*)
 *fill*         0x08003523        0x1 
 .rodata.image_data_Font_0x20
                0x08003524       0x54 ./Core/Src/Lcd/Fonts/Font_PROB.o
 .rodata.Font_0x20
                0x08003578        0xc ./Core/Src/Lcd/Fonts/Font_PROB.o
 .rodata.image_data_Font_0x21
                0x08003584       0x54 ./Core/Src/Lcd/Fonts/Font_PROB.o
 .rodata.Font_0x21
                0x080035d8        0xc ./Core/Src/Lcd/Fonts/Font_PROB.o
 .rodata.image_data_Font_0x22
                0x080035e4       0x54 ./Core/Src/Lcd/Fonts/Font_PROB.o
 .rodata.Font_0x22
                0x08003638        0xc ./Core/Src/Lcd/Fonts/Font_PROB.o
 .rodata.image_data_Font_0x23
                0x08003644       0x7e ./Core/Src/Lcd/Fonts/Font_PROB.o
 *fill*         0x080036c2        0x2 
 .rodata.Font_0x23
                0x080036c4        0xc ./Core/Src/Lcd/Fonts/Font_PROB.o
 .rodata.image_data_Font_0x24
                0x080036d0       0x7e ./Core/Src/Lcd/Fonts/Font_PROB.o
 *fill*         0x0800374e        0x2 
 .rodata.Font_0x24
                0x08003750        0xc ./Core/Src/Lcd/Fonts/Font_PROB.o
 .rodata.image_data_Font_0x25
                0x0800375c       0xa8 ./Core/Src/Lcd/Fonts/Font_PROB.o
 .rodata.Font_0x25
                0x08003804        0xc ./Core/Src/Lcd/Fonts/Font_PROB.o
 .rodata.image_data_Font_0x26
                0x08003810       0xa8 ./Core/Src/Lcd/Fonts/Font_PROB.o
 .rodata.Font_0x26
                0x080038b8        0xc ./Core/Src/Lcd/Fonts/Font_PROB.o
 .rodata.image_data_Font_0x27
                0x080038c4       0x2a ./Core/Src/Lcd/Fonts/Font_PROB.o
 *fill*         0x080038ee        0x2 
 .rodata.Font_0x27
                0x080038f0        0xc ./Core/Src/Lcd/Fonts/Font_PROB.o
 .rodata.image_data_Font_0x28
                0x080038fc       0x54 ./Core/Src/Lcd/Fonts/Font_PROB.o
 .rodata.Font_0x28
                0x08003950        0xc ./Core/Src/Lcd/Fonts/Font_PROB.o
 .rodata.image_data_Font_0x29
                0x0800395c       0x54 ./Core/Src/Lcd/Fonts/Font_PROB.o
 .rodata.Font_0x29
                0x080039b0        0xc ./Core/Src/Lcd/Fonts/Font_PROB.o
 .rodata.image_data_Font_0x2a
                0x080039bc       0x7e ./Core/Src/Lcd/Fonts/Font_PROB.o
 *fill*         0x08003a3a        0x2 
 .rodata.Font_0x2a
                0x08003a3c        0xc ./Core/Src/Lcd/Fonts/Font_PROB.o
 .rodata.image_data_Font_0x2b
                0x08003a48       0x7e ./Core/Src/Lcd/Fonts/Font_PROB.o
 *fill*         0x08003ac6        0x2 
 .rodata.Font_0x2b
                0x08003ac8        0xc ./Core/Src/Lcd/Fonts/Font_PROB.o
 .rodata.image_data_Font_0x2c
                0x08003ad4       0x54 ./Core/Src/Lcd/Fonts/Font_PROB.o
 .rodata.Font_0x2c
                0x08003b28        0xc ./Core/Src/Lcd/Fonts/Font_PROB.o
 .rodata.image_data_Font_0x2d
                0x08003b34       0x54 ./Core/Src/Lcd/Fonts/Font_PROB.o
 .rodata.Font_0x2d
                0x08003b88        0xc ./Core/Src/Lcd/Fonts/Font_PROB.o
 .rodata.image_data_Font_0x2e
                0x08003b94       0x54 ./Core/Src/Lcd/Fonts/Font_PROB.o
 .rodata.Font_0x2e
                0x08003be8        0xc ./Core/Src/Lcd/Fonts/Font_PROB.o
 .rodata.image_data_Font_0x2f
                0x08003bf4       0x7e ./Core/Src/Lcd/Fonts/Font_PROB.o
 *fill*         0x08003c72        0x2 
 .rodata.Font_0x2f
                0x08003c74        0xc ./Core/Src/Lcd/Fonts/Font_PROB.o
 .rodata.image_data_Font_0x30
                0x08003c80       0x7e ./Core/Src/Lcd/Fonts/Font_PROB.o
 *fill*         0x08003cfe        0x2 
 .rodata.Font_0x30
                0x08003d00        0xc ./Core/Src/Lcd/Fonts/Font_PROB.o
 .rodata.image_data_Font_0x31
                0x08003d0c       0x7e ./Core/Src/Lcd/Fonts/Font_PROB.o
 *fill*         0x08003d8a        0x2 
 .rodata.Font_0x31
                0x08003d8c        0xc ./Core/Src/Lcd/Fonts/Font_PROB.o
 .rodata.image_data_Font_0x32
                0x08003d98       0x7e ./Core/Src/Lcd/Fonts/Font_PROB.o
 *fill*         0x08003e16        0x2 
 .rodata.Font_0x32
                0x08003e18        0xc ./Core/Src/Lcd/Fonts/Font_PROB.o
 .rodata.image_data_Font_0x33
                0x08003e24       0x7e ./Core/Src/Lcd/Fonts/Font_PROB.o
 *fill*         0x08003ea2        0x2 
 .rodata.Font_0x33
                0x08003ea4        0xc ./Core/Src/Lcd/Fonts/Font_PROB.o
 .rodata.image_data_Font_0x34
                0x08003eb0       0x7e ./Core/Src/Lcd/Fonts/Font_PROB.o
 *fill*         0x08003f2e        0x2 
 .rodata.Font_0x34
                0x08003f30        0xc ./Core/Src/Lcd/Fonts/Font_PROB.o
 .rodata.image_data_Font_0x35
                0x08003f3c       0x7e ./Core/Src/Lcd/Fonts/Font_PROB.o
 *fill*         0x08003fba        0x2 
 .rodata.Font_0x35
                0x08003fbc        0xc ./Core/Src/Lcd/Fonts/Font_PROB.o
 .rodata.image_data_Font_0x36
                0x08003fc8       0x7e ./Core/Src/Lcd/Fonts/Font_PROB.o
 *fill*         0x08004046        0x2 
 .rodata.Font_0x36
                0x08004048        0xc ./Core/Src/Lcd/Fonts/Font_PROB.o
 .rodata.image_data_Font_0x37
                0x08004054       0x7e ./Core/Src/Lcd/Fonts/Font_PROB.o
 *fill*         0x080040d2        0x2 
 .rodata.Font_0x37
                0x080040d4        0xc ./Core/Src/Lcd/Fonts/Font_PROB.o
 .rodata.image_data_Font_0x38
                0x080040e0       0x7e ./Core/Src/Lcd/Fonts/Font_PROB.o
 *fill*         0x0800415e        0x2 
 .rodata.Font_0x38
                0x08004160        0xc ./Core/Src/Lcd/Fonts/Font_PROB.o
 .rodata.image_data_Font_0x39
                0x0800416c       0x7e ./Core/Src/Lcd/Fonts/Font_PROB.o
 *fill*         0x080041ea        0x2 
 .rodata.Font_0x39
                0x080041ec        0xc ./Core/Src/Lcd/Fonts/Font_PROB.o
 .rodata.image_data_Font_0x3a
                0x080041f8       0x54 ./Core/Src/Lcd/Fonts/Font_PROB.o
 .rodata.Font_0x3a
                0x0800424c        0xc ./Core/Src/Lcd/Fonts/Font_PROB.o
 .rodata.image_data_Font_0x3b
                0x08004258       0x54 ./Core/Src/Lcd/Fonts/Font_PROB.o
 .rodata.Font_0x3b
                0x080042ac        0xc ./Core/Src/Lcd/Fonts/Font_PROB.o
 .rodata.image_data_Font_0x3c
                0x080042b8       0x7e ./Core/Src/Lcd/Fonts/Font_PROB.o
 *fill*         0x08004336        0x2 
 .rodata.Font_0x3c
                0x08004338        0xc ./Core/Src/Lcd/Fonts/Font_PROB.o
 .rodata.image_data_Font_0x3d
                0x08004344       0x7e ./Core/Src/Lcd/Fonts/Font_PROB.o
 *fill*         0x080043c2        0x2 
 .rodata.Font_0x3d
                0x080043c4        0xc ./Core/Src/Lcd/Fonts/Font_PROB.o
 .rodata.image_data_Font_0x3e
                0x080043d0       0x7e ./Core/Src/Lcd/Fonts/Font_PROB.o
 *fill*         0x0800444e        0x2 
 .rodata.Font_0x3e
                0x08004450        0xc ./Core/Src/Lcd/Fonts/Font_PROB.o
 .rodata.image_data_Font_0x3f
                0x0800445c       0x7e ./Core/Src/Lcd/Fonts/Font_PROB.o
 *fill*         0x080044da        0x2 
 .rodata.Font_0x3f
                0x080044dc        0xc ./Core/Src/Lcd/Fonts/Font_PROB.o
 .rodata.image_data_Font_0x40
                0x080044e8       0xa8 ./Core/Src/Lcd/Fonts/Font_PROB.o
 .rodata.Font_0x40
                0x08004590        0xc ./Core/Src/Lcd/Fonts/Font_PROB.o
 .rodata.image_data_Font_0x41
                0x0800459c       0xa8 ./Core/Src/Lcd/Fonts/Font_PROB.o
 .rodata.Font_0x41
                0x08004644        0xc ./Core/Src/Lcd/Fonts/Font_PROB.o
 .rodata.image_data_Font_0x42
                0x08004650       0x7e ./Core/Src/Lcd/Fonts/Font_PROB.o
 *fill*         0x080046ce        0x2 
 .rodata.Font_0x42
                0x080046d0        0xc ./Core/Src/Lcd/Fonts/Font_PROB.o
 .rodata.image_data_Font_0x43
                0x080046dc       0xa8 ./Core/Src/Lcd/Fonts/Font_PROB.o
 .rodata.Font_0x43
                0x08004784        0xc ./Core/Src/Lcd/Fonts/Font_PROB.o
 .rodata.image_data_Font_0x44
                0x08004790       0xa8 ./Core/Src/Lcd/Fonts/Font_PROB.o
 .rodata.Font_0x44
                0x08004838        0xc ./Core/Src/Lcd/Fonts/Font_PROB.o
 .rodata.image_data_Font_0x45
                0x08004844       0x7e ./Core/Src/Lcd/Fonts/Font_PROB.o
 *fill*         0x080048c2        0x2 
 .rodata.Font_0x45
                0x080048c4        0xc ./Core/Src/Lcd/Fonts/Font_PROB.o
 .rodata.image_data_Font_0x46
                0x080048d0       0x7e ./Core/Src/Lcd/Fonts/Font_PROB.o
 *fill*         0x0800494e        0x2 
 .rodata.Font_0x46
                0x08004950        0xc ./Core/Src/Lcd/Fonts/Font_PROB.o
 .rodata.image_data_Font_0x47
                0x0800495c       0xa8 ./Core/Src/Lcd/Fonts/Font_PROB.o
 .rodata.Font_0x47
                0x08004a04        0xc ./Core/Src/Lcd/Fonts/Font_PROB.o
 .rodata.image_data_Font_0x48
                0x08004a10       0xa8 ./Core/Src/Lcd/Fonts/Font_PROB.o
 .rodata.Font_0x48
                0x08004ab8        0xc ./Core/Src/Lcd/Fonts/Font_PROB.o
 .rodata.image_data_Font_0x49
                0x08004ac4       0x54 ./Core/Src/Lcd/Fonts/Font_PROB.o
 .rodata.Font_0x49
                0x08004b18        0xc ./Core/Src/Lcd/Fonts/Font_PROB.o
 .rodata.image_data_Font_0x4a
                0x08004b24       0x7e ./Core/Src/Lcd/Fonts/Font_PROB.o
 *fill*         0x08004ba2        0x2 
 .rodata.Font_0x4a
                0x08004ba4        0xc ./Core/Src/Lcd/Fonts/Font_PROB.o
 .rodata.image_data_Font_0x4b
                0x08004bb0       0x7e ./Core/Src/Lcd/Fonts/Font_PROB.o
 *fill*         0x08004c2e        0x2 
 .rodata.Font_0x4b
                0x08004c30        0xc ./Core/Src/Lcd/Fonts/Font_PROB.o
 .rodata.image_data_Font_0x4c
                0x08004c3c       0x7e ./Core/Src/Lcd/Fonts/Font_PROB.o
 *fill*         0x08004cba        0x2 
 .rodata.Font_0x4c
                0x08004cbc        0xc ./Core/Src/Lcd/Fonts/Font_PROB.o
 .rodata.image_data_Font_0x4d
                0x08004cc8       0xa8 ./Core/Src/Lcd/Fonts/Font_PROB.o
 .rodata.Font_0x4d
                0x08004d70        0xc ./Core/Src/Lcd/Fonts/Font_PROB.o
 .rodata.image_data_Font_0x4e
                0x08004d7c       0xa8 ./Core/Src/Lcd/Fonts/Font_PROB.o
 .rodata.Font_0x4e
                0x08004e24        0xc ./Core/Src/Lcd/Fonts/Font_PROB.o
 .rodata.image_data_Font_0x4f
                0x08004e30       0xa8 ./Core/Src/Lcd/Fonts/Font_PROB.o
 .rodata.Font_0x4f
                0x08004ed8        0xc ./Core/Src/Lcd/Fonts/Font_PROB.o
 .rodata.image_data_Font_0x50
                0x08004ee4       0x7e ./Core/Src/Lcd/Fonts/Font_PROB.o
 *fill*         0x08004f62        0x2 
 .rodata.Font_0x50
                0x08004f64        0xc ./Core/Src/Lcd/Fonts/Font_PROB.o
 .rodata.image_data_Font_0x51
                0x08004f70       0xa8 ./Core/Src/Lcd/Fonts/Font_PROB.o
 .rodata.Font_0x51
                0x08005018        0xc ./Core/Src/Lcd/Fonts/Font_PROB.o
 .rodata.image_data_Font_0x52
                0x08005024       0x7e ./Core/Src/Lcd/Fonts/Font_PROB.o
 *fill*         0x080050a2        0x2 
 .rodata.Font_0x52
                0x080050a4        0xc ./Core/Src/Lcd/Fonts/Font_PROB.o
 .rodata.image_data_Font_0x53
                0x080050b0       0x7e ./Core/Src/Lcd/Fonts/Font_PROB.o
 *fill*         0x0800512e        0x2 
 .rodata.Font_0x53
                0x08005130        0xc ./Core/Src/Lcd/Fonts/Font_PROB.o
 .rodata.image_data_Font_0x54
                0x0800513c       0x7e ./Core/Src/Lcd/Fonts/Font_PROB.o
 *fill*         0x080051ba        0x2 
 .rodata.Font_0x54
                0x080051bc        0xc ./Core/Src/Lcd/Fonts/Font_PROB.o
 .rodata.image_data_Font_0x55
                0x080051c8       0x7e ./Core/Src/Lcd/Fonts/Font_PROB.o
 *fill*         0x08005246        0x2 
 .rodata.Font_0x55
                0x08005248        0xc ./Core/Src/Lcd/Fonts/Font_PROB.o
 .rodata.image_data_Font_0x56
                0x08005254       0x7e ./Core/Src/Lcd/Fonts/Font_PROB.o
 *fill*         0x080052d2        0x2 
 .rodata.Font_0x56
                0x080052d4        0xc ./Core/Src/Lcd/Fonts/Font_PROB.o
 .rodata.image_data_Font_0x57
                0x080052e0       0xd2 ./Core/Src/Lcd/Fonts/Font_PROB.o
 *fill*         0x080053b2        0x2 
 .rodata.Font_0x57
                0x080053b4        0xc ./Core/Src/Lcd/Fonts/Font_PROB.o
 .rodata.image_data_Font_0x58
                0x080053c0       0xa8 ./Core/Src/Lcd/Fonts/Font_PROB.o
 .rodata.Font_0x58
                0x08005468        0xc ./Core/Src/Lcd/Fonts/Font_PROB.o
 .rodata.image_data_Font_0x59
                0x08005474       0x7e ./Core/Src/Lcd/Fonts/Font_PROB.o
 *fill*         0x080054f2        0x2 
 .rodata.Font_0x59
                0x080054f4        0xc ./Core/Src/Lcd/Fonts/Font_PROB.o
 .rodata.image_data_Font_0x5a
                0x08005500       0x7e ./Core/Src/Lcd/Fonts/Font_PROB.o
 *fill*         0x0800557e        0x2 
 .rodata.Font_0x5a
                0x08005580        0xc ./Core/Src/Lcd/Fonts/Font_PROB.o
 .rodata.image_data_Font_0x5b
                0x0800558c       0x54 ./Core/Src/Lcd/Fonts/Font_PROB.o
 .rodata.Font_0x5b
                0x080055e0        0xc ./Core/Src/Lcd/Fonts/Font_PROB.o
 .rodata.image_data_Font_0x5c
                0x080055ec       0x7e ./Core/Src/Lcd/Fonts/Font_PROB.o
 *fill*         0x0800566a        0x2 
 .rodata.Font_0x5c
                0x0800566c        0xc ./Core/Src/Lcd/Fonts/Font_PROB.o
 .rodata.image_data_Font_0x5d
                0x08005678       0x54 ./Core/Src/Lcd/Fonts/Font_PROB.o
 .rodata.Font_0x5d
                0x080056cc        0xc ./Core/Src/Lcd/Fonts/Font_PROB.o
 .rodata.image_data_Font_0x5e
                0x080056d8       0xa8 ./Core/Src/Lcd/Fonts/Font_PROB.o
 .rodata.Font_0x5e
                0x08005780        0xc ./Core/Src/Lcd/Fonts/Font_PROB.o
 .rodata.image_data_Font_0x5f
                0x0800578c       0x7e ./Core/Src/Lcd/Fonts/Font_PROB.o
 *fill*         0x0800580a        0x2 
 .rodata.Font_0x5f
                0x0800580c        0xc ./Core/Src/Lcd/Fonts/Font_PROB.o
 .rodata.image_data_Font_0x60
                0x08005818       0x7e ./Core/Src/Lcd/Fonts/Font_PROB.o
 *fill*         0x08005896        0x2 
 .rodata.Font_0x60
                0x08005898        0xc ./Core/Src/Lcd/Fonts/Font_PROB.o
 .rodata.image_data_Font_0x61
                0x080058a4       0x7e ./Core/Src/Lcd/Fonts/Font_PROB.o
 *fill*         0x08005922        0x2 
 .rodata.Font_0x61
                0x08005924        0xc ./Core/Src/Lcd/Fonts/Font_PROB.o
 .rodata.image_data_Font_0x62
                0x08005930       0x7e ./Core/Src/Lcd/Fonts/Font_PROB.o
 *fill*         0x080059ae        0x2 
 .rodata.Font_0x62
                0x080059b0        0xc ./Core/Src/Lcd/Fonts/Font_PROB.o
 .rodata.image_data_Font_0x63
                0x080059bc       0x7e ./Core/Src/Lcd/Fonts/Font_PROB.o
 *fill*         0x08005a3a        0x2 
 .rodata.Font_0x63
                0x08005a3c        0xc ./Core/Src/Lcd/Fonts/Font_PROB.o
 .rodata.image_data_Font_0x64
                0x08005a48       0x7e ./Core/Src/Lcd/Fonts/Font_PROB.o
 *fill*         0x08005ac6        0x2 
 .rodata.Font_0x64
                0x08005ac8        0xc ./Core/Src/Lcd/Fonts/Font_PROB.o
 .rodata.image_data_Font_0x65
                0x08005ad4       0x7e ./Core/Src/Lcd/Fonts/Font_PROB.o
 *fill*         0x08005b52        0x2 
 .rodata.Font_0x65
                0x08005b54        0xc ./Core/Src/Lcd/Fonts/Font_PROB.o
 .rodata.image_data_Font_0x66
                0x08005b60       0x54 ./Core/Src/Lcd/Fonts/Font_PROB.o
 .rodata.Font_0x66
                0x08005bb4        0xc ./Core/Src/Lcd/Fonts/Font_PROB.o
 .rodata.image_data_Font_0x67
                0x08005bc0       0x7e ./Core/Src/Lcd/Fonts/Font_PROB.o
 *fill*         0x08005c3e        0x2 
 .rodata.Font_0x67
                0x08005c40        0xc ./Core/Src/Lcd/Fonts/Font_PROB.o
 .rodata.image_data_Font_0x68
                0x08005c4c       0x7e ./Core/Src/Lcd/Fonts/Font_PROB.o
 *fill*         0x08005cca        0x2 
 .rodata.Font_0x68
                0x08005ccc        0xc ./Core/Src/Lcd/Fonts/Font_PROB.o
 .rodata.image_data_Font_0x69
                0x08005cd8       0x54 ./Core/Src/Lcd/Fonts/Font_PROB.o
 .rodata.Font_0x69
                0x08005d2c        0xc ./Core/Src/Lcd/Fonts/Font_PROB.o
 .rodata.image_data_Font_0x6a
                0x08005d38       0x54 ./Core/Src/Lcd/Fonts/Font_PROB.o
 .rodata.Font_0x6a
                0x08005d8c        0xc ./Core/Src/Lcd/Fonts/Font_PROB.o
 .rodata.image_data_Font_0x6b
                0x08005d98       0x7e ./Core/Src/Lcd/Fonts/Font_PROB.o
 *fill*         0x08005e16        0x2 
 .rodata.Font_0x6b
                0x08005e18        0xc ./Core/Src/Lcd/Fonts/Font_PROB.o
 .rodata.image_data_Font_0x6c
                0x08005e24       0x54 ./Core/Src/Lcd/Fonts/Font_PROB.o
 .rodata.Font_0x6c
                0x08005e78        0xc ./Core/Src/Lcd/Fonts/Font_PROB.o
 .rodata.image_data_Font_0x6d
                0x08005e84       0xa8 ./Core/Src/Lcd/Fonts/Font_PROB.o
 .rodata.Font_0x6d
                0x08005f2c        0xc ./Core/Src/Lcd/Fonts/Font_PROB.o
 .rodata.image_data_Font_0x6e
                0x08005f38       0x7e ./Core/Src/Lcd/Fonts/Font_PROB.o
 *fill*         0x08005fb6        0x2 
 .rodata.Font_0x6e
                0x08005fb8        0xc ./Core/Src/Lcd/Fonts/Font_PROB.o
 .rodata.image_data_Font_0x6f
                0x08005fc4       0x7e ./Core/Src/Lcd/Fonts/Font_PROB.o
 *fill*         0x08006042        0x2 
 .rodata.Font_0x6f
                0x08006044        0xc ./Core/Src/Lcd/Fonts/Font_PROB.o
 .rodata.image_data_Font_0x70
                0x08006050       0x7e ./Core/Src/Lcd/Fonts/Font_PROB.o
 *fill*         0x080060ce        0x2 
 .rodata.Font_0x70
                0x080060d0        0xc ./Core/Src/Lcd/Fonts/Font_PROB.o
 .rodata.image_data_Font_0x71
                0x080060dc       0x7e ./Core/Src/Lcd/Fonts/Font_PROB.o
 *fill*         0x0800615a        0x2 
 .rodata.Font_0x71
                0x0800615c        0xc ./Core/Src/Lcd/Fonts/Font_PROB.o
 .rodata.image_data_Font_0x72
                0x08006168       0x54 ./Core/Src/Lcd/Fonts/Font_PROB.o
 .rodata.Font_0x72
                0x080061bc        0xc ./Core/Src/Lcd/Fonts/Font_PROB.o
 .rodata.image_data_Font_0x73
                0x080061c8       0x54 ./Core/Src/Lcd/Fonts/Font_PROB.o
 .rodata.Font_0x73
                0x0800621c        0xc ./Core/Src/Lcd/Fonts/Font_PROB.o
 .rodata.image_data_Font_0x74
                0x08006228       0x54 ./Core/Src/Lcd/Fonts/Font_PROB.o
 .rodata.Font_0x74
                0x0800627c        0xc ./Core/Src/Lcd/Fonts/Font_PROB.o
 .rodata.image_data_Font_0x75
                0x08006288       0x7e ./Core/Src/Lcd/Fonts/Font_PROB.o
 *fill*         0x08006306        0x2 
 .rodata.Font_0x75
                0x08006308        0xc ./Core/Src/Lcd/Fonts/Font_PROB.o
 .rodata.image_data_Font_0x76
                0x08006314       0x7e ./Core/Src/Lcd/Fonts/Font_PROB.o
 *fill*         0x08006392        0x2 
 .rodata.Font_0x76
                0x08006394        0xc ./Core/Src/Lcd/Fonts/Font_PROB.o
 .rodata.image_data_Font_0x77
                0x080063a0       0xa8 ./Core/Src/Lcd/Fonts/Font_PROB.o
 .rodata.Font_0x77
                0x08006448        0xc ./Core/Src/Lcd/Fonts/Font_PROB.o
 .rodata.image_data_Font_0x78
                0x08006454       0x7e ./Core/Src/Lcd/Fonts/Font_PROB.o
 *fill*         0x080064d2        0x2 
 .rodata.Font_0x78
                0x080064d4        0xc ./Core/Src/Lcd/Fonts/Font_PROB.o
 .rodata.image_data_Font_0x79
                0x080064e0       0x7e ./Core/Src/Lcd/Fonts/Font_PROB.o
 *fill*         0x0800655e        0x2 
 .rodata.Font_0x79
                0x08006560        0xc ./Core/Src/Lcd/Fonts/Font_PROB.o
 .rodata.image_data_Font_0x7a
                0x0800656c       0x54 ./Core/Src/Lcd/Fonts/Font_PROB.o
 .rodata.Font_0x7a
                0x080065c0        0xc ./Core/Src/Lcd/Fonts/Font_PROB.o
 .rodata.image_data_Font_0x7b
                0x080065cc       0x7e ./Core/Src/Lcd/Fonts/Font_PROB.o
 *fill*         0x0800664a        0x2 
 .rodata.Font_0x7b
                0x0800664c        0xc ./Core/Src/Lcd/Fonts/Font_PROB.o
 .rodata.image_data_Font_0x7c
                0x08006658       0x7e ./Core/Src/Lcd/Fonts/Font_PROB.o
 *fill*         0x080066d6        0x2 
 .rodata.Font_0x7c
                0x080066d8        0xc ./Core/Src/Lcd/Fonts/Font_PROB.o
 .rodata.image_data_Font_0x7d
                0x080066e4       0x7e ./Core/Src/Lcd/Fonts/Font_PROB.o
 *fill*         0x08006762        0x2 
 .rodata.Font_0x7d
                0x08006764        0xc ./Core/Src/Lcd/Fonts/Font_PROB.o
 .rodata.image_data_Font_0x7e
                0x08006770       0x7e ./Core/Src/Lcd/Fonts/Font_PROB.o
 *fill*         0x080067ee        0x2 
 .rodata.Font_0x7e
                0x080067f0        0xc ./Core/Src/Lcd/Fonts/Font_PROB.o
 .rodata.Font_array
                0x080067fc      0x2f8 ./Core/Src/Lcd/Fonts/Font_PROB.o
 .rodata.Font   0x08006af4        0x8 ./Core/Src/Lcd/Fonts/Font_PROB.o
                0x08006af4                Font
 .rodata.AHBPrescTable
                0x08006afc       0x10 ./Core/Src/system_stm32f1xx.o
                0x08006afc                AHBPrescTable
 .rodata.aPLLMULFactorTable.1
                0x08006b0c       0x10 ./Drivers/STM32F1xx_HAL_Driver/Src/stm32f1xx_hal_rcc.o
 .rodata.aPredivFactorTable.0
                0x08006b1c        0x2 ./Drivers/STM32F1xx_HAL_Driver/Src/stm32f1xx_hal_rcc.o
                0x08006b20                        . = ALIGN (0x4)
 *fill*         0x08006b1e        0x2 

.ARM.extab      0x08006b20        0x0
                0x08006b20                        . = ALIGN (0x4)
 *(.ARM.extab* .gnu.linkonce.armextab.*)
                0x08006b20                        . = ALIGN (0x4)

.ARM            0x08006b20        0x0
                0x08006b20                        . = ALIGN (0x4)
                0x08006b20                        __exidx_start = .
 *(.ARM.exidx*)
                0x08006b20                        __exidx_end = .
                0x08006b20                        . = ALIGN (0x4)

.preinit_array  0x08006b20        0x0
                0x08006b20                        . = ALIGN (0x4)
                0x08006b20                        PROVIDE (__preinit_array_start = .)
 *(.preinit_array*)
                0x08006b20                        PROVIDE (__preinit_array_end = .)
                0x08006b20                        . = ALIGN (0x4)

.init_array     0x08006b20        0x4
                0x08006b20                        . = ALIGN (0x4)
                0x08006b20                        PROVIDE (__init_array_start = .)
 *(SORT_BY_NAME(.init_array.*))
 *(.init_array*)
 .init_array    0x08006b20        0x4 D:/ALX/PROGRAMMS Cube IDE/STM32CubeIDE_1.19.0/STM32CubeIDE/plugins/com.st.stm32cube.ide.mcu.externaltools.gnu-tools-for-stm32.13.3.rel1.win32_1.0.0.202411081344/tools/bin/../lib/gcc/arm-none-eabi/13.3.1/thumb/v7-m/nofp/crtbegin.o
                0x08006b24                        PROVIDE (__init_array_end = .)
                0x08006b24                        . = ALIGN (0x4)

.fini_array     0x08006b24        0x4
                0x08006b24                        . = ALIGN (0x4)
                [!provide]                        PROVIDE (__fini_array_start = .)
 *(SORT_BY_NAME(.fini_array.*))
 *(.fini_array*)
 .fini_array    0x08006b24        0x4 D:/ALX/PROGRAMMS Cube IDE/STM32CubeIDE_1.19.0/STM32CubeIDE/plugins/com.st.stm32cube.ide.mcu.externaltools.gnu-tools-for-stm32.13.3.rel1.win32_1.0.0.202411081344/tools/bin/../lib/gcc/arm-none-eabi/13.3.1/thumb/v7-m/nofp/crtbegin.o
                [!provide]                        PROVIDE (__fini_array_end = .)
                0x08006b28                        . = ALIGN (0x4)
                0x08006b28                        _sidata = LOADADDR (.data)

.rel.dyn        0x08006b28        0x0
 .rel.iplt      0x08006b28        0x0 D:/ALX/PROGRAMMS Cube IDE/STM32CubeIDE_1.19.0/STM32CubeIDE/plugins/com.st.stm32cube.ide.mcu.externaltools.gnu-tools-for-stm32.13.3.rel1.win32_1.0.0.202411081344/tools/bin/../lib/gcc/arm-none-eabi/13.3.1/thumb/v7-m/nofp/crtbegin.o

.data           0x20000000       0x58 load address 0x08006b28
                0x20000000                        . = ALIGN (0x4)
                0x20000000                        _sdata = .
 *(.data)
 *(.data*)
 .data.ili9488_drv
                0x20000000       0x44 ./Core/Src/Lcd/ili9488.o
                0x20000000                ili9488_drv
 .data.lcd_drv  0x20000044        0x4 ./Core/Src/Lcd/ili9488.o
                0x20000044                lcd_drv
 .data.cnt      0x20000048        0x4 ./Core/Src/stm32f1xx_it.o
                0x20000048                cnt
 .data.SystemCoreClock
                0x2000004c        0x4 ./Core/Src/system_stm32f1xx.o
                0x2000004c                SystemCoreClock
 .data.uwTickPrio
                0x20000050        0x4 ./Drivers/STM32F1xx_HAL_Driver/Src/stm32f1xx_hal.o
                0x20000050                uwTickPrio
 .data.uwTickFreq
                0x20000054        0x1 ./Drivers/STM32F1xx_HAL_Driver/Src/stm32f1xx_hal.o
                0x20000054                uwTickFreq
 *(.RamFunc)
 *(.RamFunc*)
                0x20000058                        . = ALIGN (0x4)
 *fill*         0x20000055        0x3 
                0x20000058                        _edata = .

.igot.plt       0x20000058        0x0 load address 0x08006b80
 .igot.plt      0x20000058        0x0 D:/ALX/PROGRAMMS Cube IDE/STM32CubeIDE_1.19.0/STM32CubeIDE/plugins/com.st.stm32cube.ide.mcu.externaltools.gnu-tools-for-stm32.13.3.rel1.win32_1.0.0.202411081344/tools/bin/../lib/gcc/arm-none-eabi/13.3.1/thumb/v7-m/nofp/crtbegin.o
                0x20000058                        . = ALIGN (0x4)

.bss            0x20000058     0x12c0 load address 0x08006b80
                0x20000058                        _sbss = .
                0x20000058                        __bss_start__ = _sbss
 *(.bss)
 .bss           0x20000058       0x1c D:/ALX/PROGRAMMS Cube IDE/STM32CubeIDE_1.19.0/STM32CubeIDE/plugins/com.st.stm32cube.ide.mcu.externaltools.gnu-tools-for-stm32.13.3.rel1.win32_1.0.0.202411081344/tools/bin/../lib/gcc/arm-none-eabi/13.3.1/thumb/v7-m/nofp/crtbegin.o
 *(.bss*)
 .bss.Is_ili9488_Initialized
                0x20000074        0x1 ./Core/Src/Lcd/ili9488.o
 *fill*         0x20000075        0x1 
 .bss.yStart    0x20000076        0x2 ./Core/Src/Lcd/ili9488.o
 .bss.yEnd      0x20000078        0x2 ./Core/Src/Lcd/ili9488.o
 *fill*         0x2000007a        0x2 
 .bss.scrparam.0
                0x2000007c        0x8 ./Core/Src/Lcd/ili9488.o
 .bss.DrawProp  0x20000084        0xc ./Core/Src/Lcd/stm32_adafruit_lcd.o
                0x20000084                DrawProp
 .bss.bitmap    0x20000090     0x1236 ./Core/Src/Lcd/stm32_adafruit_lcd.o
 *fill*         0x200012c6        0x2 
 .bss.last_time
                0x200012c8        0x4 ./Core/Src/stm32f1xx_it.o
 .bss.htim4     0x200012cc       0x48 ./Core/Src/tim.o
                0x200012cc                htim4
 .bss.uwTick    0x20001314        0x4 ./Drivers/STM32F1xx_HAL_Driver/Src/stm32f1xx_hal.o
                0x20001314                uwTick
 *(COMMON)
                0x20001318                        . = ALIGN (0x4)
                0x20001318                        _ebss = .
                0x20001318                        __bss_end__ = _ebss

._user_heap_stack
                0x20001318      0xa00 load address 0x08006b80
                0x20001318                        . = ALIGN (0x8)
                [!provide]                        PROVIDE (end = .)
                0x20001318                        PROVIDE (_end = .)
                0x20001518                        . = (. + _Min_Heap_Size)
 *fill*         0x20001318      0x200 
                0x20001d18                        . = (. + _Min_Stack_Size)
 *fill*         0x20001518      0x800 
                0x20001d18                        . = ALIGN (0x8)

/DISCARD/
 libc.a(*)
 libm.a(*)
 libgcc.a(*)

.ARM.attributes
                0x00000000       0x29
 *(.ARM.attributes)
 .ARM.attributes
                0x00000000       0x1d D:/ALX/PROGRAMMS Cube IDE/STM32CubeIDE_1.19.0/STM32CubeIDE/plugins/com.st.stm32cube.ide.mcu.externaltools.gnu-tools-for-stm32.13.3.rel1.win32_1.0.0.202411081344/tools/bin/../lib/gcc/arm-none-eabi/13.3.1/thumb/v7-m/nofp/crti.o
 .ARM.attributes
                0x0000001d       0x2d D:/ALX/PROGRAMMS Cube IDE/STM32CubeIDE_1.19.0/STM32CubeIDE/plugins/com.st.stm32cube.ide.mcu.externaltools.gnu-tools-for-stm32.13.3.rel1.win32_1.0.0.202411081344/tools/bin/../lib/gcc/arm-none-eabi/13.3.1/thumb/v7-m/nofp/crtbegin.o
 .ARM.attributes
                0x0000004a       0x2d ./Core/Src/Lcd/Fonts/Font_PROB.o
 .ARM.attributes
                0x00000077       0x2d ./Core/Src/Lcd/ili9488.o
 .ARM.attributes
                0x000000a4       0x2d ./Core/Src/Lcd/lcd_io_spi.o
 .ARM.attributes
                0x000000d1       0x2d ./Core/Src/Lcd/stm32_adafruit_lcd.o
 .ARM.attributes
                0x000000fe       0x2d ./Core/Src/gpio.o
 .ARM.attributes
                0x0000012b       0x2d ./Core/Src/main.o
 .ARM.attributes
                0x00000158       0x2d ./Core/Src/stm32f1xx_hal_msp.o
 .ARM.attributes
                0x00000185       0x2d ./Core/Src/stm32f1xx_it.o
 .ARM.attributes
                0x000001b2       0x2d ./Core/Src/system_stm32f1xx.o
 .ARM.attributes
                0x000001df       0x2d ./Core/Src/tim.o
 .ARM.attributes
                0x0000020c       0x21 ./Core/Startup/startup_stm32f103c8tx.o
 .ARM.attributes
                0x0000022d       0x2d ./Drivers/STM32F1xx_HAL_Driver/Src/stm32f1xx_hal.o
 .ARM.attributes
                0x0000025a       0x2d ./Drivers/STM32F1xx_HAL_Driver/Src/stm32f1xx_hal_cortex.o
 .ARM.attributes
                0x00000287       0x2d ./Drivers/STM32F1xx_HAL_Driver/Src/stm32f1xx_hal_gpio.o
 .ARM.attributes
                0x000002b4       0x2d ./Drivers/STM32F1xx_HAL_Driver/Src/stm32f1xx_hal_rcc.o
 .ARM.attributes
                0x000002e1       0x2d ./Drivers/STM32F1xx_HAL_Driver/Src/stm32f1xx_hal_tim.o
 .ARM.attributes
                0x0000030e       0x2d ./Drivers/STM32F1xx_HAL_Driver/Src/stm32f1xx_hal_tim_ex.o
 .ARM.attributes
                0x0000033b       0x2d D:/ALX/PROGRAMMS Cube IDE/STM32CubeIDE_1.19.0/STM32CubeIDE/plugins/com.st.stm32cube.ide.mcu.externaltools.gnu-tools-for-stm32.13.3.rel1.win32_1.0.0.202411081344/tools/bin/../lib/gcc/arm-none-eabi/13.3.1/../../../../arm-none-eabi/lib/thumb/v7-m/nofp\libc_nano.a(libc_a-memset.o)
 .ARM.attributes
                0x00000368       0x2d D:/ALX/PROGRAMMS Cube IDE/STM32CubeIDE_1.19.0/STM32CubeIDE/plugins/com.st.stm32cube.ide.mcu.externaltools.gnu-tools-for-stm32.13.3.rel1.win32_1.0.0.202411081344/tools/bin/../lib/gcc/arm-none-eabi/13.3.1/../../../../arm-none-eabi/lib/thumb/v7-m/nofp\libc_nano.a(libc_a-init.o)
 .ARM.attributes
                0x00000395       0x1d D:/ALX/PROGRAMMS Cube IDE/STM32CubeIDE_1.19.0/STM32CubeIDE/plugins/com.st.stm32cube.ide.mcu.externaltools.gnu-tools-for-stm32.13.3.rel1.win32_1.0.0.202411081344/tools/bin/../lib/gcc/arm-none-eabi/13.3.1/thumb/v7-m/nofp/crtn.o
OUTPUT(Keyboard_Frec.elf elf32-littlearm)
LOAD linker stubs
LOAD D:/ALX/PROGRAMMS Cube IDE/STM32CubeIDE_1.19.0/STM32CubeIDE/plugins/com.st.stm32cube.ide.mcu.externaltools.gnu-tools-for-stm32.13.3.rel1.win32_1.0.0.202411081344/tools/bin/../lib/gcc/arm-none-eabi/13.3.1/../../../../arm-none-eabi/lib/thumb/v7-m/nofp\libc.a
LOAD D:/ALX/PROGRAMMS Cube IDE/STM32CubeIDE_1.19.0/STM32CubeIDE/plugins/com.st.stm32cube.ide.mcu.externaltools.gnu-tools-for-stm32.13.3.rel1.win32_1.0.0.202411081344/tools/bin/../lib/gcc/arm-none-eabi/13.3.1/../../../../arm-none-eabi/lib/thumb/v7-m/nofp\libm.a
LOAD D:/ALX/PROGRAMMS Cube IDE/STM32CubeIDE_1.19.0/STM32CubeIDE/plugins/com.st.stm32cube.ide.mcu.externaltools.gnu-tools-for-stm32.13.3.rel1.win32_1.0.0.202411081344/tools/bin/../lib/gcc/arm-none-eabi/13.3.1/thumb/v7-m/nofp\libgcc.a

.debug_info     0x00000000     0xb65e
 .debug_info    0x00000000      0xf52 ./Core/Src/Lcd/Fonts/Font_PROB.o
 .debug_info    0x00000f52      0x850 ./Core/Src/Lcd/ili9488.o
 .debug_info    0x000017a2      0x861 ./Core/Src/Lcd/lcd_io_spi.o
 .debug_info    0x00002003     0x1271 ./Core/Src/Lcd/stm32_adafruit_lcd.o
 .debug_info    0x00003274      0x3f5 ./Core/Src/gpio.o
 .debug_info    0x00003669      0xcf3 ./Core/Src/main.o
 .debug_info    0x0000435c      0x1f1 ./Core/Src/stm32f1xx_hal_msp.o
 .debug_info    0x0000454d      0x82e ./Core/Src/stm32f1xx_it.o
 .debug_info    0x00004d7b      0x222 ./Core/Src/system_stm32f1xx.o
 .debug_info    0x00004f9d      0x992 ./Core/Src/tim.o
 .debug_info    0x0000592f       0x30 ./Core/Startup/startup_stm32f103c8tx.o
 .debug_info    0x0000595f      0x704 ./Drivers/STM32F1xx_HAL_Driver/Src/stm32f1xx_hal.o
 .debug_info    0x00006063      0xa87 ./Drivers/STM32F1xx_HAL_Driver/Src/stm32f1xx_hal_cortex.o
 .debug_info    0x00006aea      0x5ab ./Drivers/STM32F1xx_HAL_Driver/Src/stm32f1xx_hal_gpio.o
 .debug_info    0x00007095      0x7d5 ./Drivers/STM32F1xx_HAL_Driver/Src/stm32f1xx_hal_rcc.o
 .debug_info    0x0000786a     0x2959 ./Drivers/STM32F1xx_HAL_Driver/Src/stm32f1xx_hal_tim.o
 .debug_info    0x0000a1c3     0x149b ./Drivers/STM32F1xx_HAL_Driver/Src/stm32f1xx_hal_tim_ex.o

.debug_abbrev   0x00000000     0x1f98
 .debug_abbrev  0x00000000       0xb4 ./Core/Src/Lcd/Fonts/Font_PROB.o
 .debug_abbrev  0x000000b4      0x1b8 ./Core/Src/Lcd/ili9488.o
 .debug_abbrev  0x0000026c      0x16e ./Core/Src/Lcd/lcd_io_spi.o
 .debug_abbrev  0x000003da      0x2b8 ./Core/Src/Lcd/stm32_adafruit_lcd.o
 .debug_abbrev  0x00000692      0x15e ./Core/Src/gpio.o
 .debug_abbrev  0x000007f0      0x2e6 ./Core/Src/main.o
 .debug_abbrev  0x00000ad6       0xdb ./Core/Src/stm32f1xx_hal_msp.o
 .debug_abbrev  0x00000bb1      0x1e5 ./Core/Src/stm32f1xx_it.o
 .debug_abbrev  0x00000d96      0x13f ./Core/Src/system_stm32f1xx.o
 .debug_abbrev  0x00000ed5      0x230 ./Core/Src/tim.o
 .debug_abbrev  0x00001105       0x24 ./Core/Startup/startup_stm32f103c8tx.o
 .debug_abbrev  0x00001129      0x201 ./Drivers/STM32F1xx_HAL_Driver/Src/stm32f1xx_hal.o
 .debug_abbrev  0x0000132a      0x2f8 ./Drivers/STM32F1xx_HAL_Driver/Src/stm32f1xx_hal_cortex.o
 .debug_abbrev  0x00001622      0x1ca ./Drivers/STM32F1xx_HAL_Driver/Src/stm32f1xx_hal_gpio.o
 .debug_abbrev  0x000017ec      0x2b3 ./Drivers/STM32F1xx_HAL_Driver/Src/stm32f1xx_hal_rcc.o
 .debug_abbrev  0x00001a9f      0x277 ./Drivers/STM32F1xx_HAL_Driver/Src/stm32f1xx_hal_tim.o
 .debug_abbrev  0x00001d16      0x282 ./Drivers/STM32F1xx_HAL_Driver/Src/stm32f1xx_hal_tim_ex.o

.debug_aranges  0x00000000      0xcb8
 .debug_aranges
                0x00000000       0x18 ./Core/Src/Lcd/Fonts/Font_PROB.o
 .debug_aranges
                0x00000018       0xa8 ./Core/Src/Lcd/ili9488.o
 .debug_aranges
                0x000000c0       0xf8 ./Core/Src/Lcd/lcd_io_spi.o
 .debug_aranges
                0x000001b8      0x140 ./Core/Src/Lcd/stm32_adafruit_lcd.o
 .debug_aranges
                0x000002f8       0x20 ./Core/Src/gpio.o
 .debug_aranges
                0x00000318       0x60 ./Core/Src/main.o
 .debug_aranges
                0x00000378       0x20 ./Core/Src/stm32f1xx_hal_msp.o
 .debug_aranges
                0x00000398       0x98 ./Core/Src/stm32f1xx_it.o
 .debug_aranges
                0x00000430       0x28 ./Core/Src/system_stm32f1xx.o
 .debug_aranges
                0x00000458       0x38 ./Core/Src/tim.o
 .debug_aranges
                0x00000490       0x28 ./Core/Startup/startup_stm32f103c8tx.o
 .debug_aranges
                0x000004b8       0xe0 ./Drivers/STM32F1xx_HAL_Driver/Src/stm32f1xx_hal.o
 .debug_aranges
                0x00000598      0x100 ./Drivers/STM32F1xx_HAL_Driver/Src/stm32f1xx_hal_cortex.o
 .debug_aranges
                0x00000698       0x58 ./Drivers/STM32F1xx_HAL_Driver/Src/stm32f1xx_hal_gpio.o
 .debug_aranges
                0x000006f0       0x90 ./Drivers/STM32F1xx_HAL_Driver/Src/stm32f1xx_hal_rcc.o
 .debug_aranges
                0x00000780      0x3d0 ./Drivers/STM32F1xx_HAL_Driver/Src/stm32f1xx_hal_tim.o
 .debug_aranges
                0x00000b50      0x168 ./Drivers/STM32F1xx_HAL_Driver/Src/stm32f1xx_hal_tim_ex.o

.debug_macro    0x00000000     0x222f
 .debug_macro   0x00000000       0x6c ./Core/Src/Lcd/Fonts/Font_PROB.o
 .debug_macro   0x0000006c      0x364 ./Core/Src/Lcd/ili9488.o
 .debug_macro   0x000003d0      0x190 ./Core/Src/Lcd/ili9488.o
 .debug_macro   0x00000560       0x5c ./Core/Src/Lcd/ili9488.o
 .debug_macro   0x000005bc       0x46 ./Core/Src/Lcd/ili9488.o
 .debug_macro   0x00000602      0x4ff ./Core/Src/Lcd/lcd_io_spi.o
 .debug_macro   0x00000b01       0x82 ./Core/Src/Lcd/lcd_io_spi.o
 .debug_macro   0x00000b83       0x61 ./Core/Src/Lcd/lcd_io_spi.o
 .debug_macro   0x00000be4       0xbb ./Core/Src/Lcd/stm32_adafruit_lcd.o
 .debug_macro   0x00000c9f      0x1b3 ./Core/Src/gpio.o
 .debug_macro   0x00000e52      0x2d1 ./Core/Src/main.o
 .debug_macro   0x00001123       0x16 ./Core/Src/main.o
 .debug_macro   0x00001139       0x16 ./Core/Src/main.o
 .debug_macro   0x0000114f      0x1a9 ./Core/Src/stm32f1xx_hal_msp.o
 .debug_macro   0x000012f8      0x1b3 ./Core/Src/stm32f1xx_it.o
 .debug_macro   0x000014ab      0x199 ./Core/Src/system_stm32f1xx.o
 .debug_macro   0x00001644      0x1b3 ./Core/Src/tim.o
 .debug_macro   0x000017f7      0x1bd ./Drivers/STM32F1xx_HAL_Driver/Src/stm32f1xx_hal.o
 .debug_macro   0x000019b4      0x199 ./Drivers/STM32F1xx_HAL_Driver/Src/stm32f1xx_hal_cortex.o
 .debug_macro   0x00001b4d      0x204 ./Drivers/STM32F1xx_HAL_Driver/Src/stm32f1xx_hal_gpio.o
 .debug_macro   0x00001d51      0x1ab ./Drivers/STM32F1xx_HAL_Driver/Src/stm32f1xx_hal_rcc.o
 .debug_macro   0x00001efc      0x19a ./Drivers/STM32F1xx_HAL_Driver/Src/stm32f1xx_hal_tim.o
 .debug_macro   0x00002096      0x199 ./Drivers/STM32F1xx_HAL_Driver/Src/stm32f1xx_hal_tim_ex.o

.debug_line     0x00000000     0xe46b
 .debug_line    0x00000000      0x4b9 ./Core/Src/Lcd/Fonts/Font_PROB.o
 .debug_line    0x000004b9      0xbb7 ./Core/Src/Lcd/ili9488.o
 .debug_line    0x00001070      0xd80 ./Core/Src/Lcd/lcd_io_spi.o
 .debug_line    0x00001df0     0x1169 ./Core/Src/Lcd/stm32_adafruit_lcd.o
 .debug_line    0x00002f59      0x7b4 ./Core/Src/gpio.o
 .debug_line    0x0000370d      0xc0e ./Core/Src/main.o
 .debug_line    0x0000431b      0x792 ./Core/Src/stm32f1xx_hal_msp.o
 .debug_line    0x00004aad      0xae1 ./Core/Src/stm32f1xx_it.o
 .debug_line    0x0000558e      0x810 ./Core/Src/system_stm32f1xx.o
 .debug_line    0x00005d9e      0x83d ./Core/Src/tim.o
 .debug_line    0x000065db       0x78 ./Core/Startup/startup_stm32f103c8tx.o
 .debug_line    0x00006653      0xa41 ./Drivers/STM32F1xx_HAL_Driver/Src/stm32f1xx_hal.o
 .debug_line    0x00007094      0xc0b ./Drivers/STM32F1xx_HAL_Driver/Src/stm32f1xx_hal_cortex.o
 .debug_line    0x00007c9f      0xa9e ./Drivers/STM32F1xx_HAL_Driver/Src/stm32f1xx_hal_gpio.o
 .debug_line    0x0000873d      0xefa ./Drivers/STM32F1xx_HAL_Driver/Src/stm32f1xx_hal_rcc.o
 .debug_line    0x00009637     0x352f ./Drivers/STM32F1xx_HAL_Driver/Src/stm32f1xx_hal_tim.o
 .debug_line    0x0000cb66     0x1905 ./Drivers/STM32F1xx_HAL_Driver/Src/stm32f1xx_hal_tim_ex.o

.debug_str      0x00000000    0x8a88c
 .debug_str     0x00000000    0x8a88c ./Core/Src/Lcd/Fonts/Font_PROB.o
                               0x498a (size before relaxing)
 .debug_str     0x0008a88c    0x8283b ./Core/Src/Lcd/ili9488.o
 .debug_str     0x0008a88c    0x85e35 ./Core/Src/Lcd/lcd_io_spi.o
 .debug_str     0x0008a88c     0x4725 ./Core/Src/Lcd/stm32_adafruit_lcd.o
 .debug_str     0x0008a88c    0x81e74 ./Core/Src/gpio.o
 .debug_str     0x0008a88c    0x85fd6 ./Core/Src/main.o
 .debug_str     0x0008a88c    0x81b31 ./Core/Src/stm32f1xx_hal_msp.o
 .debug_str     0x0008a88c    0x82119 ./Core/Src/stm32f1xx_it.o
 .debug_str     0x0008a88c    0x81b49 ./Core/Src/system_stm32f1xx.o
 .debug_str     0x0008a88c    0x821bc ./Core/Src/tim.o
 .debug_str     0x0008a88c       0x72 ./Core/Startup/startup_stm32f103c8tx.o
 .debug_str     0x0008a88c    0x8227c ./Drivers/STM32F1xx_HAL_Driver/Src/stm32f1xx_hal.o
 .debug_str     0x0008a88c    0x821c8 ./Drivers/STM32F1xx_HAL_Driver/Src/stm32f1xx_hal_cortex.o
 .debug_str     0x0008a88c    0x81ecf ./Drivers/STM32F1xx_HAL_Driver/Src/stm32f1xx_hal_gpio.o
 .debug_str     0x0008a88c    0x81f78 ./Drivers/STM32F1xx_HAL_Driver/Src/stm32f1xx_hal_rcc.o
 .debug_str     0x0008a88c    0x82f7a ./Drivers/STM32F1xx_HAL_Driver/Src/stm32f1xx_hal_tim.o
 .debug_str     0x0008a88c    0x82786 ./Drivers/STM32F1xx_HAL_Driver/Src/stm32f1xx_hal_tim_ex.o

.comment        0x00000000       0x43
 .comment       0x00000000       0x43 ./Core/Src/Lcd/Fonts/Font_PROB.o
                                 0x44 (size before relaxing)
 .comment       0x00000043       0x44 ./Core/Src/Lcd/ili9488.o
 .comment       0x00000043       0x44 ./Core/Src/Lcd/lcd_io_spi.o
 .comment       0x00000043       0x44 ./Core/Src/Lcd/stm32_adafruit_lcd.o
 .comment       0x00000043       0x44 ./Core/Src/gpio.o
 .comment       0x00000043       0x44 ./Core/Src/main.o
 .comment       0x00000043       0x44 ./Core/Src/stm32f1xx_hal_msp.o
 .comment       0x00000043       0x44 ./Core/Src/stm32f1xx_it.o
 .comment       0x00000043       0x44 ./Core/Src/system_stm32f1xx.o
 .comment       0x00000043       0x44 ./Core/Src/tim.o
 .comment       0x00000043       0x44 ./Drivers/STM32F1xx_HAL_Driver/Src/stm32f1xx_hal.o
 .comment       0x00000043       0x44 ./Drivers/STM32F1xx_HAL_Driver/Src/stm32f1xx_hal_cortex.o
 .comment       0x00000043       0x44 ./Drivers/STM32F1xx_HAL_Driver/Src/stm32f1xx_hal_gpio.o
 .comment       0x00000043       0x44 ./Drivers/STM32F1xx_HAL_Driver/Src/stm32f1xx_hal_rcc.o
 .comment       0x00000043       0x44 ./Drivers/STM32F1xx_HAL_Driver/Src/stm32f1xx_hal_tim.o
 .comment       0x00000043       0x44 ./Drivers/STM32F1xx_HAL_Driver/Src/stm32f1xx_hal_tim_ex.o

.debug_rnglists
                0x00000000      0x9a8
 .debug_rnglists
                0x00000000       0x80 ./Core/Src/Lcd/ili9488.o
 .debug_rnglists
                0x00000080       0xb6 ./Core/Src/Lcd/lcd_io_spi.o
 .debug_rnglists
                0x00000136       0xf6 ./Core/Src/Lcd/stm32_adafruit_lcd.o
 .debug_rnglists
                0x0000022c       0x14 ./Core/Src/gpio.o
 .debug_rnglists
                0x00000240       0x45 ./Core/Src/main.o
 .debug_rnglists
                0x00000285       0x13 ./Core/Src/stm32f1xx_hal_msp.o
 .debug_rnglists
                0x00000298       0x6f ./Core/Src/stm32f1xx_it.o
 .debug_rnglists
                0x00000307       0x1a ./Core/Src/system_stm32f1xx.o
 .debug_rnglists
                0x00000321       0x26 ./Core/Src/tim.o
 .debug_rnglists
                0x00000347       0x19 ./Core/Startup/startup_stm32f103c8tx.o
 .debug_rnglists
                0x00000360       0xa3 ./Drivers/STM32F1xx_HAL_Driver/Src/stm32f1xx_hal.o
 .debug_rnglists
                0x00000403       0xbb ./Drivers/STM32F1xx_HAL_Driver/Src/stm32f1xx_hal_cortex.o
 .debug_rnglists
                0x000004be       0x3f ./Drivers/STM32F1xx_HAL_Driver/Src/stm32f1xx_hal_gpio.o
 .debug_rnglists
                0x000004fd       0x6c ./Drivers/STM32F1xx_HAL_Driver/Src/stm32f1xx_hal_rcc.o
 .debug_rnglists
                0x00000569      0x31a ./Drivers/STM32F1xx_HAL_Driver/Src/stm32f1xx_hal_tim.o
 .debug_rnglists
                0x00000883      0x125 ./Drivers/STM32F1xx_HAL_Driver/Src/stm32f1xx_hal_tim_ex.o

.debug_frame    0x00000000     0x339c
 .debug_frame   0x00000000      0x290 ./Core/Src/Lcd/ili9488.o
 .debug_frame   0x00000290      0x420 ./Core/Src/Lcd/lcd_io_spi.o
 .debug_frame   0x000006b0      0x574 ./Core/Src/Lcd/stm32_adafruit_lcd.o
 .debug_frame   0x00000c24       0x34 ./Core/Src/gpio.o
 .debug_frame   0x00000c58      0x148 ./Core/Src/main.o
 .debug_frame   0x00000da0       0x38 ./Core/Src/stm32f1xx_hal_msp.o
 .debug_frame   0x00000dd8      0x1c8 ./Core/Src/stm32f1xx_it.o
 .debug_frame   0x00000fa0       0x58 ./Core/Src/system_stm32f1xx.o
 .debug_frame   0x00000ff8       0xa8 ./Core/Src/tim.o
 .debug_frame   0x000010a0      0x334 ./Drivers/STM32F1xx_HAL_Driver/Src/stm32f1xx_hal.o
 .debug_frame   0x000013d4      0x428 ./Drivers/STM32F1xx_HAL_Driver/Src/stm32f1xx_hal_cortex.o
 .debug_frame   0x000017fc      0x14c ./Drivers/STM32F1xx_HAL_Driver/Src/stm32f1xx_hal_gpio.o
 .debug_frame   0x00001948      0x218 ./Drivers/STM32F1xx_HAL_Driver/Src/stm32f1xx_hal_rcc.o
 .debug_frame   0x00001b60     0x11b8 ./Drivers/STM32F1xx_HAL_Driver/Src/stm32f1xx_hal_tim.o
 .debug_frame   0x00002d18      0x638 ./Drivers/STM32F1xx_HAL_Driver/Src/stm32f1xx_hal_tim_ex.o
 .debug_frame   0x00003350       0x20 D:/ALX/PROGRAMMS Cube IDE/STM32CubeIDE_1.19.0/STM32CubeIDE/plugins/com.st.stm32cube.ide.mcu.externaltools.gnu-tools-for-stm32.13.3.rel1.win32_1.0.0.202411081344/tools/bin/../lib/gcc/arm-none-eabi/13.3.1/../../../../arm-none-eabi/lib/thumb/v7-m/nofp\libc_nano.a(libc_a-memset.o)
 .debug_frame   0x00003370       0x2c D:/ALX/PROGRAMMS Cube IDE/STM32CubeIDE_1.19.0/STM32CubeIDE/plugins/com.st.stm32cube.ide.mcu.externaltools.gnu-tools-for-stm32.13.3.rel1.win32_1.0.0.202411081344/tools/bin/../lib/gcc/arm-none-eabi/13.3.1/../../../../arm-none-eabi/lib/thumb/v7-m/nofp\libc_nano.a(libc_a-init.o)

.debug_line_str
                0x00000000       0x56
 .debug_line_str
                0x00000000       0x56 ./Core/Startup/startup_stm32f103c8tx.o
