../Core/Src/Lcd/ili9488.c:304:10:ili9488_GetLcdPixelWidth	0	static
../Core/Src/Lcd/ili9488.c:315:10:ili9488_GetLcdPixelHeight	0	static
../Core/Src/Lcd/ili9488.c:219:6:ili9488_Init	8	static
../Core/Src/Lcd/ili9488.c:358:6:ili9488_SetCursor	16	static
../Core/Src/Lcd/ili9488.c:427:6:ili9488_SetDisplayWindow	32	static
../Core/Src/Lcd/ili9488.c:276:6:ili9488_DisplayOn	8	static
../Core/Src/Lcd/ili9488.c:290:6:ili9488_DisplayOff	8	static
../Core/Src/Lcd/ili9488.c:326:10:ili9488_ReadID	16	static
../Core/Src/Lcd/ili9488.c:403:10:ili9488_ReadPixel	24	static
../Core/Src/Lcd/ili9488.c:593:6:ili9488_ReadRGBImage	16	static
../Core/Src/Lcd/ili9488.c:615:6:ili9488_Scroll	16	static
../Core/Src/Lcd/ili9488.c:368:13:ili9488_write16to24	8	static
../Core/Src/Lcd/ili9488.c:384:6:ili9488_WritePixel	24	static
../Core/Src/Lcd/ili9488.c:492:6:ili9488_FillRect	16	static
../Core/Src/Lcd/ili9488.c:463:6:ili9488_DrawHLine	16	static
../Core/Src/Lcd/ili9488.c:477:6:ili9488_DrawVLine	16	static
../Core/Src/Lcd/ili9488.c:516:6:ili9488_DrawBitmap	24	static
../Core/Src/Lcd/ili9488.c:561:6:ili9488_DrawRGBImage	16	static
