../Core/Src/Lcd/stm32_adafruit_lcd.c:120:9:BSP_LCD_Init	8	static
../Core/Src/Lcd/stm32_adafruit_lcd.c:147:10:BSP_LCD_GetXSize	0	static
../Core/Src/Lcd/stm32_adafruit_lcd.c:157:10:BSP_LCD_GetYSize	0	static
../Core/Src/Lcd/stm32_adafruit_lcd.c:167:10:BSP_LCD_GetTextColor	0	static
../Core/Src/Lcd/stm32_adafruit_lcd.c:177:10:BSP_LCD_GetBackColor	0	static
../Core/Src/Lcd/stm32_adafruit_lcd.c:187:6:BSP_LCD_SetTextColor	0	static
../Core/Src/Lcd/stm32_adafruit_lcd.c:197:6:BSP_LCD_SetBackColor	0	static
../Core/Src/Lcd/stm32_adafruit_lcd.c:207:6:BSP_LCD_SetFont	0	static
../Core/Src/Lcd/stm32_adafruit_lcd.c:217:8:BSP_LCD_GetFont	0	static
../Core/Src/Lcd/stm32_adafruit_lcd.c:227:6:BSP_LCD_Clear	24	static
../Core/Src/Lcd/stm32_adafruit_lcd.c:351:6:BSP_LCD_DrawPixel	0	static
../Core/Src/Lcd/stm32_adafruit_lcd.c:366:6:BSP_LCD_DrawHLine	24	static
../Core/Src/Lcd/stm32_adafruit_lcd.c:390:6:BSP_LCD_DrawVLine	24	static
../Core/Src/Lcd/stm32_adafruit_lcd.c:415:6:BSP_LCD_DrawLine	56	static
../Core/Src/Lcd/stm32_adafruit_lcd.c:490:6:BSP_LCD_DrawRect	24	static
../Core/Src/Lcd/stm32_adafruit_lcd.c:508:6:BSP_LCD_DrawCircle	56	static
../Core/Src/Lcd/stm32_adafruit_lcd.c:548:6:BSP_LCD_DrawPolygon	16	static
../Core/Src/Lcd/stm32_adafruit_lcd.c:576:6:BSP_LCD_DrawEllipse	56	static
../Core/Src/Lcd/stm32_adafruit_lcd.c:609:6:BSP_LCD_DrawBitmap	24	static
../Core/Src/Lcd/stm32_adafruit_lcd.c:261:6:BSP_LCD_DisplayChar	72	static
../Core/Src/Lcd/stm32_adafruit_lcd.c:278:6:BSP_LCD_DisplayStringAt	32	static
../Core/Src/Lcd/stm32_adafruit_lcd.c:339:6:BSP_LCD_DisplayStringAtLine	0	static
../Core/Src/Lcd/stm32_adafruit_lcd.c:637:6:BSP_LCD_FillRect	24	static
../Core/Src/Lcd/stm32_adafruit_lcd.c:241:6:BSP_LCD_ClearStringLine	16	static
../Core/Src/Lcd/stm32_adafruit_lcd.c:649:6:BSP_LCD_FillCircle	48	static
../Core/Src/Lcd/stm32_adafruit_lcd.c:764:6:BSP_LCD_FillEllipse	48	static
../Core/Src/Lcd/stm32_adafruit_lcd.c:795:6:BSP_LCD_DisplayOn	0	static
../Core/Src/Lcd/stm32_adafruit_lcd.c:805:6:BSP_LCD_DisplayOff	0	static
../Core/Src/Lcd/stm32_adafruit_lcd.c:915:6:BSP_LCD_FillTriangle	72	static
../Core/Src/Lcd/stm32_adafruit_lcd.c:696:6:BSP_LCD_FillPolygon	56	static
../Core/Src/Lcd/stm32_adafruit_lcd.c:1017:10:BSP_LCD_ReadID	0	static
../Core/Src/Lcd/stm32_adafruit_lcd.c:1031:10:BSP_LCD_ReadPixel	0	static
../Core/Src/Lcd/stm32_adafruit_lcd.c:1048:6:BSP_LCD_DrawRGB16Image	4	static
../Core/Src/Lcd/stm32_adafruit_lcd.c:1062:6:BSP_LCD_ReadRGB16Image	4	static
../Core/Src/Lcd/stm32_adafruit_lcd.c:1074:6:BSP_LCD_Scroll	0	static
