../Core/Src/App/LcdSpeedTest/appLcdSpeedTest.c:108:10:ClearTest	8	static
../Core/Src/App/LcdSpeedTest/appLcdSpeedTest.c:116:10:PixelTest	40	static
../Core/Src/App/LcdSpeedTest/appLcdSpeedTest.c:132:10:LineTest	56	static
../Core/Src/App/LcdSpeedTest/appLcdSpeedTest.c:150:10:FillRectTest	48	static
../Core/Src/App/LcdSpeedTest/appLcdSpeedTest.c:168:10:CharTest	40	static
../Core/Src/App/LcdSpeedTest/appLcdSpeedTest.c:202:10:CircleTest	48	static
../Core/Src/App/LcdSpeedTest/appLcdSpeedTest.c:228:10:FillCircleTest	48	static
../Core/Src/App/LcdSpeedTest/appLcdSpeedTest.c:254:10:ColorTest	48	static
../Core/Src/App/LcdSpeedTest/appLcdSpeedTest.c:286:10:BitmapTest	48	static
../Core/Src/App/LcdSpeedTest/appLcdSpeedTest.c:302:10:ScrollTest	40	static
../Core/Src/App/LcdSpeedTest/appLcdSpeedTest.c:400:10:ReadPixelTest	80	static
../Core/Src/App/LcdSpeedTest/appLcdSpeedTest.c:437:10:ReadImageTest	56	static
../Core/Src/App/LcdSpeedTest/appLcdSpeedTest.c:477:6:mainApp	96	static
