../Core/Src/stm32f1xx_it.c:73:6:NMI_Handler	0	static
../Core/Src/stm32f1xx_it.c:88:6:HardFault_Handler	0	static
../Core/Src/stm32f1xx_it.c:103:6:MemManage_Handler	0	static
../Core/Src/stm32f1xx_it.c:118:6:BusFault_Handler	0	static
../Core/Src/stm32f1xx_it.c:133:6:UsageFault_Handler	0	static
../Core/Src/stm32f1xx_it.c:148:6:SVC_Handler	0	static
../Core/Src/stm32f1xx_it.c:161:6:DebugMon_Handler	0	static
../Core/Src/stm32f1xx_it.c:174:6:PendSV_Handler	0	static
../Core/Src/stm32f1xx_it.c:187:6:SysTick_Handler	0	static
../Core/Src/stm32f1xx_it.c:208:6:EXTI0_IRQHandler	8	static
../Core/Src/stm32f1xx_it.c:233:6:EXTI1_IRQHandler	8	static,ignoring_inline_asm
../Core/Src/stm32f1xx_it.c:258:6:EXTI2_IRQHandler	8	static
../Core/Src/stm32f1xx_it.c:281:6:EXTI3_IRQHandler	8	static,ignoring_inline_asm
../Core/Src/stm32f1xx_it.c:307:6:EXTI4_IRQHandler	8	static,ignoring_inline_asm
../Core/Src/stm32f1xx_it.c:329:6:EXTI9_5_IRQHandler	8	static,ignoring_inline_asm
../Core/Src/stm32f1xx_it.c:468:6:EXTI15_10_IRQHandler	8	static,ignoring_inline_asm
