../Core/Src/syscalls.c:45:6:initialise_monitor_handles	0	static
../Core/Src/syscalls.c:49:5:_getpid	0	static
../Core/Src/syscalls.c:54:5:_kill	8	static
../Core/Src/syscalls.c:62:6:_exit	8	static
../Core/Src/syscalls.c:68:27:_read	16	static
../Core/Src/syscalls.c:83:27:_write	4	static,ignoring_inline_asm
../Core/Src/syscalls.c:102:5:_close	0	static
../Core/Src/syscalls.c:109:5:_fstat	0	static
../Core/Src/syscalls.c:116:5:_isatty	0	static
../Core/Src/syscalls.c:122:5:_lseek	0	static
../Core/Src/syscalls.c:130:5:_open	0	static
../Core/Src/syscalls.c:138:5:_wait	8	static
../Core/Src/syscalls.c:145:5:_unlink	8	static
../Core/Src/syscalls.c:152:5:_times	0	static
../Core/Src/syscalls.c:158:5:_stat	0	static
../Core/Src/syscalls.c:165:5:_link	8	static
../Core/Src/syscalls.c:173:5:_fork	8	static
../Core/Src/syscalls.c:179:5:_execve	8	static
