../Core/Src/Components/TFT_eSPI-master/examples/Sprite/Orrery/astronomy.c:556:8:Astronomy_DeltaT_EspenakMeeus	40	static
../Core/Src/Components/TFT_eSPI-master/examples/Sprite/Orrery/astronomy.c:7765:28:shadow_distance_slope	528	static
../Core/Src/Components/TFT_eSPI-master/examples/Sprite/Orrery/astronomy.c:8369:15:local_partial_distance	8	static
../Core/Src/Components/TFT_eSPI-master/examples/Sprite/Orrery/astronomy.c:8374:15:local_total_distance	8	static
../Core/Src/Components/TFT_eSPI-master/examples/Sprite/Orrery/astronomy.c:7660:17:CalcShadow	96	static
../Core/Src/Components/TFT_eSPI-master/examples/Sprite/Orrery/astronomy.c:2793:13:VsopCoords	72	static
../Core/Src/Components/TFT_eSPI-master/examples/Sprite/Orrery/astronomy.c:3084:21:AdjustBarycenterPosVel	288	static
../Core/Src/Components/TFT_eSPI-master/examples/Sprite/Orrery/astronomy.c:3104:13:MajorBodyBary	136	static
../Core/Src/Components/TFT_eSPI-master/examples/Sprite/Orrery/astronomy.c:1203:21:e_tilt	120	static
../Core/Src/Components/TFT_eSPI-master/examples/Sprite/Orrery/astronomy.c:1440:15:sidereal_time	88	static
../Core/Src/Components/TFT_eSPI-master/examples/Sprite/Orrery/astronomy.c:1366:25:nutation_rot	200	static
../Core/Src/Components/TFT_eSPI-master/examples/Sprite/Orrery/astronomy.c:1421:13:nutation	104	static
../Core/Src/Components/TFT_eSPI-master/examples/Sprite/Orrery/astronomy.c:1327:27:vector2radec	48	static
../Core/Src/Components/TFT_eSPI-master/examples/Sprite/Orrery/astronomy.c:3937:25:RotateEquatorialToEcliptic	64	static
../Core/Src/Components/TFT_eSPI-master/examples/Sprite/Orrery/astronomy.c:1230:25:precession_rot	120	static
../Core/Src/Components/TFT_eSPI-master/examples/Sprite/Orrery/astronomy.c:1318:13:precession	112	static
../Core/Src/Components/TFT_eSPI-master/examples/Sprite/Orrery/astronomy.c:1487:13:geo_pos	136	static
../Core/Src/Components/TFT_eSPI-master/examples/Sprite/Orrery/astronomy.c:2847:23:CalcVsop	80	static
../Core/Src/Components/TFT_eSPI-master/examples/Sprite/Orrery/astronomy.c:3149:23:SmallBodyAcceleration	184	static
../Core/Src/Components/TFT_eSPI-master/examples/Sprite/Orrery/astronomy.c:3228:25:GravFromState	112	static
../Core/Src/Components/TFT_eSPI-master/examples/Sprite/Orrery/astronomy.c:1655:13:AddSol.constprop	64	static
../Core/Src/Components/TFT_eSPI-master/examples/Sprite/Orrery/astronomy.c:1655:13:AddSol.constprop	64	static
../Core/Src/Components/TFT_eSPI-master/examples/Sprite/Orrery/astronomy.c:1655:13:AddSol.constprop	64	static
../Core/Src/Components/TFT_eSPI-master/examples/Sprite/Orrery/astronomy.c:1655:13:AddSol	64	static
../Core/Src/Components/TFT_eSPI-master/examples/Sprite/Orrery/astronomy.c:3301:23:CalcPlutoOneWay	464	static
../Core/Src/Components/TFT_eSPI-master/examples/Sprite/Orrery/astronomy.c:1706:13:CalcMoon	1328	static
../Core/Src/Components/TFT_eSPI-master/examples/Sprite/Orrery/astronomy.c:5733:28:moon_distance_slope	64	static
../Core/Src/Components/TFT_eSPI-master/examples/Sprite/Orrery/astronomy.c:238:8:Astronomy_VectorLength	32	static
../Core/Src/Components/TFT_eSPI-master/examples/Sprite/Orrery/astronomy.c:248:13:Astronomy_BodyName	0	static
../Core/Src/Components/TFT_eSPI-master/examples/Sprite/Orrery/astronomy.c:274:14:Astronomy_BodyCode	8	static
../Core/Src/Components/TFT_eSPI-master/examples/Sprite/Orrery/astronomy.c:676:8:Astronomy_DeltaT_JplHorizons	16	static
../Core/Src/Components/TFT_eSPI-master/examples/Sprite/Orrery/astronomy.c:701:6:Astronomy_SetDeltaTFunction	0	static
../Core/Src/Components/TFT_eSPI-master/examples/Sprite/Orrery/astronomy.c:724:14:Astronomy_TimeFromDays	24	static
../Core/Src/Components/TFT_eSPI-master/examples/Sprite/Orrery/astronomy.c:741:14:Astronomy_CurrentTime	16	static
../Core/Src/Components/TFT_eSPI-master/examples/Sprite/Orrery/astronomy.c:775:14:Astronomy_MakeTime	16	static
../Core/Src/Components/TFT_eSPI-master/examples/Sprite/Orrery/astronomy.c:814:14:Astronomy_AddDays	16	static
../Core/Src/Components/TFT_eSPI-master/examples/Sprite/Orrery/astronomy.c:846:14:Astronomy_TimeFromUtc	16	static
../Core/Src/Components/TFT_eSPI-master/examples/Sprite/Orrery/astronomy.c:863:13:Astronomy_UtcFromTime	40	static
../Core/Src/Components/TFT_eSPI-master/examples/Sprite/Orrery/astronomy.c:933:16:Astronomy_FormatTime	104	static
../Core/Src/Components/TFT_eSPI-master/examples/Sprite/Orrery/astronomy.c:1046:18:Astronomy_MakeObserver	8	static
../Core/Src/Components/TFT_eSPI-master/examples/Sprite/Orrery/astronomy.c:1875:16:Astronomy_GeoMoon	152	static
../Core/Src/Components/TFT_eSPI-master/examples/Sprite/Orrery/astronomy.c:7717:17:EarthShadow	608	static
../Core/Src/Components/TFT_eSPI-master/examples/Sprite/Orrery/astronomy.c:7729:17:MoonShadow	696	static
../Core/Src/Components/TFT_eSPI-master/examples/Sprite/Orrery/astronomy.c:8293:17:LocalMoonShadow	696	static
../Core/Src/Components/TFT_eSPI-master/examples/Sprite/Orrery/astronomy.c:8322:28:local_shadow_distance_slope	552	static
../Core/Src/Components/TFT_eSPI-master/examples/Sprite/Orrery/astronomy.c:8394:28:local_eclipse_func	480	static
../Core/Src/Components/TFT_eSPI-master/examples/Sprite/Orrery/astronomy.c:7888:28:shadow_distance	264	static
../Core/Src/Components/TFT_eSPI-master/examples/Sprite/Orrery/astronomy.c:3164:18:GravSim	216	static
../Core/Src/Components/TFT_eSPI-master/examples/Sprite/Orrery/astronomy.c:3243:23:GetSegment.constprop	12192	static
../Core/Src/Components/TFT_eSPI-master/examples/Sprite/Orrery/astronomy.c:3388:16:Astronomy_HelioVector	568	static
../Core/Src/Components/TFT_eSPI-master/examples/Sprite/Orrery/astronomy.c:3458:21:Astronomy_HelioDistance	152	static
../Core/Src/Components/TFT_eSPI-master/examples/Sprite/Orrery/astronomy.c:5906:28:planet_distance_slope	152	static
../Core/Src/Components/TFT_eSPI-master/examples/Sprite/Orrery/astronomy.c:5927:22:PlanetExtreme.constprop.isra	216	static
../Core/Src/Components/TFT_eSPI-master/examples/Sprite/Orrery/astronomy.c:3520:16:Astronomy_GeoVector	400	static
../Core/Src/Components/TFT_eSPI-master/examples/Sprite/Orrery/astronomy.c:7688:17:PlanetShadow	560	static
../Core/Src/Components/TFT_eSPI-master/examples/Sprite/Orrery/astronomy.c:7839:28:planet_shadow_distance_slope	528	static
../Core/Src/Components/TFT_eSPI-master/examples/Sprite/Orrery/astronomy.c:8634:28:planet_transit_bound	664	static
../Core/Src/Components/TFT_eSPI-master/examples/Sprite/Orrery/astronomy.c:3627:20:Astronomy_Equator	248	static
../Core/Src/Components/TFT_eSPI-master/examples/Sprite/Orrery/astronomy.c:3714:17:Astronomy_Horizon	144	static
../Core/Src/Components/TFT_eSPI-master/examples/Sprite/Orrery/astronomy.c:5130:28:peak_altitude	288	static
../Core/Src/Components/TFT_eSPI-master/examples/Sprite/Orrery/astronomy.c:3838:18:Astronomy_SunPosition	280	static
../Core/Src/Components/TFT_eSPI-master/examples/Sprite/Orrery/astronomy.c:3965:28:sun_offset	112	static
../Core/Src/Components/TFT_eSPI-master/examples/Sprite/Orrery/astronomy.c:3883:18:Astronomy_Ecliptic	56	static
../Core/Src/Components/TFT_eSPI-master/examples/Sprite/Orrery/astronomy.c:4707:28:moon_offset	448	static
../Core/Src/Components/TFT_eSPI-master/examples/Sprite/Orrery/astronomy.c:3918:22:Astronomy_EclipticLongitude	192	static
../Core/Src/Components/TFT_eSPI-master/examples/Sprite/Orrery/astronomy.c:4110:23:Astronomy_Search	368	static
../Core/Src/Components/TFT_eSPI-master/examples/Sprite/Orrery/astronomy.c:4014:23:Astronomy_SearchSunLongitude	128	static
../Core/Src/Components/TFT_eSPI-master/examples/Sprite/Orrery/astronomy.c:7902:15:ShadowSemiDurationMinutes	264	static
../Core/Src/Components/TFT_eSPI-master/examples/Sprite/Orrery/astronomy.c:8450:23:LocalEclipseTransition	376	static
../Core/Src/Components/TFT_eSPI-master/examples/Sprite/Orrery/astronomy.c:4268:23:FindSeasonChange	208	static
../Core/Src/Components/TFT_eSPI-master/examples/Sprite/Orrery/astronomy.c:4313:17:Astronomy_Seasons	160	static
../Core/Src/Components/TFT_eSPI-master/examples/Sprite/Orrery/astronomy.c:4356:22:Astronomy_AngleFromSun	240	static
../Core/Src/Components/TFT_eSPI-master/examples/Sprite/Orrery/astronomy.c:4436:28:neg_elong_slope	152	static
../Core/Src/Components/TFT_eSPI-master/examples/Sprite/Orrery/astronomy.c:4405:20:Astronomy_Elongation	368	static
../Core/Src/Components/TFT_eSPI-master/examples/Sprite/Orrery/astronomy.c:4654:22:Astronomy_LongitudeFromSun	320	static
../Core/Src/Components/TFT_eSPI-master/examples/Sprite/Orrery/astronomy.c:4755:23:Astronomy_SearchMoonPhase.constprop	208	static
../Core/Src/Components/TFT_eSPI-master/examples/Sprite/Orrery/astronomy.c:4702:22:Astronomy_MoonPhase	408	static
../Core/Src/Components/TFT_eSPI-master/examples/Sprite/Orrery/astronomy.c:4755:23:Astronomy_SearchMoonPhase	208	static
../Core/Src/Components/TFT_eSPI-master/examples/Sprite/Orrery/astronomy.c:4813:22:Astronomy_SearchMoonQuarter	440	static
../Core/Src/Components/TFT_eSPI-master/examples/Sprite/Orrery/astronomy.c:4852:22:Astronomy_NextMoonQuarter	120	static
../Core/Src/Components/TFT_eSPI-master/examples/Sprite/Orrery/astronomy.c:4940:23:Astronomy_SearchRelativeLongitude	328	static
../Core/Src/Components/TFT_eSPI-master/examples/Sprite/Orrery/astronomy.c:4486:20:Astronomy_SearchMaxElongation	464	static
../Core/Src/Components/TFT_eSPI-master/examples/Sprite/Orrery/astronomy.c:5049:20:Astronomy_SearchHourAngle	240	static
../Core/Src/Components/TFT_eSPI-master/examples/Sprite/Orrery/astronomy.c:5207:23:Astronomy_SearchRiseSet	464	static
../Core/Src/Components/TFT_eSPI-master/examples/Sprite/Orrery/astronomy.c:5450:15:Astronomy_Illumination	488	static
../Core/Src/Components/TFT_eSPI-master/examples/Sprite/Orrery/astronomy.c:5557:28:mag_slope	264	static
../Core/Src/Components/TFT_eSPI-master/examples/Sprite/Orrery/astronomy.c:5611:15:Astronomy_SearchPeakMagnitude	384	static
../Core/Src/Components/TFT_eSPI-master/examples/Sprite/Orrery/astronomy.c:5778:15:Astronomy_SearchLunarApsis	400	static
../Core/Src/Components/TFT_eSPI-master/examples/Sprite/Orrery/astronomy.c:5872:15:Astronomy_NextLunarApsis	144	static
../Core/Src/Components/TFT_eSPI-master/examples/Sprite/Orrery/astronomy.c:6110:15:Astronomy_SearchPlanetApsis	456	static
../Core/Src/Components/TFT_eSPI-master/examples/Sprite/Orrery/astronomy.c:6218:15:Astronomy_NextPlanetApsis	152	static
../Core/Src/Components/TFT_eSPI-master/examples/Sprite/Orrery/astronomy.c:6258:18:Astronomy_InverseRotation	96	static
../Core/Src/Components/TFT_eSPI-master/examples/Sprite/Orrery/astronomy.c:6294:18:Astronomy_CombineRotation	240	static
../Core/Src/Components/TFT_eSPI-master/examples/Sprite/Orrery/astronomy.c:6338:16:Astronomy_VectorFromSphere	152	static
../Core/Src/Components/TFT_eSPI-master/examples/Sprite/Orrery/astronomy.c:6371:19:Astronomy_SphereFromVector	48	static
../Core/Src/Components/TFT_eSPI-master/examples/Sprite/Orrery/astronomy.c:6417:16:Astronomy_VectorFromEquator	160	static
../Core/Src/Components/TFT_eSPI-master/examples/Sprite/Orrery/astronomy.c:6443:20:Astronomy_EquatorFromVector	48	static
../Core/Src/Components/TFT_eSPI-master/examples/Sprite/Orrery/astronomy.c:6506:19:Astronomy_HorizonFromVector	56	static
../Core/Src/Components/TFT_eSPI-master/examples/Sprite/Orrery/astronomy.c:6543:16:Astronomy_VectorFromHorizon	232	static
../Core/Src/Components/TFT_eSPI-master/examples/Sprite/Orrery/astronomy.c:6580:8:Astronomy_Refraction	16	static
../Core/Src/Components/TFT_eSPI-master/examples/Sprite/Orrery/astronomy.c:6644:8:Astronomy_InverseRefraction	56	static
../Core/Src/Components/TFT_eSPI-master/examples/Sprite/Orrery/astronomy.c:6680:16:Astronomy_RotateVector	152	static
../Core/Src/Components/TFT_eSPI-master/examples/Sprite/Orrery/astronomy.c:6709:18:Astronomy_Rotation_EQJ_ECL	16	static
../Core/Src/Components/TFT_eSPI-master/examples/Sprite/Orrery/astronomy.c:6735:18:Astronomy_Rotation_ECL_EQJ	16	static
../Core/Src/Components/TFT_eSPI-master/examples/Sprite/Orrery/astronomy.c:6764:18:Astronomy_Rotation_EQJ_EQD	408	static
../Core/Src/Components/TFT_eSPI-master/examples/Sprite/Orrery/astronomy.c:6788:18:Astronomy_Rotation_EQD_EQJ	408	static
../Core/Src/Components/TFT_eSPI-master/examples/Sprite/Orrery/astronomy.c:6820:18:Astronomy_Rotation_EQD_HOR	104	static
../Core/Src/Components/TFT_eSPI-master/examples/Sprite/Orrery/astronomy.c:6876:18:Astronomy_Rotation_HOR_EQD	280	static
../Core/Src/Components/TFT_eSPI-master/examples/Sprite/Orrery/astronomy.c:6901:18:Astronomy_Rotation_HOR_EQJ	488	static
../Core/Src/Components/TFT_eSPI-master/examples/Sprite/Orrery/astronomy.c:6933:18:Astronomy_Rotation_EQJ_HOR	552	static
../Core/Src/Components/TFT_eSPI-master/examples/Sprite/Orrery/astronomy.c:6955:18:Astronomy_Rotation_EQD_ECL	392	static
../Core/Src/Components/TFT_eSPI-master/examples/Sprite/Orrery/astronomy.c:6981:18:Astronomy_Rotation_ECL_EQD	424	static
../Core/Src/Components/TFT_eSPI-master/examples/Sprite/Orrery/astronomy.c:7009:18:Astronomy_Rotation_ECL_HOR	456	static
../Core/Src/Components/TFT_eSPI-master/examples/Sprite/Orrery/astronomy.c:7034:18:Astronomy_Rotation_HOR_ECL	464	static
../Core/Src/Components/TFT_eSPI-master/examples/Sprite/Orrery/astronomy.c:7535:23:Astronomy_Constellation	480	static
../Core/Src/Components/TFT_eSPI-master/examples/Sprite/Orrery/astronomy.c:7945:23:Astronomy_SearchLunarEclipse	792	static
../Core/Src/Components/TFT_eSPI-master/examples/Sprite/Orrery/astronomy.c:8033:23:Astronomy_NextLunarEclipse	72	static
../Core/Src/Components/TFT_eSPI-master/examples/Sprite/Orrery/astronomy.c:8197:30:Astronomy_SearchGlobalSolarEclipse	1488	static
../Core/Src/Components/TFT_eSPI-master/examples/Sprite/Orrery/astronomy.c:8260:30:Astronomy_NextGlobalSolarEclipse	72	static
../Core/Src/Components/TFT_eSPI-master/examples/Sprite/Orrery/astronomy.c:8410:21:SunAltitude	280	static
../Core/Src/Components/TFT_eSPI-master/examples/Sprite/Orrery/astronomy.c:8552:29:Astronomy_SearchLocalSolarEclipse	1296	static
../Core/Src/Components/TFT_eSPI-master/examples/Sprite/Orrery/astronomy.c:8625:29:Astronomy_NextLocalSolarEclipse	104	static
../Core/Src/Components/TFT_eSPI-master/examples/Sprite/Orrery/astronomy.c:8688:17:Astronomy_SearchTransit	712	static
../Core/Src/Components/TFT_eSPI-master/examples/Sprite/Orrery/astronomy.c:8788:17:Astronomy_NextTransit	80	static
../Core/Src/Components/TFT_eSPI-master/examples/Sprite/Orrery/astronomy.c:8809:6:Astronomy_Reset	16	static
