Archive member included to satisfy reference by file (symbol)

D:/ALX/PROGRAMMS Cube IDE/STM32CubeIDE_1.19.0/STM32CubeIDE/plugins/com.st.stm32cube.ide.mcu.externaltools.gnu-tools-for-stm32.13.3.rel1.win32_1.0.0.202411081344/tools/bin/../lib/gcc/arm-none-eabi/13.3.1/../../../../arm-none-eabi/lib/thumb/v7-m/nofp\libc_nano.a(libc_a-exit.o)
                              D:/ALX/PROGRAMMS Cube IDE/STM32CubeIDE_1.19.0/STM32CubeIDE/plugins/com.st.stm32cube.ide.mcu.externaltools.gnu-tools-for-stm32.13.3.rel1.win32_1.0.0.202411081344/tools/bin/../lib/gcc/arm-none-eabi/13.3.1/../../../../arm-none-eabi/lib/thumb/v7-m/nofp/crt0.o (exit)
D:/ALX/PROGRAMMS Cube IDE/STM32CubeIDE_1.19.0/STM32CubeIDE/plugins/com.st.stm32cube.ide.mcu.externaltools.gnu-tools-for-stm32.13.3.rel1.win32_1.0.0.202411081344/tools/bin/../lib/gcc/arm-none-eabi/13.3.1/../../../../arm-none-eabi/lib/thumb/v7-m/nofp\libc_nano.a(libc_a-random.o)
                              ./Core/Src/App/LcdSpeedTest/appLcdSpeedTest.o (random)
D:/ALX/PROGRAMMS Cube IDE/STM32CubeIDE_1.19.0/STM32CubeIDE/plugins/com.st.stm32cube.ide.mcu.externaltools.gnu-tools-for-stm32.13.3.rel1.win32_1.0.0.202411081344/tools/bin/../lib/gcc/arm-none-eabi/13.3.1/../../../../arm-none-eabi/lib/thumb/v7-m/nofp\libc_nano.a(libc_a-findfp.o)
                              D:/ALX/PROGRAMMS Cube IDE/STM32CubeIDE_1.19.0/STM32CubeIDE/plugins/com.st.stm32cube.ide.mcu.externaltools.gnu-tools-for-stm32.13.3.rel1.win32_1.0.0.202411081344/tools/bin/../lib/gcc/arm-none-eabi/13.3.1/../../../../arm-none-eabi/lib/thumb/v7-m/nofp\libc_nano.a(libc_a-exit.o) (__stdio_exit_handler)
D:/ALX/PROGRAMMS Cube IDE/STM32CubeIDE_1.19.0/STM32CubeIDE/plugins/com.st.stm32cube.ide.mcu.externaltools.gnu-tools-for-stm32.13.3.rel1.win32_1.0.0.202411081344/tools/bin/../lib/gcc/arm-none-eabi/13.3.1/../../../../arm-none-eabi/lib/thumb/v7-m/nofp\libc_nano.a(libc_a-fwalk.o)
                              D:/ALX/PROGRAMMS Cube IDE/STM32CubeIDE_1.19.0/STM32CubeIDE/plugins/com.st.stm32cube.ide.mcu.externaltools.gnu-tools-for-stm32.13.3.rel1.win32_1.0.0.202411081344/tools/bin/../lib/gcc/arm-none-eabi/13.3.1/../../../../arm-none-eabi/lib/thumb/v7-m/nofp\libc_nano.a(libc_a-findfp.o) (_fwalk_sglue)
D:/ALX/PROGRAMMS Cube IDE/STM32CubeIDE_1.19.0/STM32CubeIDE/plugins/com.st.stm32cube.ide.mcu.externaltools.gnu-tools-for-stm32.13.3.rel1.win32_1.0.0.202411081344/tools/bin/../lib/gcc/arm-none-eabi/13.3.1/../../../../arm-none-eabi/lib/thumb/v7-m/nofp\libc_nano.a(libc_a-printf.o)
                              ./Core/Src/App/LcdSpeedTest/appLcdSpeedTest.o (printf)
D:/ALX/PROGRAMMS Cube IDE/STM32CubeIDE_1.19.0/STM32CubeIDE/plugins/com.st.stm32cube.ide.mcu.externaltools.gnu-tools-for-stm32.13.3.rel1.win32_1.0.0.202411081344/tools/bin/../lib/gcc/arm-none-eabi/13.3.1/../../../../arm-none-eabi/lib/thumb/v7-m/nofp\libc_nano.a(libc_a-puts.o)
                              ./Core/Src/App/LcdSpeedTest/appLcdSpeedTest.o (puts)
D:/ALX/PROGRAMMS Cube IDE/STM32CubeIDE_1.19.0/STM32CubeIDE/plugins/com.st.stm32cube.ide.mcu.externaltools.gnu-tools-for-stm32.13.3.rel1.win32_1.0.0.202411081344/tools/bin/../lib/gcc/arm-none-eabi/13.3.1/../../../../arm-none-eabi/lib/thumb/v7-m/nofp\libc_nano.a(libc_a-stdio.o)
                              D:/ALX/PROGRAMMS Cube IDE/STM32CubeIDE_1.19.0/STM32CubeIDE/plugins/com.st.stm32cube.ide.mcu.externaltools.gnu-tools-for-stm32.13.3.rel1.win32_1.0.0.202411081344/tools/bin/../lib/gcc/arm-none-eabi/13.3.1/../../../../arm-none-eabi/lib/thumb/v7-m/nofp\libc_nano.a(libc_a-findfp.o) (__sread)
D:/ALX/PROGRAMMS Cube IDE/STM32CubeIDE_1.19.0/STM32CubeIDE/plugins/com.st.stm32cube.ide.mcu.externaltools.gnu-tools-for-stm32.13.3.rel1.win32_1.0.0.202411081344/tools/bin/../lib/gcc/arm-none-eabi/13.3.1/../../../../arm-none-eabi/lib/thumb/v7-m/nofp\libc_nano.a(libc_a-wbuf.o)
                              D:/ALX/PROGRAMMS Cube IDE/STM32CubeIDE_1.19.0/STM32CubeIDE/plugins/com.st.stm32cube.ide.mcu.externaltools.gnu-tools-for-stm32.13.3.rel1.win32_1.0.0.202411081344/tools/bin/../lib/gcc/arm-none-eabi/13.3.1/../../../../arm-none-eabi/lib/thumb/v7-m/nofp\libc_nano.a(libc_a-puts.o) (__swbuf_r)
D:/ALX/PROGRAMMS Cube IDE/STM32CubeIDE_1.19.0/STM32CubeIDE/plugins/com.st.stm32cube.ide.mcu.externaltools.gnu-tools-for-stm32.13.3.rel1.win32_1.0.0.202411081344/tools/bin/../lib/gcc/arm-none-eabi/13.3.1/../../../../arm-none-eabi/lib/thumb/v7-m/nofp\libc_nano.a(libc_a-wsetup.o)
                              D:/ALX/PROGRAMMS Cube IDE/STM32CubeIDE_1.19.0/STM32CubeIDE/plugins/com.st.stm32cube.ide.mcu.externaltools.gnu-tools-for-stm32.13.3.rel1.win32_1.0.0.202411081344/tools/bin/../lib/gcc/arm-none-eabi/13.3.1/../../../../arm-none-eabi/lib/thumb/v7-m/nofp\libc_nano.a(libc_a-puts.o) (__swsetup_r)
D:/ALX/PROGRAMMS Cube IDE/STM32CubeIDE_1.19.0/STM32CubeIDE/plugins/com.st.stm32cube.ide.mcu.externaltools.gnu-tools-for-stm32.13.3.rel1.win32_1.0.0.202411081344/tools/bin/../lib/gcc/arm-none-eabi/13.3.1/../../../../arm-none-eabi/lib/thumb/v7-m/nofp\libc_nano.a(libc_a-memset.o)
[...]
Memory Configuration

Name             Origin             Length             Attributes
RAM              0x20000000         0x00005000         xrw
FLASH            0x08000000         0x00010000         xr
*default*        0x00000000         0xffffffff

Linker script and memory map

LOAD D:/ALX/PROGRAMMS Cube IDE/STM32CubeIDE_1.19.0/STM32CubeIDE/plugins/com.st.stm32cube.ide.mcu.externaltools.gnu-tools-for-stm32.13.3.rel1.win32_1.0.0.202411081344/tools/bin/../lib/gcc/arm-none-eabi/13.3.1/thumb/v7-m/nofp/crti.o
LOAD D:/ALX/PROGRAMMS Cube IDE/STM32CubeIDE_1.19.0/STM32CubeIDE/plugins/com.st.stm32cube.ide.mcu.externaltools.gnu-tools-for-stm32.13.3.rel1.win32_1.0.0.202411081344/tools/bin/../lib/gcc/arm-none-eabi/13.3.1/thumb/v7-m/nofp/crtbegin.o
LOAD D:/ALX/PROGRAMMS Cube IDE/STM32CubeIDE_1.19.0/STM32CubeIDE/plugins/com.st.stm32cube.ide.mcu.externaltools.gnu-tools-for-stm32.13.3.rel1.win32_1.0.0.202411081344/tools/bin/../lib/gcc/arm-none-eabi/13.3.1/../../../../arm-none-eabi/lib/thumb/v7-m/nofp/crt0.o
LOAD ./Core/Src/App/LcdSpeedTest/appLcdSpeedTest.o
LOAD ./Core/Src/App/LcdSpeedTest/beer_60x100_16.o
LOAD ./Core/Src/Lcd/Fonts/MY_FONT.o
LOAD ./Core/Src/Lcd/Fonts/font12.o
LOAD ./Core/Src/Lcd/Fonts/font12_MY.o
LOAD ./Core/Src/Lcd/Fonts/font16.o
LOAD ./Core/Src/Lcd/Fonts/font20.o
LOAD ./Core/Src/Lcd/Fonts/font24.o
LOAD ./Core/Src/Lcd/Fonts/font8.o
LOAD ./Core/Src/Lcd/Fonts/font_MY.o
LOAD ./Core/Src/Lcd/Fonts/font_MY_BIG.o
LOAD ./Core/Src/Lcd/ili9488.o
LOAD ./Core/Src/Lcd/lcd_io_spi.o
LOAD ./Core/Src/Lcd/stm32_adafruit_lcd.o
LOAD ./Core/Src/gpio.o
LOAD ./Core/Src/main.o
LOAD ./Core/Src/stm32f1xx_hal_msp.o
LOAD ./Core/Src/stm32f1xx_it.o
LOAD ./Core/Src/syscalls.o
LOAD ./Core/Src/sysmem.o
LOAD ./Core/Src/system_stm32f1xx.o
LOAD ./Core/Src/tim.o
LOAD ./Core/Startup/startup_stm32f103c8tx.o
LOAD ./Drivers/STM32F1xx_HAL_Driver/Src/stm32f1xx_hal.o
LOAD ./Drivers/STM32F1xx_HAL_Driver/Src/stm32f1xx_hal_cortex.o
LOAD ./Drivers/STM32F1xx_HAL_Driver/Src/stm32f1xx_hal_dma.o
LOAD ./Drivers/STM32F1xx_HAL_Driver/Src/stm32f1xx_hal_exti.o
LOAD ./Drivers/STM32F1xx_HAL_Driver/Src/stm32f1xx_hal_flash.o
LOAD ./Drivers/STM32F1xx_HAL_Driver/Src/stm32f1xx_hal_flash_ex.o
LOAD ./Drivers/STM32F1xx_HAL_Driver/Src/stm32f1xx_hal_gpio.o
LOAD ./Drivers/STM32F1xx_HAL_Driver/Src/stm32f1xx_hal_gpio_ex.o
LOAD ./Drivers/STM32F1xx_HAL_Driver/Src/stm32f1xx_hal_pwr.o
LOAD ./Drivers/STM32F1xx_HAL_Driver/Src/stm32f1xx_hal_rcc.o
LOAD ./Drivers/STM32F1xx_HAL_Driver/Src/stm32f1xx_hal_rcc_ex.o
LOAD ./Drivers/STM32F1xx_HAL_Driver/Src/stm32f1xx_hal_tim.o
LOAD ./Drivers/STM32F1xx_HAL_Driver/Src/stm32f1xx_hal_tim_ex.o
START GROUP
LOAD D:/ALX/PROGRAMMS Cube IDE/STM32CubeIDE_1.19.0/STM32CubeIDE/plugins/com.st.stm32cube.ide.mcu.externaltools.gnu-tools-for-stm32.13.3.rel1.win32_1.0.0.202411081344/tools/bin/../lib/gcc/arm-none-eabi/13.3.1/../../../../arm-none-eabi/lib/thumb/v7-m/nofp\libc_nano.a
LOAD D:/ALX/PROGRAMMS Cube IDE/STM32CubeIDE_1.19.0/STM32CubeIDE/plugins/com.st.stm32cube.ide.mcu.externaltools.gnu-tools-for-stm32.13.3.rel1.win32_1.0.0.202411081344/tools/bin/../lib/gcc/arm-none-eabi/13.3.1/../../../../arm-none-eabi/lib/thumb/v7-m/nofp\libm.a
END GROUP
START GROUP
LOAD D:/ALX/PROGRAMMS Cube IDE/STM32CubeIDE_1.19.0/STM32CubeIDE/plugins/com.st.stm32cube.ide.mcu.externaltools.gnu-tools-for-stm32.13.3.rel1.win32_1.0.0.202411081344/tools/bin/../lib/gcc/arm-none-eabi/13.3.1/thumb/v7-m/nofp\libgcc.a
LOAD D:/ALX/PROGRAMMS Cube IDE/STM32CubeIDE_1.19.0/STM32CubeIDE/plugins/com.st.stm32cube.ide.mcu.externaltools.gnu-tools-for-stm32.13.3.rel1.win32_1.0.0.202411081344/tools/bin/../lib/gcc/arm-none-eabi/13.3.1/../../../../arm-none-eabi/lib/thumb/v7-m/nofp\libc_nano.a
END GROUP
START GROUP
LOAD D:/ALX/PROGRAMMS Cube IDE/STM32CubeIDE_1.19.0/STM32CubeIDE/plugins/com.st.stm32cube.ide.mcu.externaltools.gnu-tools-for-stm32.13.3.rel1.win32_1.0.0.202411081344/tools/bin/../lib/gcc/arm-none-eabi/13.3.1/thumb/v7-m/nofp\libgcc.a
LOAD D:/ALX/PROGRAMMS Cube IDE/STM32CubeIDE_1.19.0/STM32CubeIDE/plugins/com.st.stm32cube.ide.mcu.externaltools.gnu-tools-for-stm32.13.3.rel1.win32_1.0.0.202411081344/tools/bin/../lib/gcc/arm-none-eabi/13.3.1/../../../../arm-none-eabi/lib/thumb/v7-m/nofp\libc_nano.a
LOAD D:/ALX/PROGRAMMS Cube IDE/STM32CubeIDE_1.19.0/STM32CubeIDE/plugins/com.st.stm32cube.ide.mcu.externaltools.gnu-tools-for-stm32.13.3.rel1.win32_1.0.0.202411081344/tools/bin/../lib/gcc/arm-none-eabi/13.3.1/../../../../arm-none-eabi/lib/thumb/v7-m/nofp\libnosys.a
END GROUP
START GROUP
LOAD D:/ALX/PROGRAMMS Cube IDE/STM32CubeIDE_1.19.0/STM32CubeIDE/plugins/com.st.stm32cube.ide.mcu.externaltools.gnu-tools-for-stm32.13.3.rel1.win32_1.0.0.202411081344/tools/bin/../lib/gcc/arm-none-eabi/13.3.1/thumb/v7-m/nofp\libgcc.a
LOAD D:/ALX/PROGRAMMS Cube IDE/STM32CubeIDE_1.19.0/STM32CubeIDE/plugins/com.st.stm32cube.ide.mcu.externaltools.gnu-tools-for-stm32.13.3.rel1.win32_1.0.0.202411081344/tools/bin/../lib/gcc/arm-none-eabi/13.3.1/../../../../arm-none-eabi/lib/thumb/v7-m/nofp\libc_nano.a
LOAD D:/ALX/PROGRAMMS Cube IDE/STM32CubeIDE_1.19.0/STM32CubeIDE/plugins/com.st.stm32cube.ide.mcu.externaltools.gnu-tools-for-stm32.13.3.rel1.win32_1.0.0.202411081344/tools/bin/../lib/gcc/arm-none-eabi/13.3.1/../../../../arm-none-eabi/lib/thumb/v7-m/nofp\libnosys.a
END GROUP
LOAD D:/ALX/PROGRAMMS Cube IDE/STM32CubeIDE_1.19.0/STM32CubeIDE/plugins/com.st.stm32cube.ide.mcu.externaltools.gnu-tools-for-stm32.13.3.rel1.win32_1.0.0.202411081344/tools/bin/../lib/gcc/arm-none-eabi/13.3.1/thumb/v7-m/nofp/crtend.o
LOAD D:/ALX/PROGRAMMS Cube IDE/STM32CubeIDE_1.19.0/STM32CubeIDE/plugins/com.st.stm32cube.ide.mcu.externaltools.gnu-tools-for-stm32.13.3.rel1.win32_1.0.0.202411081344/tools/bin/../lib/gcc/arm-none-eabi/13.3.1/thumb/v7-m/nofp/crtn.o
                0x20005000                        _estack = (ORIGIN (RAM) + LENGTH (RAM))
                0x00000200                        _Min_Heap_Size = 0x200
                0x00000800                        _Min_Stack_Size = 0x800

.isr_vector     0x08000000      0x10c
                0x08000000                        . = ALIGN (0x4)
 *(.isr_vector)
 .isr_vector    0x08000000      0x10c ./Core/Startup/startup_stm32f103c8tx.o
                0x08000000                g_pfnVectors
                0x0800010c                        . = ALIGN (0x4)

.text           0x0800010c     0x2200
                0x0800010c                        . = ALIGN (0x4)
 *(.text)
 .text          0x0800010c       0x40 D:/ALX/PROGRAMMS Cube IDE/STM32CubeIDE_1.19.0/STM32CubeIDE/plugins/com.st.stm32cube.ide.mcu.externaltools.gnu-tools-for-stm32.13.3.rel1.win32_1.0.0.202411081344/tools/bin/../lib/gcc/arm-none-eabi/13.3.1/thumb/v7-m/nofp/crtbegin.o
 .text          0x0800014c       0x10 D:/ALX/PROGRAMMS Cube IDE/STM32CubeIDE_1.19.0/STM32CubeIDE/plugins/com.st.stm32cube.ide.mcu.externaltools.gnu-tools-for-stm32.13.3.rel1.win32_1.0.0.202411081344/tools/bin/../lib/gcc/arm-none-eabi/13.3.1/../../../../arm-none-eabi/lib/thumb/v7-m/nofp\libc_nano.a(libc_a-strlen.o)
                0x0800014c                strlen
 *(.text*)
 .text.ili9488_GetLcdPixelWidth
                0x0800015c        0x8 ./Core/Src/Lcd/ili9488.o
                0x0800015c                ili9488_GetLcdPixelWidth
 .text.ili9488_GetLcdPixelHeight
                0x08000164        0x8 ./Core/Src/Lcd/ili9488.o
                0x08000164                ili9488_GetLcdPixelHeight
 .text.ili9488_Init
                0x0800016c      0x11c ./Core/Src/Lcd/ili9488.o
                0x0800016c                ili9488_Init
 .text.ili9488_SetCursor
                0x08000288       0x50 ./Core/Src/Lcd/ili9488.o
                0x08000288                ili9488_SetCursor
 .text.ili9488_SetDisplayWindow
                0x080002d8       0x88 ./Core/Src/Lcd/ili9488.o
                0x080002d8                ili9488_SetDisplayWindow
 .text.ili9488_DisplayOn
                0x08000360       0x14 ./Core/Src/Lcd/ili9488.o
                0x08000360                ili9488_DisplayOn
 .text.ili9488_DisplayOff
                0x08000374       0x14 ./Core/Src/Lcd/ili9488.o
                0x08000374                ili9488_DisplayOff
 .text.ili9488_ReadID
                0x08000388       0x40 ./Core/Src/Lcd/ili9488.o
                0x08000388                ili9488_ReadID
 .text.ili9488_ReadPixel
                0x080003c8       0x64 ./Core/Src/Lcd/ili9488.o
                0x080003c8                ili9488_ReadPixel
 .text.ili9488_ReadRGBImage
                0x0800042c       0x20 ./Core/Src/Lcd/ili9488.o
                0x0800042c                ili9488_ReadRGBImage
 .text.ili9488_Scroll
                0x0800044c       0x64 ./Core/Src/Lcd/ili9488.o
                0x0800044c                ili9488_Scroll
 .text.ili9488_FillRect
                0x080004b0       0x44 ./Core/Src/Lcd/ili9488.o
                0x080004b0                ili9488_FillRect
 .text.ili9488_DrawRGBImage
                0x080004f4       0x3c ./Core/Src/Lcd/ili9488.o
                0x080004f4                ili9488_DrawRGBImage
 .text.ili9488_DrawBitmap
                0x08000530       0xb0 ./Core/Src/Lcd/ili9488.o
                0x08000530                ili9488_DrawBitmap
 .text.ili9488_WritePixel
                0x080005e0       0x74 ./Core/Src/Lcd/ili9488.o
                0x080005e0                ili9488_WritePixel
 .text.ili9488_DrawHLine
                0x08000654       0x44 ./Core/Src/Lcd/ili9488.o
                0x08000654                ili9488_DrawHLine
 .text.ili9488_DrawVLine
                0x08000698       0x44 ./Core/Src/Lcd/ili9488.o
                0x08000698                ili9488_DrawVLine
 .text.LCD_IO_Delay
                0x080006dc       0x20 ./Core/Src/Lcd/lcd_io_spi.o
                0x080006dc                LCD_IO_Delay
 .text.LCD_Delay
                0x080006fc        0x4 ./Core/Src/Lcd/lcd_io_spi.o
                0x080006fc                LCD_Delay
 .text.LCD_IO_Bl_OnOff
                0x08000700       0x1c ./Core/Src/Lcd/lcd_io_spi.o
                0x08000700                LCD_IO_Bl_OnOff
 .text.LCD_IO_Init
                0x0800071c       0xc4 ./Core/Src/Lcd/lcd_io_spi.o
                0x0800071c                LCD_IO_Init
 .text.LCD_IO_WriteCmd8
                0x080007e0       0x40 ./Core/Src/Lcd/lcd_io_spi.o
                0x080007e0                LCD_IO_WriteCmd8
 .text.LCD_IO_WriteData8
                0x08000820       0x38 ./Core/Src/Lcd/lcd_io_spi.o
                0x08000820                LCD_IO_WriteData8
 .text.LCD_IO_WriteCmd8DataFill16
                0x08000858       0x78 ./Core/Src/Lcd/lcd_io_spi.o
                0x08000858                LCD_IO_WriteCmd8DataFill16
 .text.LCD_IO_WriteCmd8MultipleData8
                0x080008d0       0x78 ./Core/Src/Lcd/lcd_io_spi.o
                0x080008d0                LCD_IO_WriteCmd8MultipleData8
 .text.LCD_IO_WriteCmd8MultipleData16
                0x08000948       0x7c ./Core/Src/Lcd/lcd_io_spi.o
                0x08000948                LCD_IO_WriteCmd8MultipleData16
 .text.LCD_IO_ReadCmd8MultipleData8
                0x080009c4        0x4 ./Core/Src/Lcd/lcd_io_spi.o
                0x080009c4                LCD_IO_ReadCmd8MultipleData8
 .text.LCD_IO_ReadCmd8MultipleData24to16
                0x080009c8        0x4 ./Core/Src/Lcd/lcd_io_spi.o
                0x080009c8                LCD_IO_ReadCmd8MultipleData24to16
 .text.BSP_LCD_SetTextColor
                0x080009cc        0xc ./Core/Src/Lcd/stm32_adafruit_lcd.o
                0x080009cc                BSP_LCD_SetTextColor
 .text.BSP_LCD_SetFont
                0x080009d8        0xc ./Core/Src/Lcd/stm32_adafruit_lcd.o
                0x080009d8                BSP_LCD_SetFont
 .text.BSP_LCD_DrawBitmap
                0x080009e4       0x5c ./Core/Src/Lcd/stm32_adafruit_lcd.o
                0x080009e4                BSP_LCD_DrawBitmap
 .text.BSP_LCD_DisplayChar
                0x08000a40      0x138 ./Core/Src/Lcd/stm32_adafruit_lcd.o
                0x08000a40                BSP_LCD_DisplayChar
 .text.BSP_LCD_DisplayStringAt
                0x08000b78       0xa8 ./Core/Src/Lcd/stm32_adafruit_lcd.o
                0x08000b78                BSP_LCD_DisplayStringAt
 .text.MX_GPIO_Init
                0x08000c20       0xf8 ./Core/Src/gpio.o
                0x08000c20                MX_GPIO_Init
 .text.SystemClock_Config
                0x08000d18       0x68 ./Core/Src/main.o
                0x08000d18                SystemClock_Config
 .text.startup.main
                0x08000d80       0x68 ./Core/Src/main.o
                0x08000d80                main
 .text.button_debounced
                0x08000de8        0x4 ./Core/Src/main.o
                0x08000de8                button_debounced
 .text.Error_Handler
                0x08000dec        0x4 ./Core/Src/main.o
                0x08000dec                Error_Handler
 .text.HAL_MspInit
                0x08000df0       0x44 ./Core/Src/stm32f1xx_hal_msp.o
                0x08000df0                HAL_MspInit
 .text.NMI_Handler
                0x08000e34        0x4 ./Core/Src/stm32f1xx_it.o
                0x08000e34                NMI_Handler
 .text.HardFault_Handler
                0x08000e38        0x4 ./Core/Src/stm32f1xx_it.o
                0x08000e38                HardFault_Handler
 .text.MemManage_Handler
                0x08000e3c        0x4 ./Core/Src/stm32f1xx_it.o
                0x08000e3c                MemManage_Handler
 .text.BusFault_Handler
                0x08000e40        0x4 ./Core/Src/stm32f1xx_it.o
                0x08000e40                BusFault_Handler
 .text.UsageFault_Handler
                0x08000e44        0x4 ./Core/Src/stm32f1xx_it.o
                0x08000e44                UsageFault_Handler
 .text.SVC_Handler
                0x08000e48        0x4 ./Core/Src/stm32f1xx_it.o
                0x08000e48                SVC_Handler
 .text.DebugMon_Handler
                0x08000e4c        0x4 ./Core/Src/stm32f1xx_it.o
                0x08000e4c                DebugMon_Handler
 .text.PendSV_Handler
                0x08000e50        0x4 ./Core/Src/stm32f1xx_it.o
                0x08000e50                PendSV_Handler
 .text.SysTick_Handler
                0x08000e54        0x4 ./Core/Src/stm32f1xx_it.o
                0x08000e54                SysTick_Handler
 .text.EXTI0_IRQHandler
                0x08000e58       0x40 ./Core/Src/stm32f1xx_it.o
                0x08000e58                EXTI0_IRQHandler
 .text.EXTI1_IRQHandler
                0x08000e98       0x34 ./Core/Src/stm32f1xx_it.o
                0x08000e98                EXTI1_IRQHandler
 .text.EXTI2_IRQHandler
                0x08000ecc       0x34 ./Core/Src/stm32f1xx_it.o
                0x08000ecc                EXTI2_IRQHandler
 .text.EXTI3_IRQHandler
                0x08000f00       0x34 ./Core/Src/stm32f1xx_it.o
                0x08000f00                EXTI3_IRQHandler
 .text.EXTI4_IRQHandler
                0x08000f34       0x34 ./Core/Src/stm32f1xx_it.o
                0x08000f34                EXTI4_IRQHandler
 .text.EXTI9_5_IRQHandler
                0x08000f68      0x1a0 ./Core/Src/stm32f1xx_it.o
                0x08000f68                EXTI9_5_IRQHandler
 .text.EXTI15_10_IRQHandler
                0x08001108      0x164 ./Core/Src/stm32f1xx_it.o
                0x08001108                EXTI15_10_IRQHandler
 .text.SystemInit
                0x0800126c        0x4 ./Core/Src/system_stm32f1xx.o
                0x0800126c                SystemInit
 .text.MX_TIM4_Init
                0x08001270       0xcc ./Core/Src/tim.o
                0x08001270                MX_TIM4_Init
 .text.HAL_TIM_PWM_MspInit
                0x0800133c       0x2c ./Core/Src/tim.o
                0x0800133c                HAL_TIM_PWM_MspInit
 .text.Reset_Handler
                0x08001368       0x48 ./Core/Startup/startup_stm32f103c8tx.o
                0x08001368                Reset_Handler
 .text.Default_Handler
                0x080013b0        0x2 ./Core/Startup/startup_stm32f103c8tx.o
                0x080013b0                RTC_Alarm_IRQHandler
                0x080013b0                TIM1_CC_IRQHandler
                0x080013b0                PVD_IRQHandler
                0x080013b0                I2C2_EV_IRQHandler
                0x080013b0                ADC1_2_IRQHandler
                0x080013b0                SPI1_IRQHandler
                0x080013b0                TAMPER_IRQHandler
                0x080013b0                DMA1_Channel4_IRQHandler
                0x080013b0                USART3_IRQHandler
                0x080013b0                RTC_IRQHandler
                0x080013b0                DMA1_Channel7_IRQHandler
                0x080013b0                CAN1_RX1_IRQHandler
                0x080013b0                TIM4_IRQHandler
                0x080013b0                I2C1_EV_IRQHandler
                0x080013b0                DMA1_Channel6_IRQHandler
                0x080013b0                TIM3_IRQHandler
                0x080013b0                RCC_IRQHandler
                0x080013b0                TIM1_TRG_COM_IRQHandler
                0x080013b0                DMA1_Channel1_IRQHandler
                0x080013b0                Default_Handler
                0x080013b0                SPI2_IRQHandler
                0x080013b0                DMA1_Channel5_IRQHandler
                0x080013b0                USB_LP_CAN1_RX0_IRQHandler
                0x080013b0                USB_HP_CAN1_TX_IRQHandler
                0x080013b0                DMA1_Channel3_IRQHandler
                0x080013b0                TIM1_UP_IRQHandler
                0x080013b0                WWDG_IRQHandler
                0x080013b0                TIM2_IRQHandler
                0x080013b0                TIM1_BRK_IRQHandler
                0x080013b0                USART2_IRQHandler
                0x080013b0                I2C2_ER_IRQHandler
                0x080013b0                DMA1_Channel2_IRQHandler
                0x080013b0                CAN1_SCE_IRQHandler
                0x080013b0                FLASH_IRQHandler
                0x080013b0                USART1_IRQHandler
                0x080013b0                I2C1_ER_IRQHandler
                0x080013b0                USBWakeUp_IRQHandler
 *fill*         0x080013b2        0x2 
 .text.HAL_InitTick
                0x080013b4       0x48 ./Drivers/STM32F1xx_HAL_Driver/Src/stm32f1xx_hal.o
                0x080013b4                HAL_InitTick
 .text.HAL_Init
                0x080013fc       0x24 ./Drivers/STM32F1xx_HAL_Driver/Src/stm32f1xx_hal.o
                0x080013fc                HAL_Init
 .text.HAL_IncTick
                0x08001420       0x18 ./Drivers/STM32F1xx_HAL_Driver/Src/stm32f1xx_hal.o
                0x08001420                HAL_IncTick
 .text.HAL_GetTick
                0x08001438        0xc ./Drivers/STM32F1xx_HAL_Driver/Src/stm32f1xx_hal.o
                0x08001438                HAL_GetTick
 .text.HAL_Delay
                0x08001444       0x24 ./Drivers/STM32F1xx_HAL_Driver/Src/stm32f1xx_hal.o
                0x08001444                HAL_Delay
 .text.HAL_NVIC_SetPriorityGrouping
                0x08001468       0x24 ./Drivers/STM32F1xx_HAL_Driver/Src/stm32f1xx_hal_cortex.o
                0x08001468                HAL_NVIC_SetPriorityGrouping
 .text.HAL_NVIC_SetPriority
                0x0800148c       0x78 ./Drivers/STM32F1xx_HAL_Driver/Src/stm32f1xx_hal_cortex.o
                0x0800148c                HAL_NVIC_SetPriority
 .text.HAL_NVIC_EnableIRQ
                0x08001504       0x1c ./Drivers/STM32F1xx_HAL_Driver/Src/stm32f1xx_hal_cortex.o
                0x08001504                HAL_NVIC_EnableIRQ
 .text.HAL_SYSTICK_Config
                0x08001520       0x30 ./Drivers/STM32F1xx_HAL_Driver/Src/stm32f1xx_hal_cortex.o
                0x08001520                HAL_SYSTICK_Config
 .text.HAL_GPIO_Init
                0x08001550      0x40c ./Drivers/STM32F1xx_HAL_Driver/Src/stm32f1xx_hal_gpio.o
                0x08001550                HAL_GPIO_Init
 .text.HAL_GPIO_EXTI_Callback
                0x0800195c        0x4 ./Drivers/STM32F1xx_HAL_Driver/Src/stm32f1xx_hal_gpio.o
                0x0800195c                HAL_GPIO_EXTI_Callback
 .text.HAL_GPIO_EXTI_IRQHandler
                0x08001960       0x18 ./Drivers/STM32F1xx_HAL_Driver/Src/stm32f1xx_hal_gpio.o
                0x08001960                HAL_GPIO_EXTI_IRQHandler
 .text.HAL_RCC_OscConfig
                0x08001978      0x3dc ./Drivers/STM32F1xx_HAL_Driver/Src/stm32f1xx_hal_rcc.o
                0x08001978                HAL_RCC_OscConfig
 .text.HAL_RCC_ClockConfig
                0x08001d54      0x184 ./Drivers/STM32F1xx_HAL_Driver/Src/stm32f1xx_hal_rcc.o
                0x08001d54                HAL_RCC_ClockConfig
 .text.HAL_TIM_PWM_Init
                0x08001ed8       0xdc ./Drivers/STM32F1xx_HAL_Driver/Src/stm32f1xx_hal_tim.o
                0x08001ed8                HAL_TIM_PWM_Init
 .text.HAL_TIM_PWM_Start
                0x08001fb4       0xb0 ./Drivers/STM32F1xx_HAL_Driver/Src/stm32f1xx_hal_tim.o
                0x08001fb4                HAL_TIM_PWM_Start
 .text.HAL_TIM_PWM_ConfigChannel
                0x08002064      0x1e4 ./Drivers/STM32F1xx_HAL_Driver/Src/stm32f1xx_hal_tim.o
                0x08002064                HAL_TIM_PWM_ConfigChannel
 .text.HAL_TIMEx_MasterConfigSynchronization
                0x08002248       0x64 ./Drivers/STM32F1xx_HAL_Driver/Src/stm32f1xx_hal_tim_ex.o
                0x08002248                HAL_TIMEx_MasterConfigSynchronization
 .text.__libc_init_array
                0x080022ac       0x48 D:/ALX/PROGRAMMS Cube IDE/STM32CubeIDE_1.19.0/STM32CubeIDE/plugins/com.st.stm32cube.ide.mcu.externaltools.gnu-tools-for-stm32.13.3.rel1.win32_1.0.0.202411081344/tools/bin/../lib/gcc/arm-none-eabi/13.3.1/../../../../arm-none-eabi/lib/thumb/v7-m/nofp\libc_nano.a(libc_a-init.o)
                0x080022ac                __libc_init_array
 *(.glue_7)
 .glue_7        0x080022f4        0x0 linker stubs
 *(.glue_7t)
 .glue_7t       0x080022f4        0x0 linker stubs
 *(.eh_frame)
 .eh_frame      0x080022f4        0x0 D:/ALX/PROGRAMMS Cube IDE/STM32CubeIDE_1.19.0/STM32CubeIDE/plugins/com.st.stm32cube.ide.mcu.externaltools.gnu-tools-for-stm32.13.3.rel1.win32_1.0.0.202411081344/tools/bin/../lib/gcc/arm-none-eabi/13.3.1/thumb/v7-m/nofp/crtbegin.o
 *(.init)
 .init          0x080022f4        0x4 D:/ALX/PROGRAMMS Cube IDE/STM32CubeIDE_1.19.0/STM32CubeIDE/plugins/com.st.stm32cube.ide.mcu.externaltools.gnu-tools-for-stm32.13.3.rel1.win32_1.0.0.202411081344/tools/bin/../lib/gcc/arm-none-eabi/13.3.1/thumb/v7-m/nofp/crti.o
                0x080022f4                _init
 .init          0x080022f8        0x8 D:/ALX/PROGRAMMS Cube IDE/STM32CubeIDE_1.19.0/STM32CubeIDE/plugins/com.st.stm32cube.ide.mcu.externaltools.gnu-tools-for-stm32.13.3.rel1.win32_1.0.0.202411081344/tools/bin/../lib/gcc/arm-none-eabi/13.3.1/thumb/v7-m/nofp/crtn.o
 *(.fini)
 .fini          0x08002300        0x4 D:/ALX/PROGRAMMS Cube IDE/STM32CubeIDE_1.19.0/STM32CubeIDE/plugins/com.st.stm32cube.ide.mcu.externaltools.gnu-tools-for-stm32.13.3.rel1.win32_1.0.0.202411081344/tools/bin/../lib/gcc/arm-none-eabi/13.3.1/thumb/v7-m/nofp/crti.o
                0x08002300                _fini
 .fini          0x08002304        0x8 D:/ALX/PROGRAMMS Cube IDE/STM32CubeIDE_1.19.0/STM32CubeIDE/plugins/com.st.stm32cube.ide.mcu.externaltools.gnu-tools-for-stm32.13.3.rel1.win32_1.0.0.202411081344/tools/bin/../lib/gcc/arm-none-eabi/13.3.1/thumb/v7-m/nofp/crtn.o
                0x0800230c                        . = ALIGN (0x4)
                0x0800230c                        _etext = .

.vfp11_veneer   0x0800230c        0x0
 .vfp11_veneer  0x0800230c        0x0 linker stubs

.v4_bx          0x0800230c        0x0
 .v4_bx         0x0800230c        0x0 linker stubs

.iplt           0x0800230c        0x0
 .iplt          0x0800230c        0x0 D:/ALX/PROGRAMMS Cube IDE/STM32CubeIDE_1.19.0/STM32CubeIDE/plugins/com.st.stm32cube.ide.mcu.externaltools.gnu-tools-for-stm32.13.3.rel1.win32_1.0.0.202411081344/tools/bin/../lib/gcc/arm-none-eabi/13.3.1/thumb/v7-m/nofp/crtbegin.o

.rodata         0x0800230c      0x25c
                0x0800230c                        . = ALIGN (0x4)
 *(.rodata)
 .rodata        0x0800230c       0x24 ./Core/Src/Lcd/ili9488.o
 *(.rodata*)
 .rodata.Font_My_B_Table
                0x08002330      0x200 ./Core/Src/Lcd/Fonts/font_MY_BIG.o
                0x08002330                Font_My_B_Table
 .rodata.ili9488_Init.str1.4
                0x08002530       0x12 ./Core/Src/Lcd/ili9488.o
                                  0xd (size before relaxing)
 .rodata.main.str1.4
                0x08002542        0x2 ./Core/Src/main.o
 *fill*         0x08002542        0x2 
 .rodata.AHBPrescTable
                0x08002544       0x10 ./Core/Src/system_stm32f1xx.o
                0x08002544                AHBPrescTable
 .rodata.aPredivFactorTable.0
                0x08002554        0x2 ./Drivers/STM32F1xx_HAL_Driver/Src/stm32f1xx_hal_rcc.o
 *fill*         0x08002556        0x2 
 .rodata.aPLLMULFactorTable.1
                0x08002558       0x10 ./Drivers/STM32F1xx_HAL_Driver/Src/stm32f1xx_hal_rcc.o
                0x08002568                        . = ALIGN (0x4)

.ARM.extab      0x08002568        0x0
                0x08002568                        . = ALIGN (0x4)
 *(.ARM.extab* .gnu.linkonce.armextab.*)
                0x08002568                        . = ALIGN (0x4)

.ARM            0x08002568        0x8
                0x08002568                        . = ALIGN (0x4)
                0x08002568                        __exidx_start = .
 *(.ARM.exidx*)
 .ARM.exidx     0x08002568        0x8 D:/ALX/PROGRAMMS Cube IDE/STM32CubeIDE_1.19.0/STM32CubeIDE/plugins/com.st.stm32cube.ide.mcu.externaltools.gnu-tools-for-stm32.13.3.rel1.win32_1.0.0.202411081344/tools/bin/../lib/gcc/arm-none-eabi/13.3.1/../../../../arm-none-eabi/lib/thumb/v7-m/nofp\libc_nano.a(libc_a-strlen.o)
                0x08002570                        __exidx_end = .
                0x08002570                        . = ALIGN (0x4)

.preinit_array  0x08002570        0x0
                0x08002570                        . = ALIGN (0x4)
                0x08002570                        PROVIDE (__preinit_array_start = .)
 *(.preinit_array*)
                0x08002570                        PROVIDE (__preinit_array_end = .)
                0x08002570                        . = ALIGN (0x4)

.init_array     0x08002570        0x4
                0x08002570                        . = ALIGN (0x4)
                0x08002570                        PROVIDE (__init_array_start = .)
 *(SORT_BY_NAME(.init_array.*))
 *(.init_array*)
 .init_array    0x08002570        0x4 D:/ALX/PROGRAMMS Cube IDE/STM32CubeIDE_1.19.0/STM32CubeIDE/plugins/com.st.stm32cube.ide.mcu.externaltools.gnu-tools-for-stm32.13.3.rel1.win32_1.0.0.202411081344/tools/bin/../lib/gcc/arm-none-eabi/13.3.1/thumb/v7-m/nofp/crtbegin.o
                0x08002574                        PROVIDE (__init_array_end = .)
                0x08002574                        . = ALIGN (0x4)

.fini_array     0x08002574        0x4
                0x08002574                        . = ALIGN (0x4)
                [!provide]                        PROVIDE (__fini_array_start = .)
 *(SORT_BY_NAME(.fini_array.*))
 *(.fini_array*)
 .fini_array    0x08002574        0x4 D:/ALX/PROGRAMMS Cube IDE/STM32CubeIDE_1.19.0/STM32CubeIDE/plugins/com.st.stm32cube.ide.mcu.externaltools.gnu-tools-for-stm32.13.3.rel1.win32_1.0.0.202411081344/tools/bin/../lib/gcc/arm-none-eabi/13.3.1/thumb/v7-m/nofp/crtbegin.o
                [!provide]                        PROVIDE (__fini_array_end = .)
                0x08002578                        . = ALIGN (0x4)
                0x08002578                        _sidata = LOADADDR (.data)

.rel.dyn        0x08002578        0x0
 .rel.iplt      0x08002578        0x0 D:/ALX/PROGRAMMS Cube IDE/STM32CubeIDE_1.19.0/STM32CubeIDE/plugins/com.st.stm32cube.ide.mcu.externaltools.gnu-tools-for-stm32.13.3.rel1.win32_1.0.0.202411081344/tools/bin/../lib/gcc/arm-none-eabi/13.3.1/thumb/v7-m/nofp/crtbegin.o

.data           0x20000000       0x60 load address 0x08002578
                0x20000000                        . = ALIGN (0x4)
                0x20000000                        _sdata = .
 *(.data)
 *(.data*)
 .data.Font_MY_BG
                0x20000000        0x8 ./Core/Src/Lcd/Fonts/font_MY_BIG.o
                0x20000000                Font_MY_BG
 .data.lcd_drv  0x20000008        0x4 ./Core/Src/Lcd/ili9488.o
                0x20000008                lcd_drv
 .data.ili9488_drv
                0x2000000c       0x44 ./Core/Src/Lcd/ili9488.o
                0x2000000c                ili9488_drv
 .data.cnt      0x20000050        0x4 ./Core/Src/stm32f1xx_it.o
                0x20000050                cnt
 .data.SystemCoreClock
                0x20000054        0x4 ./Core/Src/system_stm32f1xx.o
                0x20000054                SystemCoreClock
 .data.uwTickFreq
                0x20000058        0x1 ./Drivers/STM32F1xx_HAL_Driver/Src/stm32f1xx_hal.o
                0x20000058                uwTickFreq
 *fill*         0x20000059        0x3 
 .data.uwTickPrio
                0x2000005c        0x4 ./Drivers/STM32F1xx_HAL_Driver/Src/stm32f1xx_hal.o
                0x2000005c                uwTickPrio
 *(.RamFunc)
 *(.RamFunc*)
                0x20000060                        . = ALIGN (0x4)
                0x20000060                        _edata = .

.igot.plt       0x20000060        0x0 load address 0x080025d8
 .igot.plt      0x20000060        0x0 D:/ALX/PROGRAMMS Cube IDE/STM32CubeIDE_1.19.0/STM32CubeIDE/plugins/com.st.stm32cube.ide.mcu.externaltools.gnu-tools-for-stm32.13.3.rel1.win32_1.0.0.202411081344/tools/bin/../lib/gcc/arm-none-eabi/13.3.1/thumb/v7-m/nofp/crtbegin.o
                0x20000060                        . = ALIGN (0x4)

.bss            0x20000060     0x1448 load address 0x080025d8
                0x20000060                        _sbss = .
                0x20000060                        __bss_start__ = _sbss
 *(.bss)
 .bss           0x20000060       0x1c D:/ALX/PROGRAMMS Cube IDE/STM32CubeIDE_1.19.0/STM32CubeIDE/plugins/com.st.stm32cube.ide.mcu.externaltools.gnu-tools-for-stm32.13.3.rel1.win32_1.0.0.202411081344/tools/bin/../lib/gcc/arm-none-eabi/13.3.1/thumb/v7-m/nofp/crtbegin.o
 *(.bss*)
 .bss.scrparam.0
                0x2000007c        0x8 ./Core/Src/Lcd/ili9488.o
 .bss.yEnd      0x20000084        0x2 ./Core/Src/Lcd/ili9488.o
 .bss.yStart    0x20000086        0x2 ./Core/Src/Lcd/ili9488.o
 .bss.Is_ili9488_Initialized
                0x20000088        0x1 ./Core/Src/Lcd/ili9488.o
 *fill*         0x20000089        0x3 
 .bss.bitmap    0x2000008c     0x13be ./Core/Src/Lcd/stm32_adafruit_lcd.o
 *fill*         0x2000144a        0x6 
 .bss.DrawProp  0x20001450        0xc ./Core/Src/Lcd/stm32_adafruit_lcd.o
                0x20001450                DrawProp
 .bss.htim4     0x2000145c       0x48 ./Core/Src/tim.o
                0x2000145c                htim4
 .bss.uwTick    0x200014a4        0x4 ./Drivers/STM32F1xx_HAL_Driver/Src/stm32f1xx_hal.o
                0x200014a4                uwTick
 *(COMMON)
                0x200014a8                        . = ALIGN (0x4)
                0x200014a8                        _ebss = .
                0x200014a8                        __bss_end__ = _ebss

._user_heap_stack
                0x200014a8      0xa00 load address 0x080025d8
                0x200014a8                        . = ALIGN (0x8)
                [!provide]                        PROVIDE (end = .)
                0x200014a8                        PROVIDE (_end = .)
                0x200016a8                        . = (. + _Min_Heap_Size)
 *fill*         0x200014a8      0x200 
                0x20001ea8                        . = (. + _Min_Stack_Size)
 *fill*         0x200016a8      0x800 
                0x20001ea8                        . = ALIGN (0x8)

/DISCARD/
 libc.a(*)
 libm.a(*)
 libgcc.a(*)

.ARM.attributes
                0x00000000       0x29
 *(.ARM.attributes)
 .ARM.attributes
                0x00000000       0x1d D:/ALX/PROGRAMMS Cube IDE/STM32CubeIDE_1.19.0/STM32CubeIDE/plugins/com.st.stm32cube.ide.mcu.externaltools.gnu-tools-for-stm32.13.3.rel1.win32_1.0.0.202411081344/tools/bin/../lib/gcc/arm-none-eabi/13.3.1/thumb/v7-m/nofp/crti.o
 .ARM.attributes
                0x0000001d       0x2d D:/ALX/PROGRAMMS Cube IDE/STM32CubeIDE_1.19.0/STM32CubeIDE/plugins/com.st.stm32cube.ide.mcu.externaltools.gnu-tools-for-stm32.13.3.rel1.win32_1.0.0.202411081344/tools/bin/../lib/gcc/arm-none-eabi/13.3.1/thumb/v7-m/nofp/crtbegin.o
 .ARM.attributes
                0x0000004a       0x2d ./Core/Src/Lcd/Fonts/font_MY_BIG.o
 .ARM.attributes
                0x00000077       0x2d ./Core/Src/Lcd/ili9488.o
 .ARM.attributes
                0x000000a4       0x2d ./Core/Src/Lcd/lcd_io_spi.o
 .ARM.attributes
                0x000000d1       0x2d ./Core/Src/Lcd/stm32_adafruit_lcd.o
 .ARM.attributes
                0x000000fe       0x2d ./Core/Src/gpio.o
 .ARM.attributes
                0x0000012b       0x2d ./Core/Src/main.o
 .ARM.attributes
                0x00000158       0x2d ./Core/Src/stm32f1xx_hal_msp.o
 .ARM.attributes
                0x00000185       0x2d ./Core/Src/stm32f1xx_it.o
 .ARM.attributes
                0x000001b2       0x2d ./Core/Src/system_stm32f1xx.o
 .ARM.attributes
                0x000001df       0x2d ./Core/Src/tim.o
 .ARM.attributes
                0x0000020c       0x21 ./Core/Startup/startup_stm32f103c8tx.o
 .ARM.attributes
                0x0000022d       0x2d ./Drivers/STM32F1xx_HAL_Driver/Src/stm32f1xx_hal.o
 .ARM.attributes
                0x0000025a       0x2d ./Drivers/STM32F1xx_HAL_Driver/Src/stm32f1xx_hal_cortex.o
 .ARM.attributes
                0x00000287       0x2d ./Drivers/STM32F1xx_HAL_Driver/Src/stm32f1xx_hal_gpio.o
 .ARM.attributes
                0x000002b4       0x2d ./Drivers/STM32F1xx_HAL_Driver/Src/stm32f1xx_hal_rcc.o
 .ARM.attributes
                0x000002e1       0x2d ./Drivers/STM32F1xx_HAL_Driver/Src/stm32f1xx_hal_tim.o
 .ARM.attributes
                0x0000030e       0x2d ./Drivers/STM32F1xx_HAL_Driver/Src/stm32f1xx_hal_tim_ex.o
 .ARM.attributes
                0x0000033b       0x2d D:/ALX/PROGRAMMS Cube IDE/STM32CubeIDE_1.19.0/STM32CubeIDE/plugins/com.st.stm32cube.ide.mcu.externaltools.gnu-tools-for-stm32.13.3.rel1.win32_1.0.0.202411081344/tools/bin/../lib/gcc/arm-none-eabi/13.3.1/../../../../arm-none-eabi/lib/thumb/v7-m/nofp\libc_nano.a(libc_a-init.o)
 .ARM.attributes
                0x00000368       0x17 D:/ALX/PROGRAMMS Cube IDE/STM32CubeIDE_1.19.0/STM32CubeIDE/plugins/com.st.stm32cube.ide.mcu.externaltools.gnu-tools-for-stm32.13.3.rel1.win32_1.0.0.202411081344/tools/bin/../lib/gcc/arm-none-eabi/13.3.1/../../../../arm-none-eabi/lib/thumb/v7-m/nofp\libc_nano.a(libc_a-strlen.o)
 .ARM.attributes
                0x0000037f       0x1d D:/ALX/PROGRAMMS Cube IDE/STM32CubeIDE_1.19.0/STM32CubeIDE/plugins/com.st.stm32cube.ide.mcu.externaltools.gnu-tools-for-stm32.13.3.rel1.win32_1.0.0.202411081344/tools/bin/../lib/gcc/arm-none-eabi/13.3.1/thumb/v7-m/nofp/crtn.o
OUTPUT(Keyboard_Frec.elf elf32-littlearm)
LOAD linker stubs
LOAD D:/ALX/PROGRAMMS Cube IDE/STM32CubeIDE_1.19.0/STM32CubeIDE/plugins/com.st.stm32cube.ide.mcu.externaltools.gnu-tools-for-stm32.13.3.rel1.win32_1.0.0.202411081344/tools/bin/../lib/gcc/arm-none-eabi/13.3.1/../../../../arm-none-eabi/lib/thumb/v7-m/nofp\libc.a
LOAD D:/ALX/PROGRAMMS Cube IDE/STM32CubeIDE_1.19.0/STM32CubeIDE/plugins/com.st.stm32cube.ide.mcu.externaltools.gnu-tools-for-stm32.13.3.rel1.win32_1.0.0.202411081344/tools/bin/../lib/gcc/arm-none-eabi/13.3.1/../../../../arm-none-eabi/lib/thumb/v7-m/nofp\libm.a
LOAD D:/ALX/PROGRAMMS Cube IDE/STM32CubeIDE_1.19.0/STM32CubeIDE/plugins/com.st.stm32cube.ide.mcu.externaltools.gnu-tools-for-stm32.13.3.rel1.win32_1.0.0.202411081344/tools/bin/../lib/gcc/arm-none-eabi/13.3.1/thumb/v7-m/nofp\libgcc.a

.debug_info     0x00000000    0x1100f
 .debug_info    0x00000000      0x124 ./Core/Src/Lcd/Fonts/font_MY_BIG.o
 .debug_info    0x00000124     0x15ef ./Core/Src/Lcd/ili9488.o
 .debug_info    0x00001713      0xf17 ./Core/Src/Lcd/lcd_io_spi.o
 .debug_info    0x0000262a     0x2d9e ./Core/Src/Lcd/stm32_adafruit_lcd.o
 .debug_info    0x000053c8      0x57d ./Core/Src/gpio.o
 .debug_info    0x00005945      0xd5d ./Core/Src/main.o
 .debug_info    0x000066a2      0x1f0 ./Core/Src/stm32f1xx_hal_msp.o
 .debug_info    0x00006892      0xb1d ./Core/Src/stm32f1xx_it.o
 .debug_info    0x000073af      0x231 ./Core/Src/system_stm32f1xx.o
 .debug_info    0x000075e0      0xa94 ./Core/Src/tim.o
 .debug_info    0x00008074       0x30 ./Core/Startup/startup_stm32f103c8tx.o
 .debug_info    0x000080a4      0x7dc ./Drivers/STM32F1xx_HAL_Driver/Src/stm32f1xx_hal.o
 .debug_info    0x00008880      0xd02 ./Drivers/STM32F1xx_HAL_Driver/Src/stm32f1xx_hal_cortex.o
 .debug_info    0x00009582      0x60c ./Drivers/STM32F1xx_HAL_Driver/Src/stm32f1xx_hal_gpio.o
 .debug_info    0x00009b8e      0xa69 ./Drivers/STM32F1xx_HAL_Driver/Src/stm32f1xx_hal_rcc.o
 .debug_info    0x0000a5f7     0x4e69 ./Drivers/STM32F1xx_HAL_Driver/Src/stm32f1xx_hal_tim.o
 .debug_info    0x0000f460     0x1baf ./Drivers/STM32F1xx_HAL_Driver/Src/stm32f1xx_hal_tim_ex.o

.debug_abbrev   0x00000000     0x291c
 .debug_abbrev  0x00000000       0xb1 ./Core/Src/Lcd/Fonts/font_MY_BIG.o
 .debug_abbrev  0x000000b1      0x2c7 ./Core/Src/Lcd/ili9488.o
 .debug_abbrev  0x00000378      0x20f ./Core/Src/Lcd/lcd_io_spi.o
 .debug_abbrev  0x00000587      0x535 ./Core/Src/Lcd/stm32_adafruit_lcd.o
 .debug_abbrev  0x00000abc      0x170 ./Core/Src/gpio.o
 .debug_abbrev  0x00000c2c      0x36d ./Core/Src/main.o
 .debug_abbrev  0x00000f99       0xf6 ./Core/Src/stm32f1xx_hal_msp.o
 .debug_abbrev  0x0000108f      0x268 ./Core/Src/stm32f1xx_it.o
 .debug_abbrev  0x000012f7      0x145 ./Core/Src/system_stm32f1xx.o
 .debug_abbrev  0x0000143c      0x29e ./Core/Src/tim.o
 .debug_abbrev  0x000016da       0x24 ./Core/Startup/startup_stm32f103c8tx.o
 .debug_abbrev  0x000016fe      0x272 ./Drivers/STM32F1xx_HAL_Driver/Src/stm32f1xx_hal.o
 .debug_abbrev  0x00001970      0x363 ./Drivers/STM32F1xx_HAL_Driver/Src/stm32f1xx_hal_cortex.o
 .debug_abbrev  0x00001cd3      0x20a ./Drivers/STM32F1xx_HAL_Driver/Src/stm32f1xx_hal_gpio.o
 .debug_abbrev  0x00001edd      0x344 ./Drivers/STM32F1xx_HAL_Driver/Src/stm32f1xx_hal_rcc.o
 .debug_abbrev  0x00002221      0x37f ./Drivers/STM32F1xx_HAL_Driver/Src/stm32f1xx_hal_tim.o
 .debug_abbrev  0x000025a0      0x37c ./Drivers/STM32F1xx_HAL_Driver/Src/stm32f1xx_hal_tim_ex.o

.debug_aranges  0x00000000      0xbd0
 .debug_aranges
                0x00000000       0x18 ./Core/Src/Lcd/Fonts/font_MY_BIG.o
 .debug_aranges
                0x00000018       0xa8 ./Core/Src/Lcd/ili9488.o
 .debug_aranges
                0x000000c0       0xf8 ./Core/Src/Lcd/lcd_io_spi.o
 .debug_aranges
                0x000001b8      0x130 ./Core/Src/Lcd/stm32_adafruit_lcd.o
 .debug_aranges
                0x000002e8       0x20 ./Core/Src/gpio.o
 .debug_aranges
                0x00000308       0x58 ./Core/Src/main.o
 .debug_aranges
                0x00000360       0x20 ./Core/Src/stm32f1xx_hal_msp.o
 .debug_aranges
                0x00000380       0x98 ./Core/Src/stm32f1xx_it.o
 .debug_aranges
                0x00000418       0x28 ./Core/Src/system_stm32f1xx.o
 .debug_aranges
                0x00000440       0x38 ./Core/Src/tim.o
 .debug_aranges
                0x00000478       0x28 ./Core/Startup/startup_stm32f103c8tx.o
 .debug_aranges
                0x000004a0       0xe0 ./Drivers/STM32F1xx_HAL_Driver/Src/stm32f1xx_hal.o
 .debug_aranges
                0x00000580       0x90 ./Drivers/STM32F1xx_HAL_Driver/Src/stm32f1xx_hal_cortex.o
 .debug_aranges
                0x00000610       0x58 ./Drivers/STM32F1xx_HAL_Driver/Src/stm32f1xx_hal_gpio.o
 .debug_aranges
                0x00000668       0x88 ./Drivers/STM32F1xx_HAL_Driver/Src/stm32f1xx_hal_rcc.o
 .debug_aranges
                0x000006f0      0x380 ./Drivers/STM32F1xx_HAL_Driver/Src/stm32f1xx_hal_tim.o
 .debug_aranges
                0x00000a70      0x160 ./Drivers/STM32F1xx_HAL_Driver/Src/stm32f1xx_hal_tim_ex.o

.debug_macro    0x00000000     0x2230
 .debug_macro   0x00000000       0x73 ./Core/Src/Lcd/Fonts/font_MY_BIG.o
 .debug_macro   0x00000073      0x364 ./Core/Src/Lcd/ili9488.o
 .debug_macro   0x000003d7      0x190 ./Core/Src/Lcd/ili9488.o
 .debug_macro   0x00000567       0x5c ./Core/Src/Lcd/ili9488.o
 .debug_macro   0x000005c3       0x46 ./Core/Src/Lcd/ili9488.o
 .debug_macro   0x00000609      0x506 ./Core/Src/Lcd/lcd_io_spi.o
 .debug_macro   0x00000b0f       0x82 ./Core/Src/Lcd/lcd_io_spi.o
 .debug_macro   0x00000b91       0x61 ./Core/Src/Lcd/lcd_io_spi.o
 .debug_macro   0x00000bf2       0xbb ./Core/Src/Lcd/stm32_adafruit_lcd.o
 .debug_macro   0x00000cad      0x1b3 ./Core/Src/gpio.o
 .debug_macro   0x00000e60      0x2c4 ./Core/Src/main.o
 .debug_macro   0x00001124       0x16 ./Core/Src/main.o
 .debug_macro   0x0000113a       0x16 ./Core/Src/main.o
 .debug_macro   0x00001150      0x1a9 ./Core/Src/stm32f1xx_hal_msp.o
 .debug_macro   0x000012f9      0x1b3 ./Core/Src/stm32f1xx_it.o
 .debug_macro   0x000014ac      0x199 ./Core/Src/system_stm32f1xx.o
 .debug_macro   0x00001645      0x1b3 ./Core/Src/tim.o
 .debug_macro   0x000017f8      0x1bd ./Drivers/STM32F1xx_HAL_Driver/Src/stm32f1xx_hal.o
 .debug_macro   0x000019b5      0x199 ./Drivers/STM32F1xx_HAL_Driver/Src/stm32f1xx_hal_cortex.o
 .debug_macro   0x00001b4e      0x204 ./Drivers/STM32F1xx_HAL_Driver/Src/stm32f1xx_hal_gpio.o
 .debug_macro   0x00001d52      0x1ab ./Drivers/STM32F1xx_HAL_Driver/Src/stm32f1xx_hal_rcc.o
 .debug_macro   0x00001efd      0x19a ./Drivers/STM32F1xx_HAL_Driver/Src/stm32f1xx_hal_tim.o
 .debug_macro   0x00002097      0x199 ./Drivers/STM32F1xx_HAL_Driver/Src/stm32f1xx_hal_tim_ex.o

.debug_line     0x00000000    0x14853
 .debug_line    0x00000000      0x4bb ./Core/Src/Lcd/Fonts/font_MY_BIG.o
 .debug_line    0x000004bb      0xf60 ./Core/Src/Lcd/ili9488.o
 .debug_line    0x0000141b     0x150d ./Core/Src/Lcd/lcd_io_spi.o
 .debug_line    0x00002928     0x2891 ./Core/Src/Lcd/stm32_adafruit_lcd.o
 .debug_line    0x000051b9      0x819 ./Core/Src/gpio.o
 .debug_line    0x000059d2      0xd58 ./Core/Src/main.o
 .debug_line    0x0000672a      0x7b0 ./Core/Src/stm32f1xx_hal_msp.o
 .debug_line    0x00006eda      0xc67 ./Core/Src/stm32f1xx_it.o
 .debug_line    0x00007b41      0x815 ./Core/Src/system_stm32f1xx.o
 .debug_line    0x00008356      0x958 ./Core/Src/tim.o
 .debug_line    0x00008cae       0x78 ./Core/Startup/startup_stm32f103c8tx.o
 .debug_line    0x00008d26      0xaf5 ./Drivers/STM32F1xx_HAL_Driver/Src/stm32f1xx_hal.o
 .debug_line    0x0000981b      0xcdb ./Drivers/STM32F1xx_HAL_Driver/Src/stm32f1xx_hal_cortex.o
 .debug_line    0x0000a4f6      0xe12 ./Drivers/STM32F1xx_HAL_Driver/Src/stm32f1xx_hal_gpio.o
 .debug_line    0x0000b308     0x13cc ./Drivers/STM32F1xx_HAL_Driver/Src/stm32f1xx_hal_rcc.o
 .debug_line    0x0000c6d4     0x63bd ./Drivers/STM32F1xx_HAL_Driver/Src/stm32f1xx_hal_tim.o
 .debug_line    0x00012a91     0x1dc2 ./Drivers/STM32F1xx_HAL_Driver/Src/stm32f1xx_hal_tim_ex.o

.debug_str      0x00000000    0x8a0d2
 .debug_str     0x00000000    0x8a0d2 ./Core/Src/Lcd/Fonts/font_MY_BIG.o
                               0x3def (size before relaxing)
 .debug_str     0x0008a0d2    0x8283a ./Core/Src/Lcd/ili9488.o
 .debug_str     0x0008a0d2    0x85e41 ./Core/Src/Lcd/lcd_io_spi.o
 .debug_str     0x0008a0d2     0x471e ./Core/Src/Lcd/stm32_adafruit_lcd.o
 .debug_str     0x0008a0d2    0x81e73 ./Core/Src/gpio.o
 .debug_str     0x0008a0d2    0x85d7c ./Core/Src/main.o
 .debug_str     0x0008a0d2    0x81b30 ./Core/Src/stm32f1xx_hal_msp.o
 .debug_str     0x0008a0d2    0x82118 ./Core/Src/stm32f1xx_it.o
 .debug_str     0x0008a0d2    0x81b48 ./Core/Src/system_stm32f1xx.o
 .debug_str     0x0008a0d2    0x821bb ./Core/Src/tim.o
 .debug_str     0x0008a0d2       0x72 ./Core/Startup/startup_stm32f103c8tx.o
 .debug_str     0x0008a0d2    0x8227b ./Drivers/STM32F1xx_HAL_Driver/Src/stm32f1xx_hal.o
 .debug_str     0x0008a0d2    0x821c7 ./Drivers/STM32F1xx_HAL_Driver/Src/stm32f1xx_hal_cortex.o
 .debug_str     0x0008a0d2    0x81ece ./Drivers/STM32F1xx_HAL_Driver/Src/stm32f1xx_hal_gpio.o
 .debug_str     0x0008a0d2    0x81f77 ./Drivers/STM32F1xx_HAL_Driver/Src/stm32f1xx_hal_rcc.o
 .debug_str     0x0008a0d2    0x82f79 ./Drivers/STM32F1xx_HAL_Driver/Src/stm32f1xx_hal_tim.o
 .debug_str     0x0008a0d2    0x82785 ./Drivers/STM32F1xx_HAL_Driver/Src/stm32f1xx_hal_tim_ex.o

.comment        0x00000000       0x43
 .comment       0x00000000       0x43 ./Core/Src/Lcd/Fonts/font_MY_BIG.o
                                 0x44 (size before relaxing)
 .comment       0x00000043       0x44 ./Core/Src/Lcd/ili9488.o
 .comment       0x00000043       0x44 ./Core/Src/Lcd/lcd_io_spi.o
 .comment       0x00000043       0x44 ./Core/Src/Lcd/stm32_adafruit_lcd.o
 .comment       0x00000043       0x44 ./Core/Src/gpio.o
 .comment       0x00000043       0x44 ./Core/Src/main.o
 .comment       0x00000043       0x44 ./Core/Src/stm32f1xx_hal_msp.o
 .comment       0x00000043       0x44 ./Core/Src/stm32f1xx_it.o
 .comment       0x00000043       0x44 ./Core/Src/system_stm32f1xx.o
 .comment       0x00000043       0x44 ./Core/Src/tim.o
 .comment       0x00000043       0x44 ./Drivers/STM32F1xx_HAL_Driver/Src/stm32f1xx_hal.o
 .comment       0x00000043       0x44 ./Drivers/STM32F1xx_HAL_Driver/Src/stm32f1xx_hal_cortex.o
 .comment       0x00000043       0x44 ./Drivers/STM32F1xx_HAL_Driver/Src/stm32f1xx_hal_gpio.o
 .comment       0x00000043       0x44 ./Drivers/STM32F1xx_HAL_Driver/Src/stm32f1xx_hal_rcc.o
 .comment       0x00000043       0x44 ./Drivers/STM32F1xx_HAL_Driver/Src/stm32f1xx_hal_tim.o
 .comment       0x00000043       0x44 ./Drivers/STM32F1xx_HAL_Driver/Src/stm32f1xx_hal_tim_ex.o

.debug_loclists
                0x00000000     0xbb8b
 .debug_loclists
                0x00000000      0x845 ./Core/Src/Lcd/ili9488.o
 .debug_loclists
                0x00000845      0x94c ./Core/Src/Lcd/lcd_io_spi.o
 .debug_loclists
                0x00001191     0x351e ./Core/Src/Lcd/stm32_adafruit_lcd.o
 .debug_loclists
                0x000046af       0x96 ./Core/Src/main.o
 .debug_loclists
                0x00004745       0x17 ./Core/Src/stm32f1xx_hal_msp.o
 .debug_loclists
                0x0000475c       0x9f ./Core/Src/system_stm32f1xx.o
 .debug_loclists
                0x000047fb       0x47 ./Core/Src/tim.o
 .debug_loclists
                0x00004842       0xf4 ./Drivers/STM32F1xx_HAL_Driver/Src/stm32f1xx_hal.o
 .debug_loclists
                0x00004936      0x587 ./Drivers/STM32F1xx_HAL_Driver/Src/stm32f1xx_hal_cortex.o
 .debug_loclists
                0x00004ebd      0x53b ./Drivers/STM32F1xx_HAL_Driver/Src/stm32f1xx_hal_gpio.o
 .debug_loclists
                0x000053f8      0x492 ./Drivers/STM32F1xx_HAL_Driver/Src/stm32f1xx_hal_rcc.o
 .debug_loclists
                0x0000588a     0x524d ./Drivers/STM32F1xx_HAL_Driver/Src/stm32f1xx_hal_tim.o
 .debug_loclists
                0x0000aad7     0x10b4 ./Drivers/STM32F1xx_HAL_Driver/Src/stm32f1xx_hal_tim_ex.o

.debug_rnglists
                0x00000000     0x15c9
 .debug_rnglists
                0x00000000       0xc4 ./Core/Src/Lcd/ili9488.o
 .debug_rnglists
                0x000000c4      0x242 ./Core/Src/Lcd/lcd_io_spi.o
 .debug_rnglists
                0x00000306      0x64f ./Core/Src/Lcd/stm32_adafruit_lcd.o
 .debug_rnglists
                0x00000955       0x41 ./Core/Src/gpio.o
 .debug_rnglists
                0x00000996       0x49 ./Core/Src/main.o
 .debug_rnglists
                0x000009df       0x2e ./Core/Src/stm32f1xx_hal_msp.o
 .debug_rnglists
                0x00000a0d       0x6f ./Core/Src/stm32f1xx_it.o
 .debug_rnglists
                0x00000a7c       0x19 ./Core/Src/system_stm32f1xx.o
 .debug_rnglists
                0x00000a95       0x68 ./Core/Src/tim.o
 .debug_rnglists
                0x00000afd       0x19 ./Core/Startup/startup_stm32f103c8tx.o
 .debug_rnglists
                0x00000b16       0xa3 ./Drivers/STM32F1xx_HAL_Driver/Src/stm32f1xx_hal.o
 .debug_rnglists
                0x00000bb9       0xdf ./Drivers/STM32F1xx_HAL_Driver/Src/stm32f1xx_hal_cortex.o
 .debug_rnglists
                0x00000c98       0x66 ./Drivers/STM32F1xx_HAL_Driver/Src/stm32f1xx_hal_gpio.o
 .debug_rnglists
                0x00000cfe       0xcc ./Drivers/STM32F1xx_HAL_Driver/Src/stm32f1xx_hal_rcc.o
 .debug_rnglists
                0x00000dca      0x652 ./Drivers/STM32F1xx_HAL_Driver/Src/stm32f1xx_hal_tim.o
 .debug_rnglists
                0x0000141c      0x1ad ./Drivers/STM32F1xx_HAL_Driver/Src/stm32f1xx_hal_tim_ex.o

.debug_frame    0x00000000     0x2298
 .debug_frame   0x00000000      0x254 ./Core/Src/Lcd/ili9488.o
 .debug_frame   0x00000254      0x2dc ./Core/Src/Lcd/lcd_io_spi.o
 .debug_frame   0x00000530      0x4b8 ./Core/Src/Lcd/stm32_adafruit_lcd.o
 .debug_frame   0x000009e8       0x38 ./Core/Src/gpio.o
 .debug_frame   0x00000a20       0xc0 ./Core/Src/main.o
 .debug_frame   0x00000ae0       0x28 ./Core/Src/stm32f1xx_hal_msp.o
 .debug_frame   0x00000b08      0x16c ./Core/Src/stm32f1xx_it.o
 .debug_frame   0x00000c74       0x30 ./Core/Src/system_stm32f1xx.o
 .debug_frame   0x00000ca4       0x88 ./Core/Src/tim.o
 .debug_frame   0x00000d2c      0x1d4 ./Drivers/STM32F1xx_HAL_Driver/Src/stm32f1xx_hal.o
 .debug_frame   0x00000f00      0x128 ./Drivers/STM32F1xx_HAL_Driver/Src/stm32f1xx_hal_cortex.o
 .debug_frame   0x00001028       0xec ./Drivers/STM32F1xx_HAL_Driver/Src/stm32f1xx_hal_gpio.o
 .debug_frame   0x00001114      0x17c ./Drivers/STM32F1xx_HAL_Driver/Src/stm32f1xx_hal_rcc.o
 .debug_frame   0x00001290      0xb68 ./Drivers/STM32F1xx_HAL_Driver/Src/stm32f1xx_hal_tim.o
 .debug_frame   0x00001df8      0x474 ./Drivers/STM32F1xx_HAL_Driver/Src/stm32f1xx_hal_tim_ex.o
 .debug_frame   0x0000226c       0x2c D:/ALX/PROGRAMMS Cube IDE/STM32CubeIDE_1.19.0/STM32CubeIDE/plugins/com.st.stm32cube.ide.mcu.externaltools.gnu-tools-for-stm32.13.3.rel1.win32_1.0.0.202411081344/tools/bin/../lib/gcc/arm-none-eabi/13.3.1/../../../../arm-none-eabi/lib/thumb/v7-m/nofp\libc_nano.a(libc_a-init.o)

.debug_line_str
                0x00000000       0x56
 .debug_line_str
                0x00000000       0x56 ./Core/Startup/startup_stm32f103c8tx.o
