D:/ALX/PROGRAMMS Cube IDE/Keyboard_Frec/Core/Src/stm32f1xx_it.c:69:6:NMI_Handler	4	static
D:/ALX/PROGRAMMS Cube IDE/Keyboard_Frec/Core/Src/stm32f1xx_it.c:84:6:HardFault_Handler	4	static
D:/ALX/PROGRAMMS Cube IDE/Keyboard_Frec/Core/Src/stm32f1xx_it.c:99:6:MemManage_Handler	4	static
D:/ALX/PROGRAMMS Cube IDE/Keyboard_Frec/Core/Src/stm32f1xx_it.c:114:6:BusFault_Handler	4	static
D:/ALX/PROGRAMMS Cube IDE/Keyboard_Frec/Core/Src/stm32f1xx_it.c:129:6:UsageFault_Handler	4	static
D:/ALX/PROGRAMMS Cube IDE/Keyboard_Frec/Core/Src/stm32f1xx_it.c:144:6:SVC_Handler	4	static
D:/ALX/PROGRAMMS Cube IDE/Keyboard_Frec/Core/Src/stm32f1xx_it.c:157:6:DebugMon_Handler	4	static
D:/ALX/PROGRAMMS Cube IDE/Keyboard_Frec/Core/Src/stm32f1xx_it.c:170:6:PendSV_Handler	4	static
D:/ALX/PROGRAMMS Cube IDE/Keyboard_Frec/Core/Src/stm32f1xx_it.c:183:6:SysTick_Handler	8	static
D:/ALX/PROGRAMMS Cube IDE/Keyboard_Frec/Core/Src/stm32f1xx_it.c:204:6:EXTI1_IRQHandler	8	static
D:/ALX/PROGRAMMS Cube IDE/Keyboard_Frec/Core/Src/stm32f1xx_it.c:228:6:EXTI2_IRQHandler	8	static
D:/ALX/PROGRAMMS Cube IDE/Keyboard_Frec/Core/Src/stm32f1xx_it.c:242:6:EXTI3_IRQHandler	8	static
D:/ALX/PROGRAMMS Cube IDE/Keyboard_Frec/Core/Src/stm32f1xx_it.c:256:6:EXTI4_IRQHandler	8	static
D:/ALX/PROGRAMMS Cube IDE/Keyboard_Frec/Core/Src/stm32f1xx_it.c:270:6:EXTI9_5_IRQHandler	8	static
